Component: ARM Compiler 6.9 Tool: armlink [5ced1b00]

==============================================================================

Section Cross References

    startup_stm32g070xx.o(STACK) refers (Special) to heapauxi.o(.text) for __use_two_region_memory
    startup_stm32g070xx.o(HEAP) refers (Special) to heapauxi.o(.text) for __use_two_region_memory
    startup_stm32g070xx.o(RESET) refers (Special) to heapauxi.o(.text) for __use_two_region_memory
    startup_stm32g070xx.o(RESET) refers to startup_stm32g070xx.o(STACK) for __initial_sp
    startup_stm32g070xx.o(RESET) refers to startup_stm32g070xx.o(.text) for Reset_Handler
    startup_stm32g070xx.o(RESET) refers to system.o(.text.WWDG_IRQHandler) for WWDG_IRQHandler
    startup_stm32g070xx.o(RESET) refers to system.o(.text.RTC_TAMP_IRQHandler) for RTC_TAMP_IRQHandler
    startup_stm32g070xx.o(RESET) refers to main.o(.text.EXTI4_15_IRQHandler) for EXTI4_15_IRQHandler
    startup_stm32g070xx.o(RESET) refers to spi sx1280.o(.text.DMA1_Ch4_7_DMAMUX1_OVR_IRQHandler) for DMA1_Ch4_7_DMAMUX1_OVR_IRQHandler
    startup_stm32g070xx.o(RESET) refers to npt timer.o(.text.TIM1_CC_IRQHandler) for TIM1_CC_IRQHandler
    startup_stm32g070xx.o(RESET) refers to npt timer.o(.text.TIM3_IRQHandler) for TIM3_IRQHandler
    startup_stm32g070xx.o(RESET) refers to system.o(.text.TIM6_IRQHandler) for TIM6_IRQHandler
    startup_stm32g070xx.o(RESET) refers to npt timer.o(.text.TIM15_IRQHandler) for TIM15_IRQHandler
    startup_stm32g070xx.o(RESET) refers to npt timer.o(.text.TIM16_IRQHandler) for TIM16_IRQHandler
    startup_stm32g070xx.o(RESET) refers to lnk timer.o(.text.TIM17_IRQHandler) for TIM17_IRQHandler
    startup_stm32g070xx.o(RESET) refers to usart new port.o(.text.USART1_IRQHandler) for USART1_IRQHandler
    startup_stm32g070xx.o(RESET) refers to usart new port.o(.text.USART2_IRQHandler) for USART2_IRQHandler
    startup_stm32g070xx.o(RESET) refers to usart new port.o(.text.USART3_4_IRQHandler) for USART3_4_IRQHandler
    startup_stm32g070xx.o(.text) refers (Special) to heapauxi.o(.text) for __use_two_region_memory
    startup_stm32g070xx.o(.text) refers to system.o(.text.SystemInit) for SystemInit
    startup_stm32g070xx.o(.text) refers to __main.o(!!!main) for __main
    startup_stm32g070xx.o(.text) refers to startup_stm32g070xx.o(HEAP) for Heap_Mem
    startup_stm32g070xx.o(.text) refers to startup_stm32g070xx.o(STACK) for Stack_Mem
    adc.o(.text.ADC_MsIRQHandler) refers to adc.o(.bss.ADC_Initialized) for [Anonymous Symbol]
    adc.o(.text.ADC_MsIRQHandler) refers to adc.o(.bss.ADC_SampleNb) for [Anonymous Symbol]
    adc.o(.text.ADC_MsIRQHandler) refers to adc.o(.bss.ADC_ChannelNb) for [Anonymous Symbol]
    adc.o(.text.ADC_MsIRQHandler) refers to adc.o(.bss.ADC_ChannelsSumValue) for [Anonymous Symbol]
    adc.o(.text.ADC_MsIRQHandler) refers to adc.o(.bss.ADC_ChannelsValue) for [Anonymous Symbol]
    adc.o(.ARM.exidx.text.ADC_MsIRQHandler) refers to adc.o(.text.ADC_MsIRQHandler) for [Anonymous Symbol]
    adc.o(.text.ADC_GetInternalVoltage) refers to adc.o(.bss.ADC_ChannelsValue) for [Anonymous Symbol]
    adc.o(.text.ADC_GetInternalVoltage) refers to main.o(.bss.LNK_FactoryConfig) for LNK_FactoryConfig
    adc.o(.text.ADC_GetInternalVoltage) refers to main.o(.bss.APP_Config) for APP_Config
    adc.o(.ARM.exidx.text.ADC_GetInternalVoltage) refers to adc.o(.text.ADC_GetInternalVoltage) for [Anonymous Symbol]
    adc.o(.text.ADC_GetExternalVoltage) refers to adc.o(.bss.ADC_ChannelsValue) for [Anonymous Symbol]
    adc.o(.text.ADC_GetExternalVoltage) refers to main.o(.bss.LNK_FactoryConfig) for LNK_FactoryConfig
    adc.o(.text.ADC_GetExternalVoltage) refers to main.o(.bss.APP_Config) for APP_Config
    adc.o(.ARM.exidx.text.ADC_GetExternalVoltage) refers to adc.o(.text.ADC_GetExternalVoltage) for [Anonymous Symbol]
    adc.o(.text.ADC_Init) refers to system.o(.text.SYS_DelayUs) for SYS_DelayUs
    adc.o(.text.ADC_Init) refers to adc.o(.bss.ADC_SampleNb) for [Anonymous Symbol]
    adc.o(.text.ADC_Init) refers to adc.o(.bss.ADC_ChannelNb) for [Anonymous Symbol]
    adc.o(.text.ADC_Init) refers to adc.o(.bss.ADC_Initialized) for [Anonymous Symbol]
    adc.o(.ARM.exidx.text.ADC_Init) refers to adc.o(.text.ADC_Init) for [Anonymous Symbol]
    eeprom.o(.ARM.exidx.text.EEPROM_Init) refers to eeprom.o(.text.EEPROM_Init) for [Anonymous Symbol]
    eeprom.o(.text.EEPROM_Read) refers to i2c.o(.text.I2C_Write) for I2C_Write
    eeprom.o(.text.EEPROM_Read) refers to i2c.o(.text.I2C_Read) for I2C_Read
    eeprom.o(.ARM.exidx.text.EEPROM_Read) refers to eeprom.o(.text.EEPROM_Read) for [Anonymous Symbol]
    eeprom.o(.text.EEPROM_Write) refers to memcpy.o(.text) for memcpy
    eeprom.o(.text.EEPROM_Write) refers to i2c.o(.text.I2C_Write) for I2C_Write
    eeprom.o(.text.EEPROM_Write) refers to i2c.o(.text.I2C_Read) for I2C_Read
    eeprom.o(.ARM.exidx.text.EEPROM_Write) refers to eeprom.o(.text.EEPROM_Write) for [Anonymous Symbol]
[...]
    SYS_QueueLowPriorityIRQCallback          0x08012439   Thumb Code    48  afhds3 queue low priority irq library.o(.text.SYS_QueueLowPriorityIRQCallback)
    SYS_QueueLowPriorityIRQCallbackLast      0x08012465   Thumb Code    48  afhds3 queue low priority irq library.o(.text.SYS_QueueLowPriorityIRQCallbackLast)
    SYS_QueueMediumPriorityIRQCallback       0x08012495   Thumb Code    48  afhds3 queue medium priority irq library.o(.text.SYS_QueueMediumPriorityIRQCallback)
    SYS_QueueMediumPriorityIRQCallbackLast   0x080124c1   Thumb Code    56  afhds3 queue medium priority irq library.o(.text.SYS_QueueMediumPriorityIRQCallbackLast)
    SYS_ResetToBootloader                    0x080124f9   Thumb Code    28  system.o(.text.SYS_ResetToBootloader)
    SYS_TriggerLowPriorityCallback           0x08012515   Thumb Code    10  system.o(.text.SYS_TriggerLowPriorityCallback)
    SYS_TriggerMediumPriorityCallback        0x0801251f   Thumb Code    10  system.o(.text.SYS_TriggerMediumPriorityCallback)
    SystemInit                               0x08012529   Thumb Code     2  system.o(.text.SystemInit)
    TIM15_IRQHandler                         0x0801252d   Thumb Code   160  npt timer.o(.text.TIM15_IRQHandler)
    TIM16_IRQHandler                         0x080125c1   Thumb Code    92  npt timer.o(.text.TIM16_IRQHandler)
    TIM17_IRQHandler                         0x08012611   Thumb Code    56  lnk timer.o(.text.TIM17_IRQHandler)
    TIM1_CC_IRQHandler                       0x08012649   Thumb Code   228  npt timer.o(.text.TIM1_CC_IRQHandler)
    TIM3_IRQHandler                          0x08012721   Thumb Code   164  npt timer.o(.text.TIM3_IRQHandler)
    TIM6_IRQHandler                          0x080127c5   Thumb Code    72  system.o(.text.TIM6_IRQHandler)
    TRA_Bind                                 0x08012809   Thumb Code    68  tra afhds3.o(.text.TRA_Bind)
    TRA_Factory                              0x08012965   Thumb Code    32  tra afhds3.o(.text.TRA_Factory)
    TRA_GetRFCycleTime                       0x08012981   Thumb Code    28  tra afhds3.o(.text.TRA_GetRFCycleTime)
    TRA_Idle                                 0x08012a01   Thumb Code    28  tra afhds3.o(.text.TRA_Idle)
    TRA_Init                                 0x08012a19   Thumb Code    20  tra afhds3.o(.text.TRA_Init)
    TRA_IsWSIdle                             0x08012a29   Thumb Code    84  tra afhds3.o(.text.TRA_IsWSIdle)
    TRA_Run                                  0x08012b79   Thumb Code    24  tra afhds3.o(.text.TRA_Run)
    TRA_SendWSData                           0x08012c79   Thumb Code   264  tra afhds3.o(.text.TRA_SendWSData)
    TRA_SetAntenna                           0x08012da9   Thumb Code     8  tra afhds3.o(.text.TRA_SetAntenna)
    TRA_Stop                                 0x08012db1   Thumb Code     8  tra afhds3.o(.text.TRA_Stop)
    TRA_Test                                 0x08012db9   Thumb Code    32  tra afhds3.o(.text.TRA_Test)
    USART1_IRQHandler                        0x08012fd9   Thumb Code    40  usart new port.o(.text.USART1_IRQHandler)
    USART2_IRQHandler                        0x08013001   Thumb Code    40  usart new port.o(.text.USART2_IRQHandler)
    USART3_4_IRQHandler                      0x08013029   Thumb Code   104  usart new port.o(.text.USART3_4_IRQHandler)
    USART_NPT_Deinit                         0x080130e1   Thumb Code   188  usart new port.o(.text.USART_NPT_Deinit)
    USART_NPT_GetNbReceivedBytes             0x08013199   Thumb Code    28  usart new port.o(.text.USART_NPT_GetNbReceivedBytes)
    USART_NPT_Init                           0x080131b1   Thumb Code   728  usart new port.o(.text.USART_NPT_Init)
    USART_NPT_ReceiveSetup                   0x08013485   Thumb Code   192  usart new port.o(.text.USART_NPT_ReceiveSetup)
    USART_NPT_ReceiveStart                   0x08013531   Thumb Code    72  usart new port.o(.text.USART_NPT_ReceiveStart)
    USART_NPT_ReceiveStop                    0x08013579   Thumb Code    28  usart new port.o(.text.USART_NPT_ReceiveStop)
    USART_NPT_TransmitSetup                  0x08013595   Thumb Code   172  usart new port.o(.text.USART_NPT_TransmitSetup)
    USART_NPT_TransmitStart                  0x0801363d   Thumb Code    32  usart new port.o(.text.USART_NPT_TransmitStart)
    WS_Deinit                                0x08013715   Thumb Code    40  npt ws.o(.text.WS_Deinit)
    WS_Init                                  0x08013739   Thumb Code   104  npt ws.o(.text.WS_Init)
    WS_MsIRQHandler                          0x08013799   Thumb Code    44  npt ws.o(.text.WS_MsIRQHandler)
    WS_SendData                              0x080137c1   Thumb Code   156  npt ws.o(.text.WS_SendData)
    WS_SetUSARTConfig                        0x08013851   Thumb Code    52  npt ws.o(.text.WS_SetUSARTConfig)
    WWDG_IRQHandler                          0x080138dd   Thumb Code    24  system.o(.text.WWDG_IRQHandler)
    main                                     0x08013ac9   Thumb Code   488  main.o(.text.main)
    __aeabi_uidiv                            0x08013cb1   Thumb Code    68  aeabi_sdivfast.o(.text_divfast)
    __aeabi_idiv                             0x08013cf5   Thumb Code   426  aeabi_sdivfast.o(.text_divfast)
    IB1D_Description                         0x08013ea1   Data           3  pwm adapter.o(.rodata.IB1D_Description)
    IB1D_NbDevices                           0x08013ea4   Data           1  pwm adapter.o(.rodata.IB1D_NbDevices)
    IB1D_ReceiveTimeoutOffset                0x08013ea8   Data           4  pwm adapter.o(.rodata.IB1D_ReceiveTimeoutOffset)
    IB1D_TransmitTimeDelay                   0x08013eac   Data           4  pwm adapter.o(.rodata.IB1D_TransmitTimeDelay)
    IB1_USARTConfig                          0x08013eb0   Data           3  npt i-bus 1.o(.rodata.IB1_USARTConfig)
    IB2_USARTConfig                          0x08013f1b   Data           3  npt i-bus 2.o(.rodata.IB2_USARTConfig)
    LEDP_InternalError                       0x08013f20   Data           8  led.o(.rodata.LEDP_InternalError)
    LED_Bind                                 0x08013f28   Data           8  led.o(.rodata.LED_Bind)
    LED_Factory                              0x08013f30   Data           8  led.o(.rodata.LED_Factory)
    LED_PWMA_Configured                      0x08013f38   Data           8  led.o(.rodata.LED_PWMA_Configured)
    LED_PWMA_NoSignal                        0x08013f40   Data           8  led.o(.rodata.LED_PWMA_NoSignal)
    LED_Synchronized                         0x08013f48   Data           8  led.o(.rodata.LED_Synchronized)
    LED_Synchronizing                        0x08013f50   Data           8  led.o(.rodata.LED_Synchronizing)
    LED_Test                                 0x08013f58   Data           8  led.o(.rodata.LED_Test)
    USART_NPT_ReceiveTimeDelay               0x08014668   Data           1  usart new port.o(.rodata.USART_NPT_ReceiveTimeDelay)
    USART_NPT_TransmitCompleteTimeDelay      0x08014669   Data           1  usart new port.o(.rodata.USART_NPT_TransmitCompleteTimeDelay)
    USART_NPT_TransmitTimeDelay              0x0801466a   Data           1  usart new port.o(.rodata.USART_NPT_TransmitTimeDelay)
    __libspace_start                         0x20000228   Data          96  libspace.o(.bss)
    __temporary_stack_top$libspace           0x20000288   Data           0  libspace.o(.bss)
    NPT_ChannelsSet                          0x20000445   Data           1  new port.o(.bss..L_MergedGlobals)
    NPT_DeinitializationInProgress           0x20000446   Data           1  new port.o(.bss..L_MergedGlobals)
    pNPT_InitStruct                          0x20000448   Data           4  new port.o(.bss..L_MergedGlobals)
    NPT_ChannelsUs                           0x20000450   Data          64  new port.o(.bss..L_MergedGlobals)
    IB1_DeinitializationInProgress           0x20000491   Data           1  npt i-bus 1.o(.bss..L_MergedGlobals)
    IB2_DeinitializationInProgress           0x20000493   Data           1  npt i-bus 2.o(.bss..L_MergedGlobals)
    SB_DeinitializationInProgress            0x2000049f   Data           1  npt s-bus.o(.bss..L_MergedGlobals)
    PPM_DeinitializationInProgress           0x200004d4   Data           1  npt ppm.o(.bss..L_MergedGlobals)
    PWM_DeinitializationInProgress           0x20000500   Data           1  npt pwm.o(.bss..L_MergedGlobals)
    APP_Channels1                            0x200005d2   Data          64  main.o(.bss.APP_Channels1)
    APP_Channels2                            0x20000612   Data          64  main.o(.bss.APP_Channels2)
    APP_ChannelsPacked1                      0x20000652   Data          32  main.o(.bss.APP_ChannelsPacked1)
    APP_Config                               0x20000694   Data         264  main.o(.bss.APP_Config)
    APP_ConfigChanged                        0x2000079c   Data           1  main.o(.bss.APP_ConfigChanged)
    APP_PWMFrequenciesV1                     0x200007a4   Data          68  main.o(.bss.APP_PWMFrequenciesV1)
    APP_SignalStatus                         0x20000844   Data           1  main.o(.bss.APP_SignalStatus)
    APP_UsedFailsafe                         0x2000084e   Data          64  main.o(.bss.APP_UsedFailsafe)
    APP_UsedFailsafePacked                   0x2000088e   Data          32  main.o(.bss.APP_UsedFailsafePacked)
    IB_ModeVars                              0x200008b0   Data        1500  npt i-bus common.o(.bss.IB_ModeVars)
    LNK_FactoryConfig                        0x20000f1c   Data          16  main.o(.bss.LNK_FactoryConfig)
    SYS_InLowPriorityCallback                0x200014a2   Data           1  system.o(.bss.SYS_InLowPriorityCallback)
    SYS_SysTickMs                            0x200015a4   Data           4  system.o(.bss.SYS_SysTickMs)



==============================================================================

Memory Map of the image

  Image Entry point : 0x080060b9

  Load Region LR_IROM1 (Base: 0x08006000, Size: 0x000002e0, Max: 0x00000f80, ABSOLUTE, COMPRESSED[0x00000220])

    Execution Region ER_IROM1 (Exec base: 0x08006000, Load base: 0x08006000, Size: 0x00000138, Max: 0x00000f80, ABSOLUTE)

    Exec Addr    Load Addr    Size         Type   Attr      Idx    E Section Name        Object

    0x08006000   0x08006000   0x000000b8   Data   RO            3    RESET               startup_stm32g070xx.o
    0x080060b8   0x080060b8   0x00000008   Code   RO         1121  * !!!main             c_p.l(__main.o)
    0x080060c0   0x080060c0   0x0000003c   Code   RO         1298    !!!scatter          c_p.l(__scatter.o)
    0x080060fc   0x080060fc   0x0000001c   Code   RO         1300    !!handler_zi        c_p.l(__scatter_zi.o)
    0x08006118   0x08006118   0x00000020   Data   RO         1294    Region$$Table       anon$$obj.o


    Execution Region RW_IRAM1 (Exec base: 0x20000080, Load base: 0x08006138, Size: 0x00001cb0, Max: 0x00008f80, ABSOLUTE, COMPRESSED[0x000000e8])

    Exec Addr    Load Addr    Size         Type   Attr      Idx    E Section Name        Object

    0x20000080   COMPRESSED   0x00000044   Data   RW          271    .data.APP_NPT_InitStructPWM  main.o
    0x200000c4   COMPRESSED   0x00000044   Data   RW          266    .data.APP_NPT_InitStructRF  main.o
    0x20000108   COMPRESSED   0x00000003   Data   RW          673    .data.PHY_SX1280_Cmd_SetTXParams  AFHDS3 SX1280 receiver V1 M0+ release.lib(phy sx1280.o)
    0x2000010b   COMPRESSED   0x00000001   PAD
    0x2000010c   COMPRESSED   0x0000000c   Data   RW          257    .data.SES_FactoryApp  main.o
    0x20000118   COMPRESSED   0x00000020   Data   RW          246    .data.SES_InitStruct  main.o
    0x20000138   COMPRESSED   0x00000034   Data   RW          255    .data.SES_RunStruct  main.o
    0x2000016c   COMPRESSED   0x00000014   Data   RW          792    .data.SES_TransportRunUp  AFHDS3 SX1280 receiver V1 M0+ release.lib(ses afhds3.o)
    0x20000180   COMPRESSED   0x00000004   Data   RW          946    .data.SYS_RandomNumberSeed  AFHDS3 simple random number library M0+ release.lib(afhds3 simple random number library.o)
    0x20000184   COMPRESSED   0x00000010   Data   RW          992    .data.TRA_LinkRunUp  AFHDS3 SX1280 receiver V1 M0+ release.lib(tra afhds3.o)
    0x20000194   COMPRESSED   0x00000010   Data   RW          260    .data.TRA_RunApp    main.o
    0x200001a4   COMPRESSED   0x00000080   Data   RW          538    .data.USART_NPT_PortsVars  usart new port.o
    0x20000224   COMPRESSED   0x00000004   PAD
    0x20000228        -       0x00000060   Zero   RW         1161    .bss                c_p.l(libspace.o)
    0x20000288        -       0x00000064   Zero   RW          585    .bss..L_MergedGlobals  AFHDS3 queue low priority IRQ library 8Q4Q M0+ release.lib(afhds3 queue low priority irq library.o)
    0x200002ec        -       0x00000044   Zero   RW          595    .bss..L_MergedGlobals  AFHDS3 queue medium priority IRQ library 8Q32Q M0+ release.lib(afhds3 queue medium priority irq library.o)
    0x20000330        -       0x00000060   Zero   RW          674    .bss..L_MergedGlobals  AFHDS3 SX1280 receiver V1 M0+ release.lib(phy sx1280.o)
    0x20000390        -       0x00000008   Zero   RW          736    .bss..L_MergedGlobals  AFHDS3 SX1280 receiver V1 M0+ release.lib(lnk afhds3 receiver.o)
    0x20000398        -       0x00000008   Zero   RW          793    .bss..L_MergedGlobals  AFHDS3 SX1280 receiver V1 M0+ release.lib(ses afhds3.o)
    0x200003a0        -       0x00000050   Zero   RW          804    .bss..L_MergedGlobals  i-Bus 1 device library M0+ release.lib(i-bus 1 device library.o)
    0x200003f0        -       0x0000004a   Zero   RW          828    .bss..L_MergedGlobals  i-Bus 2 device library M0+ release.lib(i-bus 2 device library.o)
    0x2000043a   COMPRESSED   0x00000002   PAD
    0x2000043c        -       0x00000054   Zero   RW          849    .bss..L_MergedGlobals  New Port 8 channels 4 ports M0+ release.lib(new port.o)
    0x20000490        -       0x00000002   Zero   RW          889    .bss..L_MergedGlobals  New Port 8 channels 4 ports M0+ release.lib(npt i-bus 1.o)
    0x20000492        -       0x00000002   Zero   RW          933    .bss..L_MergedGlobals  New Port 8 channels 4 ports M0+ release.lib(npt i-bus 2.o)
    0x20000494        -       0x00000008   Zero   RW          993    .bss..L_MergedGlobals  AFHDS3 SX1280 receiver V1 M0+ release.lib(tra afhds3.o)
    0x2000049c        -       0x00000002   Zero   RW         1001    .bss..L_MergedGlobals  New Port 8 channels 4 ports M0+ release.lib(npt i-bus common.o)
    0x2000049e        -       0x0000001e   Zero   RW         1023    .bss..L_MergedGlobals  New Port 8 channels 4 ports M0+ release.lib(npt s-bus.o)
    0x200004bc        -       0x00000014   Zero   RW         1048    .bss..L_MergedGlobals  New Port 8 channels 4 ports M0+ release.lib(npt ws.o)
    0x200004d0        -       0x00000030   Zero   RW         1067    .bss..L_MergedGlobals  New Port 8 channels 4 ports M0+ release.lib(npt ppm.o)
    0x20000500        -       0x00000058   Zero   RW         1089    .bss..L_MergedGlobals  New Port 8 channels 4 ports M0+ release.lib(npt pwm.o)
    0x20000558        -       0x00000062   Zero   RW          675    .bss..L_MergedGlobals.1  AFHDS3 SX1280 receiver V1 M0+ release.lib(phy sx1280.o)
    0x200005ba        -       0x00000001   Zero   RW           22    .bss.ADC_ChannelNb  adc.o
    0x200005bb   COMPRESSED   0x00000001   PAD
    0x200005bc        -       0x00000008   Zero   RW           21    .bss.ADC_ChannelsSumValue  adc.o
    0x200005c4        -       0x00000008   Zero   RW           23    .bss.ADC_ChannelsValue  adc.o
    0x200005cc        -       0x00000001   Zero   RW           19    .bss.ADC_Initialized  adc.o
    0x200005cd        -       0x00000001   Zero   RW           20    .bss.ADC_SampleNb   adc.o
    0x200005ce        -       0x00000001   Zero   RW          243    .bss.APP_ActivateReceiverRole  main.o
    0x200005cf        -       0x00000001   Zero   RW          253    .bss.APP_BindCommandNb  main.o
    0x200005d0        -       0x00000001   Zero   RW          236    .bss.APP_Binding    main.o
    0x200005d1   COMPRESSED   0x00000001   PAD
    0x200005d2        -       0x00000040   Zero   RW          244    .bss.APP_Channels1  main.o
    0x20000612        -       0x00000040   Zero   RW          245    .bss.APP_Channels2  main.o
    0x20000652        -       0x00000020   Zero   RW          249    .bss.APP_ChannelsPacked1  main.o
    0x20000672        -       0x00000020   Zero   RW          259    .bss.APP_ChannelsPacked2  main.o
    0x20000692        -       0x00000001   Zero   RW          237    .bss.APP_ChannelsReceived  main.o
    0x20000693   COMPRESSED   0x00000001   PAD
    0x20000694        -       0x00000108   Zero   RW          234    .bss.APP_Config     main.o
    0x2000079c        -       0x00000001   Zero   RW          241    .bss.APP_ConfigChanged  main.o
    0x2000079d        -       0x00000004   Zero   RW          262    .bss.APP_NewPortTypes  main.o
    0x200007a1   COMPRESSED   0x00000003   PAD
    0x200007a4        -       0x00000044   Zero   RW          235    .bss.APP_PWMFrequenciesV1  main.o
    0x200007e8        -       0x00000050   Zero   RW          263    .bss.APP_SESCommand  main.o
    0x20000838        -       0x00000001   Zero   RW          248    .bss.APP_SecondChannelsSetActive  main.o
    0x20000839   COMPRESSED   0x00000003   PAD
    0x2000083c        -       0x00000004   Zero   RW          238    .bss.APP_SetChannelsCallbackTimeMs  main.o
    0x20000840        -       0x00000004   Zero   RW          269    .bss.APP_SetChannelsMaxTime  main.o
    0x20000844        -       0x00000001   Zero   RW          247    .bss.APP_SignalStatus  main.o
    0x20000845        -       0x00000001   Zero   RW          261    .bss.APP_SwitchNewPortInProgress  main.o
    0x20000846   COMPRESSED   0x00000002   PAD
    0x20000848        -       0x00000004   Zero   RW          240    .bss.APP_TestMs     main.o
    0x2000084c        -       0x00000001   Zero   RW          239    .bss.APP_UpdateFirmware  main.o
    0x2000084d   COMPRESSED   0x00000001   PAD
    0x2000084e        -       0x00000040   Zero   RW          250    .bss.APP_UsedFailsafe  main.o
    0x2000088e        -       0x00000020   Zero   RW          251    .bss.APP_UsedFailsafePacked  main.o
    0x200008ae   COMPRESSED   0x00000002   PAD
    0x200008b0        -       0x000005dc   Zero   RW         1000    .bss.IB_ModeVars    New Port 8 channels 4 ports M0+ release.lib(npt i-bus common.o)
    0x20000e8c        -       0x00000001   Zero   RW          151    .bss.LED_Initialized  led.o
    0x20000e8d   COMPRESSED   0x00000003   PAD
    0x20000e90        -       0x00000004   Zero   RW          152    .bss.LED_MsCounter  led.o
    0x20000e94   COMPRESSED   0x00000004   PAD
    0x20000e98        -       0x00000008   Zero   RW          153    .bss.LED_Pattern    led.o
    0x20000ea0        -       0x00000004   Zero   RW          154    .bss.LED_PatternBitNb  led.o
    0x20000ea4        -       0x00000004   Zero   RW          119    .bss.LNKTIM_RemainingTime  lnk timer.o
    0x20000ea8        -       0x00000004   Zero   RW          121    .bss.LNKTIM_TimerCounter  lnk timer.o
    0x20000eac        -       0x00000004   Zero   RW          122    .bss.LNKTIM_TimerCounterMarker  lnk timer.o
    0x20000eb0        -       0x0000006a   Zero   RW          256    .bss.LNK_BoundConfig1Way  main.o
    0x20000f1a   COMPRESSED   0x00000002   PAD
    0x20000f1c        -       0x00000010   Zero   RW          252    .bss.LNK_FactoryConfig  main.o
    0x20000f2c        -       0x00000001   Zero   RW          242    .bss.LNK_FactoryConfigChanged  main.o
    0x20000f2d   COMPRESSED   0x00000003   PAD
    0x20000f30        -       0x00000200   Zero   RW          732    .bss.LNK_ModeVars   AFHDS3 SX1280 receiver V1 M0+ release.lib(lnk afhds3 receiver.o)
    0x20001130        -       0x00000004   Zero   RW          317    .bss.NPTTIM_AreIRQPrioritiesHigh  npt timer.o
    0x20001134        -       0x00000001   Zero   RW          321    .bss.NPTTIM_Initialized  npt timer.o
    0x20001135        -       0x00000008   Zero   RW          323    .bss.NPTTIM_NextCompareIRQsOutputLevel  npt timer.o
    0x2000113d   COMPRESSED   0x00000003   PAD
    0x20001140        -       0x00000020   Zero   RW          318    .bss.NPTTIM_RemainingTimes  npt timer.o
    0x20001160        -       0x00000020   Zero   RW          322    .bss.NPTTIM_TimerCounters  npt timer.o
    0x20001180        -       0x00000100   Zero   RW          268    .bss.NPT_WSRXBuffer  main.o
    0x20001280        -       0x00000100   Zero   RW          267    .bss.NPT_WSTXBuffer  main.o
    0x20001380        -       0x00000038   Zero   RW          669    .bss.PHY_SX1280_DIO1IRQHandlerRXPacket  AFHDS3 SX1280 receiver V1 M0+ release.lib(phy sx1280.o)
    0x200013b8        -       0x00000014   Zero   RW          421    .bss.PWMA_ChannelsType  pwm adapter.o
    0x200013cc        -       0x00000001   Zero   RW          422    .bss.PWMA_RequiredResources.0  pwm adapter.o
    0x200013cd   COMPRESSED   0x00000003   PAD
    0x200013d0        -       0x000000b4   Zero   RW          791    .bss.SES_ModeVars   AFHDS3 SX1280 receiver V1 M0+ release.lib(ses afhds3.o)
    0x20001484        -       0x0000001c   Zero   RW          264    .bss.SES_TestStruct  main.o
    0x200014a0        -       0x00000001   Zero   RW           65    .bss.SPI_IsTXAndRXDMA  spi sx1280.o
    0x200014a1        -       0x00000001   Zero   RW          472    .bss.SYS_DisableIRQsCounter  system.o
    0x200014a2        -       0x00000001   Zero   RW          471    .bss.SYS_InLowPriorityCallback  system.o
    0x200014a3   COMPRESSED   0x00000001   PAD
    0x200014a4        -       0x00000100   Zero   RW          594    .bss.SYS_MediumPriorityIRQLastStruct  AFHDS3 queue medium priority IRQ library 8Q32Q M0+ release.lib(afhds3 queue medium priority irq library.o)
    0x200015a4        -       0x00000004   Zero   RW          470    .bss.SYS_SysTickMs  system.o
    0x200015a8        -       0x0000024c   Zero   RW          991    .bss.TRA_ModeVars   AFHDS3 SX1280 receiver V1 M0+ release.lib(tra afhds3.o)
    0x200017f4        -       0x00000100   Zero   RW          270    .bss.TRA_WSTXBuffer  main.o
    0x200018f4        -       0x00000004   Zero   RW          540    .bss.USART_NPT_IDLEInterruptsEnabled  usart new port.o
    0x200018f8        -       0x00000004   Zero   RW          537    .bss.USART_NPT_Initialized  usart new port.o
    0x200018fc        -       0x00000001   Zero   RW          541    .bss.USART_NPT_IsUSART3_4IRQPriorityHigh  usart new port.o
    0x200018fd        -       0x00000004   Zero   RW          539    .bss.USART_NPT_Transmitting  usart new port.o
    0x20001901   COMPRESSED   0x00000003   PAD
    0x20001904        -       0x00000004   Zero   RW          120    .bss.pLNKTIM_TimerCompareIRQHandler  lnk timer.o
    0x20001908        -       0x00000020   Zero   RW          319    .bss.pNPTTIM_TimerCompareIRQHandlers  npt timer.o
    0x20001928        -       0x00000004   Zero   RW           66    .bss.pSPI_BusyIRQCallback  spi sx1280.o
    0x2000192c   COMPRESSED   0x00000004   PAD
    0x20001930        -       0x00000000   Zero   RW            2    HEAP                startup_stm32g070xx.o
    0x20001930        -       0x00000400   Zero   RW            1    STACK               startup_stm32g070xx.o



  Load Region LR_IROM2 (Base: 0x08007000, Size: 0x0000d6c4, Max: 0x00019000, ABSOLUTE)

    Execution Region ER_IROM2 (Exec base: 0x08007000, Load base: 0x08007000, Size: 0x0000d6c4, Max: 0x00019000, ABSOLUTE)

    Exec Addr    Load Addr    Size         Type   Attr      Idx    E Section Name        Object

    0x08007000   0x08007000   0x00000002   Code   RO         1159    .ARM.Collect$$libinit$$00000000  c_p.l(libinit.o)
    0x08007002   0x08007002   0x00000000   Code   RO         1173    .ARM.Collect$$libinit$$00000002  c_p.l(libinit2.o)
    0x08007002   0x08007002   0x00000000   Code   RO         1175    .ARM.Collect$$libinit$$00000004  c_p.l(libinit2.o)
    0x08007002   0x08007002   0x00000000   Code   RO         1178    .ARM.Collect$$libinit$$0000000A  c_p.l(libinit2.o)
    0x08007002   0x08007002   0x00000000   Code   RO         1180    .ARM.Collect$$libinit$$0000000C  c_p.l(libinit2.o)
    0x08007002   0x08007002   0x00000000   Code   RO         1182    .ARM.Collect$$libinit$$0000000E  c_p.l(libinit2.o)
    0x08007002   0x08007002   0x00000000   Code   RO         1185    .ARM.Collect$$libinit$$00000011  c_p.l(libinit2.o)
    0x08007002   0x08007002   0x00000000   Code   RO         1187    .ARM.Collect$$libinit$$00000013  c_p.l(libinit2.o)
    0x08007002   0x08007002   0x00000000   Code   RO         1189    .ARM.Collect$$libinit$$00000015  c_p.l(libinit2.o)
    0x08007002   0x08007002   0x00000000   Code   RO         1191    .ARM.Collect$$libinit$$00000017  c_p.l(libinit2.o)
    0x08007002   0x08007002   0x00000000   Code   RO         1193    .ARM.Collect$$libinit$$00000019  c_p.l(libinit2.o)
    0x08007002   0x08007002   0x00000000   Code   RO         1195    .ARM.Collect$$libinit$$0000001B  c_p.l(libinit2.o)
    0x08007002   0x08007002   0x00000000   Code   RO         1197    .ARM.Collect$$libinit$$0000001D  c_p.l(libinit2.o)
    0x08007002   0x08007002   0x00000000   Code   RO         1199    .ARM.Collect$$libinit$$0000001F  c_p.l(libinit2.o)
    0x08007002   0x08007002   0x00000000   Code   RO         1201    .ARM.Collect$$libinit$$00000021  c_p.l(libinit2.o)
    0x08007002   0x08007002   0x00000000   Code   RO         1203    .ARM.Collect$$libinit$$00000023  c_p.l(libinit2.o)
    0x08007002   0x08007002   0x00000000   Code   RO         1205    .ARM.Collect$$libinit$$00000025  c_p.l(libinit2.o)
    0x08007002   0x08007002   0x00000000   Code   RO         1209    .ARM.Collect$$libinit$$0000002C  c_p.l(libinit2.o)
    0x08007002   0x08007002   0x00000000   Code   RO         1211    .ARM.Collect$$libinit$$0000002E  c_p.l(libinit2.o)
    0x08007002   0x08007002   0x00000000   Code   RO         1213    .ARM.Collect$$libinit$$00000030  c_p.l(libinit2.o)
    0x08007002   0x08007002   0x00000000   Code   RO         1215    .ARM.Collect$$libinit$$00000032  c_p.l(libinit2.o)
    0x08007002   0x08007002   0x00000002   Code   RO         1216    .ARM.Collect$$libinit$$00000033  c_p.l(libinit2.o)
    0x08007004   0x08007004   0x00000002   Code   RO         1251    .ARM.Collect$$libshutdown$$00000000  c_p.l(libshutdown.o)
    0x08007006   0x08007006   0x00000000   Code   RO         1279    .ARM.Collect$$libshutdown$$00000002  c_p.l(libshutdown2.o)
    0x08007006   0x08007006   0x00000000   Code   RO         1281    .ARM.Collect$$libshutdown$$00000004  c_p.l(libshutdown2.o)
    0x08007006   0x08007006   0x00000000   Code   RO         1284    .ARM.Collect$$libshutdown$$00000007  c_p.l(libshutdown2.o)
    0x08007006   0x08007006   0x00000000   Code   RO         1287    .ARM.Collect$$libshutdown$$0000000A  c_p.l(libshutdown2.o)
    0x08007006   0x08007006   0x00000000   Code   RO         1289    .ARM.Collect$$libshutdown$$0000000C  c_p.l(libshutdown2.o)
    0x08007006   0x08007006   0x00000000   Code   RO         1292    .ARM.Collect$$libshutdown$$0000000F  c_p.l(libshutdown2.o)
    0x08007006   0x08007006   0x00000002   Code   RO         1293    .ARM.Collect$$libshutdown$$00000010  c_p.l(libshutdown2.o)
    0x08007008   0x08007008   0x00000000   Code   RO         1123    .ARM.Collect$$rtentry$$00000000  c_p.l(__rtentry.o)
    0x08007008   0x08007008   0x00000000   Code   RO         1129    .ARM.Collect$$rtentry$$00000002  c_p.l(__rtentry2.o)
    0x08007008   0x08007008   0x00000006   Code   RO         1141    .ARM.Collect$$rtentry$$00000004  c_p.l(__rtentry4.o)
    0x0800700e   0x0800700e   0x00000000   Code   RO         1131    .ARM.Collect$$rtentry$$00000009  c_p.l(__rtentry2.o)
    0x0800700e   0x0800700e   0x00000004   Code   RO         1132    .ARM.Collect$$rtentry$$0000000A  c_p.l(__rtentry2.o)
    0x08007012   0x08007012   0x00000000   Code   RO         1134    .ARM.Collect$$rtentry$$0000000C  c_p.l(__rtentry2.o)
    0x08007012   0x08007012   0x00000008   Code   RO         1135    .ARM.Collect$$rtentry$$0000000D  c_p.l(__rtentry2.o)
    0x0800701a   0x0800701a   0x00000002   Code   RO         1164    .ARM.Collect$$rtexit$$00000000  c_p.l(rtexit.o)
    0x0800701c   0x0800701c   0x00000000   Code   RO         1222    .ARM.Collect$$rtexit$$00000002  c_p.l(rtexit2.o)
    0x0800701c   0x0800701c   0x00000004   Code   RO         1223    .ARM.Collect$$rtexit$$00000003  c_p.l(rtexit2.o)
    0x08007020   0x08007020   0x00000006   Code   RO         1224    .ARM.Collect$$rtexit$$00000004  c_p.l(rtexit2.o)
    0x08007026   0x08007026   0x00000002   PAD
    0x08007028   0x08007028   0x00000038   Code   RO         1103    .emb_text           c_p.l(rt_memcpy.o)
    0x08007060   0x08007060   0x00000034   Code   RO            4    .text               startup_stm32g070xx.o
    0x08007094   0x08007094   0x0000005a   Code   RO         1099    .text               c_p.l(memcmp.o)
    0x080070ee   0x080070ee   0x0000000c   Code   RO         1101    .text               c_p.l(memcpy.o)
    0x080070fa   0x080070fa   0x00000082   Code   RO         1104    .text               c_p.l(rt_memcpy.o)
    0x0800717c   0x0800717c   0x0000001c   Code   RO         1107    .text               c_p.l(memset.o)
    0x08007198   0x08007198   0x00000040   Code   RO         1109    .text               c_p.l(rt_memclr.o)
    0x080071d8   0x080071d8   0x00000006   Code   RO         1119    .text               c_p.l(heapauxi.o)
    0x080071de   0x080071de   0x0000003e   Code   RO         1145    .text               c_p.l(sys_stackheap_outer.o)
    0x0800721c   0x0800721c   0x00000010   Code   RO         1148    .text               c_p.l(exit.o)
    0x0800722c   0x0800722c   0x00000008   Code   RO         1160    .text               c_p.l(libspace.o)
    0x08007234   0x08007234   0x0000000c   Code   RO         1217    .text               c_p.l(sys_exit.o)
    0x08007240   0x08007240   0x00000002   Code   RO         1240    .text               c_p.l(use_no_semi.o)
    0x08007242   0x08007242   0x00000000   Code   RO         1242    .text               c_p.l(indicate_semi.o)
    0x08007242   0x08007242   0x00000056   Code   RO         1296    .text               c_p.l(__dczerorl2.o)
    0x08007298   0x08007298   0x00000040   Code   RO           15    .text.ADC_GetExternalVoltage  adc.o
    0x080072d8   0x080072d8   0x00000038   Code   RO           13    .text.ADC_GetInternalVoltage  adc.o
    0x08007310   0x08007310   0x000000b0   Code   RO           17    .text.ADC_Init      adc.o
    0x080073c0   0x080073c0   0x00000084   Code   RO           11    .text.ADC_MsIRQHandler  adc.o
    0x08007444   0x08007444   0x000000a4   Code   RO          208    .text.APP_Background  main.o
    0x080074e8   0x080074e8   0x00000034   Code   RO          202    .text.APP_Bind      main.o
    0x0800751c   0x0800751c   0x000000a4   Code   RO          200    .text.APP_LoadConfig  main.o
    0x080075c0   0x080075c0   0x0000003c   Code   RO          198    .text.APP_LoadFactoryConfig  main.o
    0x080075fc   0x080075fc   0x00000048   Code   RO          206    .text.APP_SES_Run   main.o
    0x08007644   0x08007644   0x0000007c   Code   RO          190    .text.APP_SaveConfig  main.o
    0x080076c0   0x080076c0   0x00000024   Code   RO          232    .text.APP_SaveFactoryConfig  main.o
    0x080076e4   0x080076e4   0x00000038   Code   RO          204    .text.APP_StartNewPort  main.o
    0x0800771c   0x0800771c   0x00000094   Code   RO           51    .text.DMA1_Ch4_7_DMAMUX1_OVR_IRQHandler  spi sx1280.o
    0x080077b0   0x080077b0   0x00000002   Code   RO           34    .text.EEPROM_Init   eeprom.o
    0x080077b2   0x080077b2   0x0000003e   Code   RO           36    .text.EEPROM_Read   eeprom.o
    0x080077f0   0x080077f0   0x00000076   Code   RO           38    .text.EEPROM_Write  eeprom.o
    0x08007866   0x08007866   0x00000002   PAD
    0x08007868   0x08007868   0x0000002c   Code   RO          166    .text.EXTI4_15_IRQHandler  main.o
    0x08007894   0x08007894   0x00000060   Code   RO           78    .text.I2C_Init      i2c.o
    0x080078f4   0x080078f4   0x0000001a   Code   RO           80    .text.I2C_Read      i2c.o
    0x0800790e   0x0800790e   0x00000002   PAD
    0x08007910   0x08007910   0x00000110   Code   RO           82    .text.I2C_Transfer  i2c.o
    0x08007a20   0x08007a20   0x0000001a   Code   RO           84    .text.I2C_Write     i2c.o
    0x08007a3a   0x08007a3a   0x0000000e   Code   RO          351    .text.IB1DTIM_SetNextIRQTime  pwm adapter.o
    0x08007a48   0x08007a48   0x00000010   Code   RO          353    .text.IB1DTIM_StartTimer  pwm adapter.o
    0x08007a58   0x08007a58   0x0000000a   Code   RO          355    .text.IB1DTIM_StopTimer  pwm adapter.o
    0x08007a62   0x08007a62   0x00000002   PAD
    0x08007a64   0x08007a64   0x000000b4   Code   RO          796    .text.IB1DTIM_TimerIRQHandler  i-Bus 1 device library M0+ release.lib(i-bus 1 device library.o)
    0x08007b18   0x08007b18   0x0000001a   Code   RO          357    .text.IB1DUSART_ReceiveSetup  pwm adapter.o
    0x08007b32   0x08007b32   0x0000000a   Code   RO          359    .text.IB1DUSART_ReceiveStart  pwm adapter.o
    0x08007b3c   0x08007b3c   0x00000010   Code   RO          361    .text.IB1DUSART_TransmitSetup  pwm adapter.o
    0x08007b4c   0x08007b4c   0x0000000a   Code   RO          363    .text.IB1DUSART_TransmitStart  pwm adapter.o
    0x08007b56   0x08007b56   0x00000002   PAD
    0x08007b58   0x08007b58   0x00000420   Code   RO          802    .text.IB1D_CommandReceivedCallback  i-Bus 1 device library M0+ release.lib(i-bus 1 device library.o)
    0x08007f78   0x08007f78   0x00000004   Code   RO          339    .text.IB1D_GetParamCallback  pwm adapter.o
    0x08007f7c   0x08007f7c   0x00000020   Code   RO          341    .text.IB1D_GetValueCallback  pwm adapter.o
    0x08007f9c   0x08007f9c   0x0000004c   Code   RO          800    .text.IB1D_Init     i-Bus 1 device library M0+ release.lib(i-bus 1 device library.o)
    0x08007fe8   0x08007fe8   0x00000080   Code   RO          798    .text.IB1D_MsIRQHandler  i-Bus 1 device library M0+ release.lib(i-bus 1 device library.o)
    0x08008068   0x08008068   0x000000a0   Code   RO          343    .text.IB1D_ServoOutCallback  pwm adapter.o
    0x08008108   0x08008108   0x00000002   Code   RO          345    .text.IB1D_SetBufferState  pwm adapter.o
    0x0800810a   0x0800810a   0x00000004   Code   RO          347    .text.IB1D_SetParamCallback  pwm adapter.o
    0x0800810e   0x0800810e   0x00000002   PAD
    0x08008110   0x08008110   0x00000040   Code   RO          349    .text.IB1D_StatusChangedCallback  pwm adapter.o
    0x08008150   0x08008150   0x00000204   Code   RO          878    .text.IB1_BuildNextCommand  New Port 8 channels 4 ports M0+ release.lib(npt i-bus 1.o)
    0x08008354   0x08008354   0x000000ec   Code   RO          858    .text.IB1_GetNextSensor  New Port 8 channels 4 ports M0+ release.lib(npt i-bus 1.o)
    0x08008440   0x08008440   0x00000048   Code   RO          860    .text.IB1_GetParam  New Port 8 channels 4 ports M0+ release.lib(npt i-bus 1.o)
    0x08008488   0x08008488   0x0000002c   Code   RO          168    .text.IB1_GetParamResponse  main.o
    0x080084b4   0x080084b4   0x0000008c   Code   RO          862    .text.IB1_Init      New Port 8 channels 4 ports M0+ release.lib(npt i-bus 1.o)
    0x08008540   0x08008540   0x000002e0   Code   RO          876    .text.IB1_ProcessLastResponse  New Port 8 channels 4 ports M0+ release.lib(npt i-bus 1.o)
    0x08008820   0x08008820   0x00000028   Code   RO          886    .text.IB1_ReceiveSensorCallback  New Port 8 channels 4 ports M0+ release.lib(npt i-bus 1.o)
    0x08008848   0x08008848   0x00000010   Code   RO          882    .text.IB1_ReceiveSensorIRQHandler  New Port 8 channels 4 ports M0+ release.lib(npt i-bus 1.o)
    0x08008858   0x08008858   0x0000002c   Code   RO          884    .text.IB1_ReceiveServoCallback  New Port 8 channels 4 ports M0+ release.lib(npt i-bus 1.o)
    0x08008884   0x08008884   0x00000010   Code   RO          880    .text.IB1_ReceiveServoIRQHandler  New Port 8 channels 4 ports M0+ release.lib(npt i-bus 1.o)
    0x08008894   0x08008894   0x0000004c   Code   RO          864    .text.IB1_SetChannels  New Port 8 channels 4 ports M0+ release.lib(npt i-bus 1.o)
    0x080088e0   0x080088e0   0x0000005c   Code   RO          868    .text.IB1_SetParam  New Port 8 channels 4 ports M0+ release.lib(npt i-bus 1.o)
    0x0800893c   0x0800893c   0x00000020   Code   RO          170    .text.IB1_SetParamResponse  main.o
    0x0800895c   0x0800895c   0x00000154   Code   RO          870    .text.IB1_SetupServo  New Port 8 channels 4 ports M0+ release.lib(npt i-bus 1.o)
    0x08008ab0   0x08008ab0   0x00000020   Code   RO          172    .text.IB1_SetupServoResponse  main.o
    0x08008ad0   0x08008ad0   0x00000010   Code   RO          872    .text.IB1_StartDeinit  New Port 8 channels 4 ports M0+ release.lib(npt i-bus 1.o)
    0x08008ae0   0x08008ae0   0x00000150   Code   RO          874    .text.IB1_TimerCompareCallback  New Port 8 channels 4 ports M0+ release.lib(npt i-bus 1.o)
    0x08008c30   0x08008c30   0x00000010   Code   RO          866    .text.IB1_TimerCompareIRQHandler  New Port 8 channels 4 ports M0+ release.lib(npt i-bus 1.o)
    0x08008c40   0x08008c40   0x00000002   Code   RO          387    .text.IB2DTIM_Deinit  pwm adapter.o
    0x08008c42   0x08008c42   0x00000002   PAD
    0x08008c44   0x08008c44   0x0000001c   Code   RO          389    .text.IB2DTIM_Init  pwm adapter.o
    0x08008c60   0x08008c60   0x0000000e   Code   RO          393    .text.IB2DTIM_SetNextIRQTime  pwm adapter.o
    0x08008c6e   0x08008c6e   0x00000010   Code   RO          395    .text.IB2DTIM_StartTimer  pwm adapter.o
    0x08008c7e   0x08008c7e   0x0000000a   Code   RO          397    .text.IB2DTIM_StopTimer  pwm adapter.o
    0x08008c88   0x08008c88   0x00000098   Code   RO          809    .text.IB2DTIM_TimerIRQHandler  i-Bus 2 device library M0+ release.lib(i-bus 2 device library.o)
    0x08008d20   0x08008d20   0x00000002   Code   RO          399    .text.IB2DUSART_Deinit  pwm adapter.o
    0x08008d22   0x08008d22   0x0000000e   Code   RO          401    .text.IB2DUSART_Init  pwm adapter.o
    0x08008d30   0x08008d30   0x0000001a   Code   RO          403    .text.IB2DUSART_ReceiveSetup  pwm adapter.o
    0x08008d4a   0x08008d4a   0x0000000a   Code   RO          405    .text.IB2DUSART_ReceiveStart  pwm adapter.o
    0x08008d54   0x08008d54   0x0000000a   Code   RO          407    .text.IB2DUSART_ReceiveStop  pwm adapter.o
    0x08008d5e   0x08008d5e   0x00000010   Code   RO          409    .text.IB2DUSART_TransmitSetup  pwm adapter.o
    0x08008d6e   0x08008d6e   0x0000000a   Code   RO          411    .text.IB2DUSART_TransmitStart  pwm adapter.o
    0x08008d78   0x08008d78   0x00000098   Code   RO          373    .text.IB2D_GetParamCallback  pwm adapter.o
    0x08008e10   0x08008e10   0x00000020   Code   RO          377    .text.IB2D_GetValueCallback  pwm adapter.o
    0x08008e30   0x08008e30   0x00000040   Code   RO          815    .text.IB2D_Init     i-Bus 2 device library M0+ release.lib(i-bus 2 device library.o)
    0x08008e70   0x08008e70   0x00000038   Code   RO          807    .text.IB2D_MsIRQHandler  i-Bus 2 device library M0+ release.lib(i-bus 2 device library.o)
    0x08008ea8   0x08008ea8   0x00000048   Code   RO          821    .text.IB2D_ProcessChannelsCallback  i-Bus 2 device library M0+ release.lib(i-bus 2 device library.o)
    0x08008ef0   0x08008ef0   0x0000002c   Code   RO          817    .text.IB2D_ReceiveChannelsCallback  i-Bus 2 device library M0+ release.lib(i-bus 2 device library.o)
    0x08008f1c   0x08008f1c   0x000000e4   Code   RO          819    .text.IB2D_ReceiveChannelsCallbackMedium  i-Bus 2 device library M0+ release.lib(i-bus 2 device library.o)
    0x08009000   0x08009000   0x0000001c   Code   RO          823    .text.IB2D_ReceiveCommandCallback  i-Bus 2 device library M0+ release.lib(i-bus 2 device library.o)
    0x0800901c   0x0800901c   0x00000130   Code   RO          825    .text.IB2D_ReceiveCommandCallbackMedium  i-Bus 2 device library M0+ release.lib(i-bus 2 device library.o)
    0x0800914c   0x0800914c   0x00000008   Code   RO          379    .text.IB2D_RequiredResourcesCallback  pwm adapter.o
    0x08009154   0x08009154   0x0000002c   Code   RO          811    .text.IB2D_RestartChannelsReceptionCallback  i-Bus 2 device library M0+ release.lib(i-bus 2 device library.o)
    0x08009180   0x08009180   0x00000048   Code   RO          381    .text.IB2D_SetChannelsCallback  pwm adapter.o
    0x080091c8   0x080091c8   0x00000014   Code   RO          383    .text.IB2D_SetChannelsTypeCallback  pwm adapter.o
    0x080091dc   0x080091dc   0x00000014   Code   RO          385    .text.IB2D_SetFailsafeCallback  pwm adapter.o
    0x080091f0   0x080091f0   0x00000040   Code   RO          413    .text.IB2D_SetFailsafeUnpack  pwm adapter.o
    0x08009230   0x08009230   0x00000184   Code   RO          375    .text.IB2D_SetParamCallback  pwm adapter.o
    0x080093b4   0x080093b4   0x00000044   Code   RO          391    .text.IB2D_StatusChangedCallback  pwm adapter.o
    0x080093f8   0x080093f8   0x00000018   Code   RO          920    .text.IB2_CallGetParamResponseCallback  New Port 8 channels 4 ports M0+ release.lib(npt i-bus 2.o)
    0x08009410   0x08009410   0x00000014   Code   RO          922    .text.IB2_CallSetParamResponseCallback  New Port 8 channels 4 ports M0+ release.lib(npt i-bus 2.o)
    0x08009424   0x08009424   0x00000024   Code   RO          898    .text.IB2_FailsafeChanged  New Port 8 channels 4 ports M0+ release.lib(npt i-bus 2.o)
    0x08009448   0x08009448   0x000003a0   Code   RO          902    .text.IB2_GetNextSensor  New Port 8 channels 4 ports M0+ release.lib(npt i-bus 2.o)
    0x080097e8   0x080097e8   0x000000d0   Code   RO          900    .text.IB2_GetParam  New Port 8 channels 4 ports M0+ release.lib(npt i-bus 2.o)
    0x080098b8   0x080098b8   0x00000014   Code   RO          174    .text.IB2_GetParamResponse  main.o
    0x080098cc   0x080098cc   0x00000118   Code   RO          908    .text.IB2_HubInit   New Port 8 channels 4 ports M0+ release.lib(npt i-bus 2.o)
    0x080099e4   0x080099e4   0x0000009c   Code   RO          904    .text.IB2_Init      New Port 8 channels 4 ports M0+ release.lib(npt i-bus 2.o)
    0x08009a80   0x08009a80   0x00000330   Code   RO          916    .text.IB2_ProcessLastResponseCallback  New Port 8 channels 4 ports M0+ release.lib(npt i-bus 2.o)
    0x08009db0   0x08009db0   0x000001f0   Code   RO          918    .text.IB2_ReassignValueBuffer  New Port 8 channels 4 ports M0+ release.lib(npt i-bus 2.o)
    0x08009fa0   0x08009fa0   0x00000068   Code   RO          926    .text.IB2_SendChannelsCallback  New Port 8 channels 4 ports M0+ release.lib(npt i-bus 2.o)
    0x0800a008   0x0800a008   0x00000034   Code   RO          924    .text.IB2_SendChannelsIRQHandler  New Port 8 channels 4 ports M0+ release.lib(npt i-bus 2.o)
    0x0800a03c   0x0800a03c   0x0000003c   Code   RO          930    .text.IB2_SendCommandCallback  New Port 8 channels 4 ports M0+ release.lib(npt i-bus 2.o)
    0x0800a078   0x0800a078   0x00000010   Code   RO          928    .text.IB2_SendCommandIRQHandler  New Port 8 channels 4 ports M0+ release.lib(npt i-bus 2.o)
    0x0800a088   0x0800a088   0x0000095c   Code   RO          910    .text.IB2_SetChannels  New Port 8 channels 4 ports M0+ release.lib(npt i-bus 2.o)
    0x0800a9e4   0x0800a9e4   0x00000104   Code   RO          912    .text.IB2_SetParam  New Port 8 channels 4 ports M0+ release.lib(npt i-bus 2.o)
    0x0800aae8   0x0800aae8   0x00000014   Code   RO          176    .text.IB2_SetParamResponse  main.o
    0x0800aafc   0x0800aafc   0x00000010   Code   RO          914    .text.IB2_StartDeinit  New Port 8 channels 4 ports M0+ release.lib(npt i-bus 2.o)
    0x0800ab0c   0x0800ab0c   0x00000160   Code   RO          906    .text.IB2_TimerCompareIRQHandler  New Port 8 channels 4 ports M0+ release.lib(npt i-bus 2.o)
    0x0800ac6c   0x0800ac6c   0x00000168   Code   RO          996    .text.IB_BuildRealtimePacketCallback  New Port 8 channels 4 ports M0+ release.lib(npt i-bus common.o)
    0x0800add4   0x0800add4   0x0000000c   Code   RO          998    .text.IB_ResetSensors  New Port 8 channels 4 ports M0+ release.lib(npt i-bus common.o)
    0x0800ade0   0x0800ade0   0x0000002c   Code   RO          136    .text.LED_Init      led.o
    0x0800ae0c   0x0800ae0c   0x00000050   Code   RO          134    .text.LED_MsIRQHandler  led.o
    0x0800ae5c   0x0800ae5c   0x00000038   Code   RO          138    .text.LED_SetPattern  led.o
    0x0800ae94   0x0800ae94   0x00000008   Code   RO          101    .text.LNKTIM_GetCounter  lnk timer.o
    0x0800ae9c   0x0800ae9c   0x00000058   Code   RO          103    .text.LNKTIM_Init   lnk timer.o
    0x0800aef4   0x0800aef4   0x0000000c   Code   RO          107    .text.LNKTIM_SetNextCompareIRQTime  lnk timer.o
    0x0800af00   0x0800af00   0x00000014   Code   RO          109    .text.LNKTIM_SetNextCompareIRQTimeFromMarker  lnk timer.o
    0x0800af14   0x0800af14   0x00000058   Code   RO           99    .text.LNKTIM_SetNextCompareIRQTimeInternal  lnk timer.o
    0x0800af6c   0x0800af6c   0x00000014   Code   RO          111    .text.LNKTIM_SetTimeMarker  lnk timer.o
    0x0800af80   0x0800af80   0x00000038   Code   RO          113    .text.LNKTIM_StartTimer  lnk timer.o
    0x0800afb8   0x0800afb8   0x00000010   Code   RO          117    .text.LNKTIM_StopTimer  lnk timer.o
    0x0800afc8   0x0800afc8   0x00000b04   Code   RO          692    .text.LNKTIM_TimerCompareIRQHandler  AFHDS3 SX1280 receiver V1 M0+ release.lib(lnk afhds3 receiver.o)
    0x0800bacc   0x0800bacc   0x000000ec   Code   RO          678    .text.LNK_Bind      AFHDS3 SX1280 receiver V1 M0+ release.lib(lnk afhds3 receiver.o)
    0x0800bbb8   0x0800bbb8   0x00000070   Code   RO          953    .text.LNK_BindCallback  AFHDS3 SX1280 receiver V1 M0+ release.lib(tra afhds3.o)
    0x0800bc28   0x0800bc28   0x00000048   Code   RO          718    .text.LNK_BuildTXPacketCallback  AFHDS3 SX1280 receiver V1 M0+ release.lib(lnk afhds3 receiver.o)
    0x0800bc70   0x0800bc70   0x000003ac   Code   RO          985    .text.LNK_BuildTXPacketCallback  AFHDS3 SX1280 receiver V1 M0+ release.lib(tra afhds3.o)
    0x0800c01c   0x0800c01c   0x0000001c   Code   RO          724    .text.LNK_CallBlackBoxRXCallback  AFHDS3 SX1280 receiver V1 M0+ release.lib(lnk afhds3 receiver.o)
    0x0800c038   0x0800c038   0x0000001c   Code   RO          702    .text.LNK_CallBlackBoxTXCallback  AFHDS3 SX1280 receiver V1 M0+ release.lib(lnk afhds3 receiver.o)
    0x0800c054   0x0800c054   0x00000010   Code   RO          716    .text.LNK_CallBuildTXPacketCallback  AFHDS3 SX1280 receiver V1 M0+ release.lib(lnk afhds3 receiver.o)
    0x0800c064   0x0800c064   0x00000018   Code   RO          714    .text.LNK_CallHeartbeatCallback  AFHDS3 SX1280 receiver V1 M0+ release.lib(lnk afhds3 receiver.o)
    0x0800c07c   0x0800c07c   0x0000002c   Code   RO          704    .text.LNK_CallSuccessfullyBound  AFHDS3 SX1280 receiver V1 M0+ release.lib(lnk afhds3 receiver.o)
    0x0800c0a8   0x0800c0a8   0x000000ec   Code   RO          682    .text.LNK_Factory   AFHDS3 SX1280 receiver V1 M0+ release.lib(lnk afhds3 receiver.o)
    0x0800c194   0x0800c194   0x00000024   Code   RO          722    .text.LNK_FactoryMeasureRSSICallback  AFHDS3 SX1280 receiver V1 M0+ release.lib(lnk afhds3 receiver.o)
    0x0800c1b8   0x0800c1b8   0x0000000c   Code   RO          212    .text.LNK_FactorySaveConfigCallback  main.o
    0x0800c1c4   0x0800c1c4   0x00000018   Code   RO          684    .text.LNK_GetLastRXConditions  AFHDS3 SX1280 receiver V1 M0+ release.lib(lnk afhds3 receiver.o)
    0x0800c1dc   0x0800c1dc   0x0000002c   Code   RO          686    .text.LNK_GetRFPower  AFHDS3 SX1280 receiver V1 M0+ release.lib(lnk afhds3 receiver.o)
    0x0800c208   0x0800c208   0x00000350   Code   RO          710    .text.LNK_HeartbeatCallback  AFHDS3 SX1280 receiver V1 M0+ release.lib(lnk afhds3 receiver.o)
    0x0800c558   0x0800c558   0x00000038   Code   RO          987    .text.LNK_HeartbeatCallback  AFHDS3 SX1280 receiver V1 M0+ release.lib(tra afhds3.o)
    0x0800c590   0x0800c590   0x00000028   Code   RO          688    .text.LNK_Idle      AFHDS3 SX1280 receiver V1 M0+ release.lib(lnk afhds3 receiver.o)
    0x0800c5b8   0x0800c5b8   0x0000002c   Code   RO          690    .text.LNK_Init      AFHDS3 SX1280 receiver V1 M0+ release.lib(lnk afhds3 receiver.o)
    0x0800c5e4   0x0800c5e4   0x00000284   Code   RO          983    .text.LNK_PacketReceivedCallback  AFHDS3 SX1280 receiver V1 M0+ release.lib(tra afhds3.o)
    0x0800c868   0x0800c868   0x00000078   Code   RO          706    .text.LNK_PacketReceivedCallbackBind  AFHDS3 SX1280 receiver V1 M0+ release.lib(lnk afhds3 receiver.o)
    0x0800c8e0   0x0800c8e0   0x00000230   Code   RO          720    .text.LNK_PacketReceivedCallbackFactory  AFHDS3 SX1280 receiver V1 M0+ release.lib(lnk afhds3 receiver.o)
    0x0800cb10   0x0800cb10   0x0000016c   Code   RO          712    .text.LNK_PacketReceivedCallbackRun  AFHDS3 SX1280 receiver V1 M0+ release.lib(lnk afhds3 receiver.o)
    0x0800cc7c   0x0800cc7c   0x00000120   Code   RO          989    .text.LNK_PacketReceivedCallbackStoreWSStatus  AFHDS3 SX1280 receiver V1 M0+ release.lib(tra afhds3.o)
    0x0800cd9c   0x0800cd9c   0x0000029c   Code   RO          726    .text.LNK_ProcessRXPacketBindCallback  AFHDS3 SX1280 receiver V1 M0+ release.lib(lnk afhds3 receiver.o)
    0x0800d038   0x0800d038   0x0000008c   Code   RO          730    .text.LNK_ProcessRXPacketRunCallback  AFHDS3 SX1280 receiver V1 M0+ release.lib(lnk afhds3 receiver.o)
    0x0800d0c4   0x0800d0c4   0x00000410   Code   RO          694    .text.LNK_Run       AFHDS3 SX1280 receiver V1 M0+ release.lib(lnk afhds3 receiver.o)
    0x0800d4d4   0x0800d4d4   0x00000140   Code   RO          728    .text.LNK_SaveBoundConfig  AFHDS3 SX1280 receiver V1 M0+ release.lib(lnk afhds3 receiver.o)
    0x0800d614   0x0800d614   0x0000002c   Code   RO          696    .text.LNK_SetAntenna  AFHDS3 SX1280 receiver V1 M0+ release.lib(lnk afhds3 receiver.o)
    0x0800d640   0x0800d640   0x00000018   Code   RO          698    .text.LNK_SetRFPower  AFHDS3 SX1280 receiver V1 M0+ release.lib(lnk afhds3 receiver.o)
    0x0800d658   0x0800d658   0x00000014   Code   RO          680    .text.LNK_Stop      AFHDS3 SX1280 receiver V1 M0+ release.lib(lnk afhds3 receiver.o)
    0x0800d66c   0x0800d66c   0x00000014   Code   RO          708    .text.LNK_SynchronizationLostCallback  AFHDS3 SX1280 receiver V1 M0+ release.lib(lnk afhds3 receiver.o)
    0x0800d680   0x0800d680   0x00000268   Code   RO          700    .text.LNK_Test      AFHDS3 SX1280 receiver V1 M0+ release.lib(lnk afhds3 receiver.o)
    0x0800d8e8   0x0800d8e8   0x00000170   Code   RO          295    .text.NPTTIM_DisableChannel  npt timer.o
    0x0800da58   0x0800da58   0x0000027c   Code   RO          299    .text.NPTTIM_EnableChannel  npt timer.o
    0x0800dcd4   0x0800dcd4   0x00000084   Code   RO          301    .text.NPTTIM_FreezeCompareIRQ  npt timer.o
    0x0800dd58   0x0800dd58   0x00000038   Code   RO          303    .text.NPTTIM_GetCounter  npt timer.o
    0x0800dd90   0x0800dd90   0x000001e0   Code   RO          305    .text.NPTTIM_Init   npt timer.o
    0x0800df70   0x0800df70   0x00000114   Code   RO          309    .text.NPTTIM_SetNextCompareIRQCounter  npt timer.o
    0x0800e084   0x0800e084   0x00000014   Code   RO          311    .text.NPTTIM_SetNextCompareIRQTime  npt timer.o
    0x0800e098   0x0800e098   0x00000108   Code   RO          313    .text.NPTTIM_SetNextCompareIRQTimeFromNow  npt timer.o
    0x0800e1a0   0x0800e1a0   0x00000188   Code   RO          287    .text.NPTTIM_SetNextCompareIRQTimeInternal  npt timer.o
    0x0800e328   0x0800e328   0x000000fc   Code   RO          315    .text.NPTTIM_TriggerIRQ  npt timer.o
    0x0800e424   0x0800e424   0x00000038   Code   RO          833    .text.NPT_BuildRealtimePacketCallback  New Port 8 channels 4 ports M0+ release.lib(new port.o)
    0x0800e45c   0x0800e45c   0x00000024   Code   RO          835    .text.NPT_FailsafeChanged  New Port 8 channels 4 ports M0+ release.lib(new port.o)
    0x0800e480   0x0800e480   0x000000bc   Code   RO          178    .text.NPT_GetInternalSensor  main.o
    0x0800e53c   0x0800e53c   0x00000370   Code   RO          837    .text.NPT_Init      New Port 8 channels 4 ports M0+ release.lib(new port.o)
    0x0800e8ac   0x0800e8ac   0x00000014   Code   RO          831    .text.NPT_MsIRQHandler  New Port 8 channels 4 ports M0+ release.lib(new port.o)
    0x0800e8c0   0x0800e8c0   0x000000b0   Code   RO          841    .text.NPT_SetChannels  New Port 8 channels 4 ports M0+ release.lib(new port.o)
    0x0800e970   0x0800e970   0x00000010   Code   RO          843    .text.NPT_SetPWMFrequencies  New Port 8 channels 4 ports M0+ release.lib(new port.o)
    0x0800e980   0x0800e980   0x00000008   Code   RO          845    .text.NPT_SetWSUSARTConfig  New Port 8 channels 4 ports M0+ release.lib(new port.o)
    0x0800e988   0x0800e988   0x00000050   Code   RO          847    .text.NPT_StartDeinit  New Port 8 channels 4 ports M0+ release.lib(new port.o)
    0x0800e9d8   0x0800e9d8   0x00000018   Code   RO          839    .text.NPT_WSDataReceivedCallback  New Port 8 channels 4 ports M0+ release.lib(new port.o)
    0x0800e9f0   0x0800e9f0   0x00000038   Code   RO          606    .text.PHY_GetInstantRSSI  AFHDS3 SX1280 receiver V1 M0+ release.lib(phy sx1280.o)
    0x0800ea28   0x0800ea28   0x00000018   Code   RO          608    .text.PHY_GetLastRXConditions  AFHDS3 SX1280 receiver V1 M0+ release.lib(phy sx1280.o)
    0x0800ea40   0x0800ea40   0x00000078   Code   RO          610    .text.PHY_Init      AFHDS3 SX1280 receiver V1 M0+ release.lib(phy sx1280.o)
    0x0800eab8   0x0800eab8   0x00000158   Code   RO          618    .text.PHY_RX        AFHDS3 SX1280 receiver V1 M0+ release.lib(phy sx1280.o)
    0x0800ec10   0x0800ec10   0x00000088   Code   RO          622    .text.PHY_RXCallback1  AFHDS3 SX1280 receiver V1 M0+ release.lib(phy sx1280.o)
    0x0800ec98   0x0800ec98   0x00000024   Code   RO          644    .text.PHY_RXCallback2  AFHDS3 SX1280 receiver V1 M0+ release.lib(phy sx1280.o)
    0x0800ecbc   0x0800ecbc   0x00000014   Code   RO          646    .text.PHY_RXCallback3  AFHDS3 SX1280 receiver V1 M0+ release.lib(phy sx1280.o)
    0x0800ecd0   0x0800ecd0   0x00000014   Code   RO          648    .text.PHY_RXCallback4  AFHDS3 SX1280 receiver V1 M0+ release.lib(phy sx1280.o)
    0x0800ece4   0x0800ece4   0x00000034   Code   RO          614    .text.PHY_ResumeRX  AFHDS3 SX1280 receiver V1 M0+ release.lib(phy sx1280.o)
    0x0800ed18   0x0800ed18   0x00000014   Code   RO          616    .text.PHY_ResumeRXCallback  AFHDS3 SX1280 receiver V1 M0+ release.lib(phy sx1280.o)
    0x0800ed2c   0x0800ed2c   0x000000d0   Code   RO          620    .text.PHY_SX1280_ContinueResetAndInit  AFHDS3 SX1280 receiver V1 M0+ release.lib(phy sx1280.o)
    0x0800edfc   0x0800edfc   0x00000028   Code   RO          638    .text.PHY_SX1280_ContinueResetAndInitCallback1  AFHDS3 SX1280 receiver V1 M0+ release.lib(phy sx1280.o)
    0x0800ee24   0x0800ee24   0x0000002c   Code   RO          640    .text.PHY_SX1280_ContinueResetAndInitCallback2  AFHDS3 SX1280 receiver V1 M0+ release.lib(phy sx1280.o)
    0x0800ee50   0x0800ee50   0x0000000c   Code   RO          642    .text.PHY_SX1280_ContinueResetAndInitCallback3  AFHDS3 SX1280 receiver V1 M0+ release.lib(phy sx1280.o)
    0x0800ee5c   0x0800ee5c   0x00000044   Code   RO          598    .text.PHY_SX1280_DIO1IRQHandler  AFHDS3 SX1280 receiver V1 M0+ release.lib(phy sx1280.o)
    0x0800eea0   0x0800eea0   0x0000001c   Code   RO          600    .text.PHY_SX1280_DIO1IRQHandlerCallback1  AFHDS3 SX1280 receiver V1 M0+ release.lib(phy sx1280.o)
    0x0800eebc   0x0800eebc   0x00000054   Code   RO          632    .text.PHY_SX1280_DIO1IRQHandlerCallback2  AFHDS3 SX1280 receiver V1 M0+ release.lib(phy sx1280.o)
    0x0800ef10   0x0800ef10   0x00000084   Code   RO          634    .text.PHY_SX1280_DIO1IRQHandlerCallback3  AFHDS3 SX1280 receiver V1 M0+ release.lib(phy sx1280.o)
    0x0800ef94   0x0800ef94   0x00000080   Code   RO          636    .text.PHY_SX1280_DIO1IRQHandlerCallback4  AFHDS3 SX1280 receiver V1 M0+ release.lib(phy sx1280.o)
    0x0800f014   0x0800f014   0x00000010   Code   RO          186    .text.PHY_SX1280_IsBusy  main.o
    0x0800f024   0x0800f024   0x00000018   Code   RO          188    .text.PHY_SX1280_SetResetPin  main.o
    0x0800f03c   0x0800f03c   0x00000002   Code   RO          180    .text.PHY_SetAntenna  main.o
    0x0800f03e   0x0800f03e   0x00000002   Code   RO          182    .text.PHY_SetAttenuator  main.o
    0x0800f040   0x0800f040   0x000001a0   Code   RO          624    .text.PHY_SetConfig  AFHDS3 SX1280 receiver V1 M0+ release.lib(phy sx1280.o)
    0x0800f1e0   0x0800f1e0   0x0000027c   Code   RO          626    .text.PHY_SetConfigCalcTXRXTime  AFHDS3 SX1280 receiver V1 M0+ release.lib(phy sx1280.o)
    0x0800f45c   0x0800f45c   0x00000044   Code   RO          184    .text.PHY_SetPAMode  main.o
    0x0800f4a0   0x0800f4a0   0x00000048   Code   RO          604    .text.PHY_Stop      AFHDS3 SX1280 receiver V1 M0+ release.lib(phy sx1280.o)
    0x0800f4e8   0x0800f4e8   0x0000020c   Code   RO          628    .text.PHY_TX        AFHDS3 SX1280 receiver V1 M0+ release.lib(phy sx1280.o)
    0x0800f6f4   0x0800f6f4   0x00000088   Code   RO          630    .text.PHY_TXCallback1  AFHDS3 SX1280 receiver V1 M0+ release.lib(phy sx1280.o)
    0x0800f77c   0x0800f77c   0x00000078   Code   RO          650    .text.PHY_TXCallback2  AFHDS3 SX1280 receiver V1 M0+ release.lib(phy sx1280.o)
    0x0800f7f4   0x0800f7f4   0x00000024   Code   RO          652    .text.PHY_TXCallback3  AFHDS3 SX1280 receiver V1 M0+ release.lib(phy sx1280.o)
    0x0800f818   0x0800f818   0x00000044   Code   RO          654    .text.PHY_TXCallback4  AFHDS3 SX1280 receiver V1 M0+ release.lib(phy sx1280.o)
    0x0800f85c   0x0800f85c   0x00000018   Code   RO          656    .text.PHY_TXCallback5  AFHDS3 SX1280 receiver V1 M0+ release.lib(phy sx1280.o)
    0x0800f874   0x0800f874   0x00000040   Code   RO          658    .text.PHY_TXCallback6  AFHDS3 SX1280 receiver V1 M0+ release.lib(phy sx1280.o)
    0x0800f8b4   0x0800f8b4   0x0000050c   Code   RO          602    .text.PHY_TimerCompareIRQHandler  AFHDS3 SX1280 receiver V1 M0+ release.lib(phy sx1280.o)
    0x0800fdc0   0x0800fdc0   0x00000028   Code   RO         1057    .text.PPM_Init      New Port 8 channels 4 ports M0+ release.lib(npt ppm.o)
    0x0800fde8   0x0800fde8   0x00000088   Code   RO         1061    .text.PPM_SetChannels  New Port 8 channels 4 ports M0+ release.lib(npt ppm.o)
    0x0800fe70   0x0800fe70   0x00000010   Code   RO         1063    .text.PPM_StartDeinit  New Port 8 channels 4 ports M0+ release.lib(npt ppm.o)
    0x0800fe80   0x0800fe80   0x000000cc   Code   RO         1065    .text.PPM_TimerCompareCallback  New Port 8 channels 4 ports M0+ release.lib(npt ppm.o)
    0x0800ff4c   0x0800ff4c   0x00000010   Code   RO         1059    .text.PPM_TimerCompareIRQHandler  New Port 8 channels 4 ports M0+ release.lib(npt ppm.o)
    0x0800ff5c   0x0800ff5c   0x00000020   Code   RO          365    .text.PWMA_Activate  pwm adapter.o
    0x0800ff7c   0x0800ff7c   0x00000008   Code   RO          369    .text.PWMA_CallPWMSetFrequency  pwm adapter.o
    0x0800ff84   0x0800ff84   0x00000008   Code   RO          335    .text.PWMA_IBus1TimerIRQHandler  pwm adapter.o
    0x0800ff8c   0x0800ff8c   0x00000008   Code   RO          337    .text.PWMA_IBus2TimerIRQHandler  pwm adapter.o
    0x0800ff94   0x0800ff94   0x00000070   Code   RO          371    .text.PWMA_Init     pwm adapter.o
    0x08010004   0x08010004   0x00000178   Code   RO         1076    .text.PWM_Init      New Port 8 channels 4 ports M0+ release.lib(npt pwm.o)
    0x0801017c   0x0801017c   0x00000254   Code   RO         1080    .text.PWM_SetChannels  New Port 8 channels 4 ports M0+ release.lib(npt pwm.o)
    0x080103d0   0x080103d0   0x0000008c   Code   RO         1082    .text.PWM_SetFrequencies  New Port 8 channels 4 ports M0+ release.lib(npt pwm.o)
    0x0801045c   0x0801045c   0x00000014   Code   RO         1084    .text.PWM_StartDeinit  New Port 8 channels 4 ports M0+ release.lib(npt pwm.o)
    0x08010470   0x08010470   0x00000110   Code   RO         1086    .text.PWM_TimerCompareCallback  New Port 8 channels 4 ports M0+ release.lib(npt pwm.o)
    0x08010580   0x08010580   0x00000010   Code   RO         1078    .text.PWM_TimerCompareIRQHandler  New Port 8 channels 4 ports M0+ release.lib(npt pwm.o)
    0x08010590   0x08010590   0x00000008   Code   RO          438    .text.RTC_TAMP_IRQHandler  system.o
    0x08010598   0x08010598   0x00000028   Code   RO         1012    .text.SB_Init       New Port 8 channels 4 ports M0+ release.lib(npt s-bus.o)
    0x080105c0   0x080105c0   0x0000003c   Code   RO         1014    .text.SB_SetChannels  New Port 8 channels 4 ports M0+ release.lib(npt s-bus.o)
    0x080105fc   0x080105fc   0x00000010   Code   RO         1018    .text.SB_StartDeinit  New Port 8 channels 4 ports M0+ release.lib(npt s-bus.o)
    0x0801060c   0x0801060c   0x00000104   Code   RO         1020    .text.SB_TimerCompareCallback  New Port 8 channels 4 ports M0+ release.lib(npt s-bus.o)
    0x08010710   0x08010710   0x00000010   Code   RO         1016    .text.SB_TimerCompareIRQHandler  New Port 8 channels 4 ports M0+ release.lib(npt s-bus.o)
    0x08010720   0x08010720   0x0000004c   Code   RO          741    .text.SES_Bind      AFHDS3 SX1280 receiver V1 M0+ release.lib(ses afhds3.o)
    0x0801076c   0x0801076c   0x0000018c   Code   RO          210    .text.SES_BindCallback  main.o
    0x080108f8   0x080108f8   0x00000040   Code   RO          224    .text.SES_BuildRealtimePacketCallback  main.o
    0x08010938   0x08010938   0x000006e8   Code   RO          218    .text.SES_CommandReceivedCallback  main.o
    0x08011020   0x08011020   0x00000024   Code   RO          228    .text.SES_CommandReceivedCallbackInvalid  main.o
    0x08011044   0x08011044   0x00000020   Code   RO          230    .text.SES_CommandReceivedCallbackNotSupported  main.o
    0x08011064   0x08011064   0x0000001c   Code   RO          747    .text.SES_Factory   AFHDS3 SX1280 receiver V1 M0+ release.lib(ses afhds3.o)
    0x08011080   0x08011080   0x00000014   Code   RO          753    .text.SES_GetRFCycleTime  AFHDS3 SX1280 receiver V1 M0+ release.lib(ses afhds3.o)
    0x08011094   0x08011094   0x0000003c   Code   RO          226    .text.SES_HeartbeatCallback  main.o
    0x080110d0   0x080110d0   0x00000014   Code   RO          759    .text.SES_Idle      AFHDS3 SX1280 receiver V1 M0+ release.lib(ses afhds3.o)
    0x080110e4   0x080110e4   0x00000010   Code   RO          761    .text.SES_Init      AFHDS3 SX1280 receiver V1 M0+ release.lib(ses afhds3.o)
    0x080110f4   0x080110f4   0x00000008   Code   RO          763    .text.SES_IsWSIdle  AFHDS3 SX1280 receiver V1 M0+ release.lib(ses afhds3.o)
    0x080110fc   0x080110fc   0x00000040   Code   RO          739    .text.SES_MsIRQHandler  AFHDS3 SX1280 receiver V1 M0+ release.lib(ses afhds3.o)
    0x0801113c   0x0801113c   0x00000130   Code   RO          569    .text.SES_PackChannels  AFHDS3 RC channels packing library M0+ release.lib(afhds3 rc channels packing library.o)
    0x0801126c   0x0801126c   0x00000150   Code   RO          571    .text.SES_PackOneChannel  AFHDS3 RC channels packing library M0+ release.lib(afhds3 rc channels packing library.o)
    0x080113bc   0x080113bc   0x00000098   Code   RO          563    .text.SES_PackPWMFrequencies  AFHDS3 PWM frequencies packing library M0+ release.lib(afhds3 pwm frequencies packing library.o)
    0x08011454   0x08011454   0x00000004   Code   RO          220    .text.SES_PreSetChannelsCallback  main.o
    0x08011458   0x08011458   0x00000254   Code   RO          789    .text.SES_ProcessCommand  AFHDS3 SX1280 receiver V1 M0+ release.lib(ses afhds3.o)
    0x080116ac   0x080116ac   0x000001a0   Code   RO          214    .text.SES_RealtimePacketReceivedCallback  main.o
    0x0801184c   0x0801184c   0x00000014   Code   RO          765    .text.SES_Run       AFHDS3 SX1280 receiver V1 M0+ release.lib(ses afhds3.o)
    0x08011860   0x08011860   0x000000ec   Code   RO          767    .text.SES_Run2      AFHDS3 SX1280 receiver V1 M0+ release.lib(ses afhds3.o)
    0x0801194c   0x0801194c   0x000000d0   Code   RO          769    .text.SES_SendCommand  AFHDS3 SX1280 receiver V1 M0+ release.lib(ses afhds3.o)
    0x08011a1c   0x08011a1c   0x00000084   Code   RO          771    .text.SES_SendCommandCallback  AFHDS3 SX1280 receiver V1 M0+ release.lib(ses afhds3.o)
    0x08011aa0   0x08011aa0   0x000000d0   Code   RO          773    .text.SES_SendResponse  AFHDS3 SX1280 receiver V1 M0+ release.lib(ses afhds3.o)
    0x08011b70   0x08011b70   0x0000006a   Code   RO          775    .text.SES_SendWSData  AFHDS3 SX1280 receiver V1 M0+ release.lib(ses afhds3.o)
    0x08011bda   0x08011bda   0x00000002   PAD
    0x08011bdc   0x08011bdc   0x000000f0   Code   RO          787    .text.SES_SetChannels  AFHDS3 SX1280 receiver V1 M0+ release.lib(ses afhds3.o)
    0x08011ccc   0x08011ccc   0x00000094   Code   RO          222    .text.SES_SetChannelsCallback  main.o
    0x08011d60   0x08011d60   0x00000020   Code   RO          777    .text.SES_Test      AFHDS3 SX1280 receiver V1 M0+ release.lib(ses afhds3.o)
    0x08011d80   0x08011d80   0x000000fc   Code   RO          573    .text.SES_UnpackChannels  AFHDS3 RC channels packing library M0+ release.lib(afhds3 rc channels packing library.o)
    0x08011e7c   0x08011e7c   0x00000086   Code   RO          565    .text.SES_UnpackPWMFrequencies  AFHDS3 PWM frequencies packing library M0+ release.lib(afhds3 pwm frequencies packing library.o)
    0x08011f02   0x08011f02   0x00000002   PAD
    0x08011f04   0x08011f04   0x00000020   Code   RO          216    .text.SES_WSDataReceivedCallback  main.o
    0x08011f24   0x08011f24   0x000000c0   Code   RO           55    .text.SPI_Init      spi sx1280.o
    0x08011fe4   0x08011fe4   0x00000014   Code   RO           53    .text.SPI_SX1280_BusyIRQHandler  spi sx1280.o
    0x08011ff8   0x08011ff8   0x00000080   Code   RO           61    .text.SPI_Transfer  spi sx1280.o
    0x08012078   0x08012078   0x000000c8   Code   RO           63    .text.SPI_TransferWait  spi sx1280.o
    0x08012140   0x08012140   0x00000030   Code   RO          557    .text.SYS_CalcCRC32Table  AFHDS3 CRC library M0+ release.lib(afhds3 crc library.o)
    0x08012170   0x08012170   0x00000020   Code   RO          553    .text.SYS_CalcCRC8Table  AFHDS3 CRC library M0+ release.lib(afhds3 crc library.o)
    0x08012190   0x08012190   0x00000028   Code   RO          442    .text.SYS_CalcChecksum16  system.o
    0x080121b8   0x080121b8   0x00000018   Code   RO          444    .text.SYS_DelayUs   system.o
    0x080121d0   0x080121d0   0x00000018   Code   RO          446    .text.SYS_DisableIRQs  system.o
    0x080121e8   0x080121e8   0x00000014   Code   RO          448    .text.SYS_EnableIRQs  system.o
    0x080121fc   0x080121fc   0x0000001c   Code   RO          942    .text.SYS_GetSimpleRandomNumber  AFHDS3 simple random number library M0+ release.lib(afhds3 simple random number library.o)
    0x08012218   0x08012218   0x00000170   Code   RO          450    .text.SYS_Init      system.o
    0x08012388   0x08012388   0x00000058   Code   RO          579    .text.SYS_LowPriorityIRQCallback  AFHDS3 queue low priority IRQ library 8Q4Q M0+ release.lib(afhds3 queue low priority irq library.o)
    0x080123e0   0x080123e0   0x00000058   Code   RO          588    .text.SYS_MediumPriorityIRQCallback  AFHDS3 queue medium priority IRQ library 8Q32Q M0+ release.lib(afhds3 queue medium priority irq library.o)
    0x08012438   0x08012438   0x0000002c   Code   RO          581    .text.SYS_QueueLowPriorityIRQCallback  AFHDS3 queue low priority IRQ library 8Q4Q M0+ release.lib(afhds3 queue low priority irq library.o)
    0x08012464   0x08012464   0x00000030   Code   RO          583    .text.SYS_QueueLowPriorityIRQCallbackLast  AFHDS3 queue low priority IRQ library 8Q4Q M0+ release.lib(afhds3 queue low priority irq library.o)
    0x08012494   0x08012494   0x0000002c   Code   RO          590    .text.SYS_QueueMediumPriorityIRQCallback  AFHDS3 queue medium priority IRQ library 8Q32Q M0+ release.lib(afhds3 queue medium priority irq library.o)
    0x080124c0   0x080124c0   0x00000038   Code   RO          592    .text.SYS_QueueMediumPriorityIRQCallbackLast  AFHDS3 queue medium priority IRQ library 8Q32Q M0+ release.lib(afhds3 queue medium priority irq library.o)
    0x080124f8   0x080124f8   0x0000001c   Code   RO          456    .text.SYS_ResetToBootloader  system.o
    0x08012514   0x08012514   0x0000000a   Code   RO          464    .text.SYS_TriggerLowPriorityCallback  system.o
    0x0801251e   0x0801251e   0x0000000a   Code   RO          468    .text.SYS_TriggerMediumPriorityCallback  system.o
    0x08012528   0x08012528   0x00000002   Code   RO          440    .text.SystemInit    system.o
    0x0801252a   0x0801252a   0x00000002   PAD
    0x0801252c   0x0801252c   0x00000094   Code   RO          291    .text.TIM15_IRQHandler  npt timer.o
    0x080125c0   0x080125c0   0x00000050   Code   RO          293    .text.TIM16_IRQHandler  npt timer.o
    0x08012610   0x08012610   0x00000038   Code   RO           97    .text.TIM17_IRQHandler  lnk timer.o
    0x08012648   0x08012648   0x000000d8   Code   RO          285    .text.TIM1_CC_IRQHandler  npt timer.o
    0x08012720   0x08012720   0x000000a4   Code   RO          289    .text.TIM3_IRQHandler  npt timer.o
    0x080127c4   0x080127c4   0x00000044   Code   RO          434    .text.TIM6_IRQHandler  system.o
    0x08012808   0x08012808   0x0000003c   Code   RO          949    .text.TRA_Bind      AFHDS3 SX1280 receiver V1 M0+ release.lib(tra afhds3.o)
    0x08012844   0x08012844   0x00000108   Code   RO          745    .text.TRA_BindCallback  AFHDS3 SX1280 receiver V1 M0+ release.lib(ses afhds3.o)
    0x0801294c   0x0801294c   0x00000018   Code   RO          783    .text.TRA_BuildRealtimePacketCallback  AFHDS3 SX1280 receiver V1 M0+ release.lib(ses afhds3.o)
    0x08012964   0x08012964   0x0000001c   Code   RO          955    .text.TRA_Factory   AFHDS3 SX1280 receiver V1 M0+ release.lib(tra afhds3.o)
    0x08012980   0x08012980   0x00000014   Code   RO          961    .text.TRA_GetRFCycleTime  AFHDS3 SX1280 receiver V1 M0+ release.lib(tra afhds3.o)
    0x08012994   0x08012994   0x0000006c   Code   RO          785    .text.TRA_HeartbeatCallback  AFHDS3 SX1280 receiver V1 M0+ release.lib(ses afhds3.o)
    0x08012a00   0x08012a00   0x00000018   Code   RO          965    .text.TRA_Idle      AFHDS3 SX1280 receiver V1 M0+ release.lib(tra afhds3.o)
    0x08012a18   0x08012a18   0x00000010   Code   RO          967    .text.TRA_Init      AFHDS3 SX1280 receiver V1 M0+ release.lib(tra afhds3.o)
    0x08012a28   0x08012a28   0x00000050   Code   RO          969    .text.TRA_IsWSIdle  AFHDS3 SX1280 receiver V1 M0+ release.lib(tra afhds3.o)
    0x08012a78   0x08012a78   0x00000100   Code   RO          779    .text.TRA_RealtimePacketReceivedCallback  AFHDS3 SX1280 receiver V1 M0+ release.lib(ses afhds3.o)
    0x08012b78   0x08012b78   0x00000018   Code   RO          971    .text.TRA_Run       AFHDS3 SX1280 receiver V1 M0+ release.lib(tra afhds3.o)
    0x08012b90   0x08012b90   0x000000e8   Code   RO          973    .text.TRA_Run2      AFHDS3 SX1280 receiver V1 M0+ release.lib(tra afhds3.o)
    0x08012c78   0x08012c78   0x000000fc   Code   RO          975    .text.TRA_SendWSData  AFHDS3 SX1280 receiver V1 M0+ release.lib(tra afhds3.o)
    0x08012d74   0x08012d74   0x00000034   Code   RO          977    .text.TRA_SendWSDataCallback  AFHDS3 SX1280 receiver V1 M0+ release.lib(tra afhds3.o)
    0x08012da8   0x08012da8   0x00000008   Code   RO          979    .text.TRA_SetAntenna  AFHDS3 SX1280 receiver V1 M0+ release.lib(tra afhds3.o)
    0x08012db0   0x08012db0   0x00000008   Code   RO          951    .text.TRA_Stop      AFHDS3 SX1280 receiver V1 M0+ release.lib(tra afhds3.o)
    0x08012db8   0x08012db8   0x00000020   Code   RO          981    .text.TRA_Test      AFHDS3 SX1280 receiver V1 M0+ release.lib(tra afhds3.o)
    0x08012dd8   0x08012dd8   0x00000200   Code   RO          781    .text.TRA_WSDataReceivedCallback  AFHDS3 SX1280 receiver V1 M0+ release.lib(ses afhds3.o)
    0x08012fd8   0x08012fd8   0x00000028   Code   RO          498    .text.USART1_IRQHandler  usart new port.o
    0x08013000   0x08013000   0x00000028   Code   RO          504    .text.USART2_IRQHandler  usart new port.o
    0x08013028   0x08013028   0x00000068   Code   RO          506    .text.USART3_4_IRQHandler  usart new port.o
    0x08013090   0x08013090   0x00000050   Code   RO          508    .text.USART_IDLEIRQHandler  usart new port.o
    0x080130e0   0x080130e0   0x000000b8   Code   RO          510    .text.USART_NPT_Deinit  usart new port.o
    0x08013198   0x08013198   0x00000018   Code   RO          512    .text.USART_NPT_GetNbReceivedBytes  usart new port.o
    0x080131b0   0x080131b0   0x000002d4   Code   RO          514    .text.USART_NPT_Init  usart new port.o
    0x08013484   0x08013484   0x000000ac   Code   RO          524    .text.USART_NPT_ReceiveSetup  usart new port.o
    0x08013530   0x08013530   0x00000048   Code   RO          526    .text.USART_NPT_ReceiveStart  usart new port.o
    0x08013578   0x08013578   0x0000001c   Code   RO          528    .text.USART_NPT_ReceiveStop  usart new port.o
    0x08013594   0x08013594   0x000000a8   Code   RO          530    .text.USART_NPT_TransmitSetup  usart new port.o
    0x0801363c   0x0801363c   0x00000018   Code   RO          532    .text.USART_NPT_TransmitStart  usart new port.o
    0x08013654   0x08013654   0x00000034   Code   RO          500    .text.USART_RTOIRQHandler  usart new port.o
    0x08013688   0x08013688   0x0000003c   Code   RO          502    .text.USART_TCIRQHandler  usart new port.o
    0x080136c4   0x080136c4   0x00000050   Code   RO         1034    .text.WS_DataReceivedCallback  New Port 8 channels 4 ports M0+ release.lib(npt ws.o)
    0x08013714   0x08013714   0x00000024   Code   RO         1036    .text.WS_Deinit     New Port 8 channels 4 ports M0+ release.lib(npt ws.o)
    0x08013738   0x08013738   0x00000060   Code   RO         1038    .text.WS_Init       New Port 8 channels 4 ports M0+ release.lib(npt ws.o)
    0x08013798   0x08013798   0x00000028   Code   RO         1032    .text.WS_MsIRQHandler  New Port 8 channels 4 ports M0+ release.lib(npt ws.o)
    0x080137c0   0x080137c0   0x00000090   Code   RO         1040    .text.WS_SendData   New Port 8 channels 4 ports M0+ release.lib(npt ws.o)
    0x08013850   0x08013850   0x00000030   Code   RO         1044    .text.WS_SetUSARTConfig  New Port 8 channels 4 ports M0+ release.lib(npt ws.o)
    0x08013880   0x08013880   0x0000004c   Code   RO         1042    .text.WS_TransmitCallback  New Port 8 channels 4 ports M0+ release.lib(npt ws.o)
    0x080138cc   0x080138cc   0x00000010   Code   RO         1046    .text.WS_TransmitIRQHandler  New Port 8 channels 4 ports M0+ release.lib(npt ws.o)
    0x080138dc   0x080138dc   0x00000018   Code   RO          436    .text.WWDG_IRQHandler  system.o
    0x080138f4   0x080138f4   0x00000018   Code   RO          518    .text.__NVIC_ClearPendingIRQ  usart new port.o
    0x0801390c   0x0801390c   0x00000020   Code   RO          516    .text.__NVIC_DisableIRQ  usart new port.o
    0x0801392c   0x0801392c   0x0000000c   Code   RO           59    .text.__NVIC_EnableIRQ  spi sx1280.o
    0x08013938   0x08013938   0x0000000c   Code   RO          115    .text.__NVIC_EnableIRQ  lnk timer.o
    0x08013944   0x08013944   0x00000008   Code   RO          196    .text.__NVIC_EnableIRQ  main.o
    0x0801394c   0x0801394c   0x00000014   Code   RO          307    .text.__NVIC_EnableIRQ  npt timer.o
    0x08013960   0x08013960   0x00000014   Code   RO          454    .text.__NVIC_EnableIRQ  system.o
    0x08013974   0x08013974   0x00000018   Code   RO          522    .text.__NVIC_EnableIRQ  usart new port.o
    0x0801398c   0x0801398c   0x00000018   Code   RO          466    .text.__NVIC_SetPendingIRQ  system.o
    0x080139a4   0x080139a4   0x00000014   Code   RO           57    .text.__NVIC_SetPriority  spi sx1280.o
    0x080139b8   0x080139b8   0x00000018   Code   RO          105    .text.__NVIC_SetPriority  lnk timer.o
    0x080139d0   0x080139d0   0x00000018   Code   RO          194    .text.__NVIC_SetPriority  main.o
    0x080139e8   0x080139e8   0x00000038   Code   RO          297    .text.__NVIC_SetPriority  npt timer.o
    0x08013a20   0x08013a20   0x00000038   Code   RO          452    .text.__NVIC_SetPriority  system.o
    0x08013a58   0x08013a58   0x00000040   Code   RO          520    .text.__NVIC_SetPriority  usart new port.o
    0x08013a98   0x08013a98   0x00000014   Code   RO          367    .text.__NVIC_SystemReset  pwm adapter.o
    0x08013aac   0x08013aac   0x0000001c   Code   RO          458    .text.__NVIC_SystemReset  system.o
    0x08013ac8   0x08013ac8   0x000001e8   Code   RO          192    .text.main          main.o
    0x08013cb0   0x08013cb0   0x000001ee   Code   RO         1112    .text_divfast       c_p.l(aeabi_sdivfast.o)
    0x08013e9e   0x08013e9e   0x00000003   Data   RO          258    .rodata.APP_WS_DefaultUSARTConfig  main.o
    0x08013ea1   0x08013ea1   0x00000003   Data   RO          416    .rodata.IB1D_Description  pwm adapter.o
    0x08013ea4   0x08013ea4   0x00000001   Data   RO          415    .rodata.IB1D_NbDevices  pwm adapter.o
    0x08013ea5   0x08013ea5   0x00000003   PAD
    0x08013ea8   0x08013ea8   0x00000004   Data   RO          417    .rodata.IB1D_ReceiveTimeoutOffset  pwm adapter.o
    0x08013eac   0x08013eac   0x00000004   Data   RO          418    .rodata.IB1D_TransmitTimeDelay  pwm adapter.o
    0x08013eb0   0x08013eb0   0x00000003   Data   RO          888    .rodata.IB1_USARTConfig  New Port 8 channels 4 ports M0+ release.lib(npt i-bus 1.o)
    0x08013eb3   0x08013eb3   0x00000001   PAD
    0x08013eb4   0x08013eb4   0x00000064   Data   RO          420    .rodata.IB2D_InitStruct  pwm adapter.o
    0x08013f18   0x08013f18   0x00000003   Data   RO          827    .rodata.IB2D_USARTConfig  i-Bus 2 device library M0+ release.lib(i-bus 2 device library.o)
    0x08013f1b   0x08013f1b   0x00000003   Data   RO          932    .rodata.IB2_USARTConfig  New Port 8 channels 4 ports M0+ release.lib(npt i-bus 2.o)
    0x08013f1e   0x08013f1e   0x00000002   PAD
    0x08013f20   0x08013f20   0x00000008   Data   RO          146    .rodata.LEDP_InternalError  led.o
    0x08013f28   0x08013f28   0x00000008   Data   RO          140    .rodata.LED_Bind    led.o
    0x08013f30   0x08013f30   0x00000008   Data   RO          145    .rodata.LED_Factory  led.o
    0x08013f38   0x08013f38   0x00000008   Data   RO          148    .rodata.LED_PWMA_Configured  led.o
    0x08013f40   0x08013f40   0x00000008   Data   RO          147    .rodata.LED_PWMA_NoSignal  led.o
    0x08013f48   0x08013f48   0x00000008   Data   RO          143    .rodata.LED_Synchronized  led.o
    0x08013f50   0x08013f50   0x00000008   Data   RO          142    .rodata.LED_Synchronizing  led.o
    0x08013f58   0x08013f58   0x00000008   Data   RO          144    .rodata.LED_Test    led.o
    0x08013f60   0x08013f60   0x000000a1   Data   RO          735    .rodata.LNK_SignalStrengthTable  AFHDS3 SX1280 receiver V1 M0+ release.lib(lnk afhds3 receiver.o)
    0x08014001   0x08014001   0x00000003   PAD
    0x08014004   0x08014004   0x0000000e   Data   RO          733    .rodata.PHY_ConfigBind  AFHDS3 SX1280 receiver V1 M0+ release.lib(lnk afhds3 receiver.o)
    0x08014012   0x08014012   0x00000002   PAD
    0x08014014   0x08014014   0x0000000e   Data   RO          734    .rodata.PHY_ConfigFactory  AFHDS3 SX1280 receiver V1 M0+ release.lib(lnk afhds3 receiver.o)
    0x08014022   0x08014022   0x00000003   Data   RO          666    .rodata.PHY_SX1280_Cmd_ClearIRQStatusTXRXDone  AFHDS3 SX1280 receiver V1 M0+ release.lib(phy sx1280.o)
    0x08014025   0x08014025   0x00000004   Data   RO          667    .rodata.PHY_SX1280_Cmd_GetIRQStatus  AFHDS3 SX1280 receiver V1 M0+ release.lib(phy sx1280.o)
    0x08014029   0x08014029   0x00000007   Data   RO          668    .rodata.PHY_SX1280_Cmd_GetPacketStatus  AFHDS3 SX1280 receiver V1 M0+ release.lib(phy sx1280.o)
    0x08014030   0x08014030   0x00000003   Data   RO          664    .rodata.PHY_SX1280_Cmd_GetRSSIInst  AFHDS3 SX1280 receiver V1 M0+ release.lib(phy sx1280.o)
    0x08014033   0x08014033   0x00000003   Data   RO          670    .rodata.PHY_SX1280_Cmd_SetBufferBaseAddress  AFHDS3 SX1280 receiver V1 M0+ release.lib(phy sx1280.o)
    0x08014036   0x08014036   0x00000001   Data   RO          671    .rodata.PHY_SX1280_Cmd_SetFS  AFHDS3 SX1280 receiver V1 M0+ release.lib(phy sx1280.o)
    0x08014037   0x08014037   0x00000004   Data   RO          663    .rodata.PHY_SX1280_Cmd_SetRX  AFHDS3 SX1280 receiver V1 M0+ release.lib(phy sx1280.o)
    0x0801403b   0x0801403b   0x00000002   Data   RO          660    .rodata.PHY_SX1280_Cmd_SetStandbyXOSC  AFHDS3 SX1280 receiver V1 M0+ release.lib(phy sx1280.o)
    0x0801403d   0x0801403d   0x00000004   Data   RO          662    .rodata.PHY_SX1280_Cmd_SetTX  AFHDS3 SX1280 receiver V1 M0+ release.lib(phy sx1280.o)
    0x08014041   0x08014041   0x00000001   Data   RO          661    .rodata.PHY_SX1280_Cmd_SetTXContinuousWave  AFHDS3 SX1280 receiver V1 M0+ release.lib(phy sx1280.o)
    0x08014042   0x08014042   0x00000018   Data   RO          665    .rodata.PHY_SX1280_InitRegisters  AFHDS3 SX1280 receiver V1 M0+ release.lib(phy sx1280.o)
    0x0801405a   0x0801405a   0x0000002c   Data   RO          672    .rodata.PHY_SX1280_SymbolTimeTable  AFHDS3 SX1280 receiver V1 M0+ release.lib(phy sx1280.o)
    0x08014086   0x08014086   0x00000004   Data   RO          419    .rodata.PWM_NewPortTypes  pwm adapter.o
    0x0801408a   0x0801408a   0x00000001   Data   RO          272    .rodata.PWM_RXFirstPWMRCChannelNb  main.o
    0x0801408b   0x0801408b   0x00000003   Data   RO         1022    .rodata.SB_USARTConfig  New Port 8 channels 4 ports M0+ release.lib(npt s-bus.o)
    0x0801408e   0x0801408e   0x00000002   PAD
    0x08014090   0x08014090   0x00000014   Data   RO          254    .rodata.SES_BindStruct  main.o
    0x080140a4   0x080140a4   0x00000020   Data   RO          265    .rodata.SES_Capabilities  main.o
    0x080140c4   0x080140c4   0x00000024   Data   RO         1088    .rodata.SES_NarrowPWMStandards  New Port 8 channels 4 ports M0+ release.lib(npt pwm.o)
    0x080140e8   0x080140e8   0x00000080   Data   RO          576    .rodata.SES_UnpackChannelsFactors  AFHDS3 RC channels packing library M0+ release.lib(afhds3 rc channels packing library.o)
    0x08014168   0x08014168   0x00000400   Data   RO          560    .rodata.SYS_CRC32Table  AFHDS3 CRC library M0+ release.lib(afhds3 crc library.o)
    0x08014568   0x08014568   0x00000100   Data   RO          559    .rodata.SYS_CRC8Table  AFHDS3 CRC library M0+ release.lib(afhds3 crc library.o)
    0x08014668   0x08014668   0x00000001   Data   RO          534    .rodata.USART_NPT_ReceiveTimeDelay  usart new port.o
    0x08014669   0x08014669   0x00000001   Data   RO          536    .rodata.USART_NPT_TransmitCompleteTimeDelay  usart new port.o
    0x0801466a   0x0801466a   0x00000001   Data   RO          535    .rodata.USART_NPT_TransmitTimeDelay  usart new port.o
    0x0801466b   0x0801466b   0x00000001   PAD
    0x0801466c   0x0801466c   0x00000040   Data   RO          575    .rodata.cst32       AFHDS3 RC channels packing library M0+ release.lib(afhds3 rc channels packing library.o)
    0x080146ac   0x080146ac   0x00000018   Data   RO          320    .rodata.cst8        npt timer.o



  Load Region LR$$.ARM.__at_0x08006F80 (Base: 0x08006f80, Size: 0x00000004, Max: 0x00000004, ABSOLUTE)

    Execution Region ER$$.ARM.__at_0x08006F80 (Exec base: 0x08006f80, Load base: 0x08006f80, Size: 0x00000004, Max: 0x00000004, ABSOLUTE, UNINIT)

    Exec Addr    Load Addr    Size         Type   Attr      Idx    E Section Name        Object

    0x08006f80   0x08006f80   0x00000004   Data   RO          484    .ARM.__at_0x08006F80  system receiver.o



  Load Region LR$$.ARM.__at_0x08006F84 (Base: 0x08006f84, Size: 0x00000004, Max: 0x00000004, ABSOLUTE)

    Execution Region ER$$.ARM.__at_0x08006F84 (Exec base: 0x08006f84, Load base: 0x08006f84, Size: 0x00000004, Max: 0x00000004, ABSOLUTE, UNINIT)

    Exec Addr    Load Addr    Size         Type   Attr      Idx    E Section Name        Object

    0x08006f84   0x08006f84   0x00000004   Data   RO          485    .ARM.__at_0x08006F84  system receiver.o



  Load Region LR$$.ARM.__at_0x08006F88 (Base: 0x08006f88, Size: 0x00000004, Max: 0x00000004, ABSOLUTE)

    Execution Region ER$$.ARM.__at_0x08006F88 (Exec base: 0x08006f88, Load base: 0x08006f88, Size: 0x00000004, Max: 0x00000004, ABSOLUTE, UNINIT)

    Exec Addr    Load Addr    Size         Type   Attr      Idx    E Section Name        Object

    0x08006f88   0x08006f88   0x00000004   Data   RO          486    .ARM.__at_0x08006F88  system receiver.o



  Load Region LR$$.ARM.__at_0x08006F8C (Base: 0x08006f8c, Size: 0x00000004, Max: 0x00000004, ABSOLUTE)

    Execution Region ER$$.ARM.__at_0x08006F8C (Exec base: 0x08006f8c, Load base: 0x08006f8c, Size: 0x00000004, Max: 0x00000004, ABSOLUTE, UNINIT)

    Exec Addr    Load Addr    Size         Type   Attr      Idx    E Section Name        Object

    0x08006f8c   0x08006f8c   0x00000002   Data   RO          487    .ARM.__at_0x08006F8C  system receiver.o



  Load Region LR$$.ARM.__at_0x08006F90 (Base: 0x08006f90, Size: 0x00000070, Max: 0x00000070, ABSOLUTE)

    Execution Region ER$$.ARM.__at_0x08006F90 (Exec base: 0x08006f90, Load base: 0x08006f90, Size: 0x00000070, Max: 0x00000070, ABSOLUTE, UNINIT)

    Exec Addr    Load Addr    Size         Type   Attr      Idx    E Section Name        Object

    0x08006f90   0x08006f90   0x00000070   Data   RO          488    .ARM.__at_0x08006F90  system receiver.o


==============================================================================

Image component sizes


      Code (inc. data)   RO Data    RW Data    ZI Data      Debug   Object Name

       428         44          0          0         19       3304   adc.o
       182          0          0          0          0       1438   eeprom.o
       420         20          0          0          0       3843   i2c.o
       180         24         64          0         17       2614   led.o
       400         60          0          0         16       5619   lnk timer.o
      4708        594         56        248       1644      39482   main.o
      3560        404         24          0        109      11670   npt timer.o
      1538        168        116          0         21      15938   pwm adapter.o
       720         88          0          0          5       6264   spi sx1280.o
        52         22        184          0       1024        624   startup_stm32g070xx.o
         0          0        126          0          0        799   system receiver.o
       754         96          0          0          6       7228   system.o
      1916        164          3        128         13      10594   usart new port.o

    ----------------------------------------------------------------------
     14872       1684        611        376       2918     109417   Object Totals
         0          0         32          0          0          0   (incl. Generated)
        14          0          6          0         44          0   (incl. Padding)

    ----------------------------------------------------------------------

      Code (inc. data)   RO Data    RW Data    ZI Data      Debug   Library Member Name

        80          8       1280          0          0        100   afhds3 crc library.o
       286          0          0          0          0         84   afhds3 pwm frequencies packing library.o
       892         24        192          0          0        116   afhds3 rc channels packing library.o
      8476        326        189          0        520        760   lnk afhds3 receiver.o
      4960        368        100          3        250        832   phy sx1280.o
      3174        180          0         20        188        732   ses afhds3.o
      2876        128          0         16        596        544   tra afhds3.o
       180          4          0          0        100        100   afhds3 queue low priority irq library.o
       188          8          0          0        324        104   afhds3 queue medium priority irq library.o
        28         12          0          4          0         52   afhds3 simple random number library.o
      1296        126          0          0         84       6022   new port.o
      2692        160          3          0          2      11961   npt i-bus 1.o
      6220        176          3          0          2      19564   npt i-bus 2.o
       372         12          0          0       1502      10167   npt i-bus common.o
       412         32          0          0         48       2483   npt ppm.o
      1420         56         36          0         88       5757   npt pwm.o
       392         36          3          0         30       3059   npt s-bus.o
       536         20          0          0         20       2933   npt ws.o
        86          0          0          0          0          0   __dczerorl2.o
         8          0          0          0          0         68   __main.o
         0          0          0          0          0          0   __rtentry.o
        12          0          0          0          0          0   __rtentry2.o
         6          0          0          0          0          0   __rtentry4.o
        60          8          0          0          0          0   __scatter.o
        28          0          0          0          0          0   __scatter_zi.o
       494          0          0          0          0         92   aeabi_sdivfast.o
        16          0          0          0          0         68   exit.o
         6          0          0          0          0        136   heapauxi.o
         0          0          0          0          0          0   indicate_semi.o
         2          0          0          0          0          0   libinit.o
         2          0          0          0          0          0   libinit2.o
         2          0          0          0          0          0   libshutdown.o
         2          0          0          0          0          0   libshutdown2.o
         8          4          0          0         96         68   libspace.o
        90          0          0          0          0         68   memcmp.o
        12          0          0          0          0         68   memcpy.o
        28          0          0          0          0         68   memset.o
        64          0          0          0          0        108   rt_memclr.o
       186          0          0          0          0        144   rt_memcpy.o
         2          0          0          0          0          0   rtexit.o
        10          0          0          0          0          0   rtexit2.o
        12          4          0          0          0         60   sys_exit.o
        62          0          0          0          0         80   sys_stackheap_outer.o
         2          0          0          0          0         68   use_no_semi.o
      1440         86          0          0         80        136   i-bus 1 device library.o
       992         52          3          0         74        280   i-bus 2 device library.o

    ----------------------------------------------------------------------
     38118       1830       1819         44       4006      66882   Library Totals
         6          0         10          1          2          0   (incl. Padding)

    ----------------------------------------------------------------------

      Code (inc. data)   RO Data    RW Data    ZI Data      Debug   Library Name

        80          8       1280          0          0        100   AFHDS3 CRC library M0+ release.lib
       286          0          0          0          0         84   AFHDS3 PWM frequencies packing library M0+ release.lib
       892         24        192          0          0        116   AFHDS3 RC channels packing library M0+ release.lib
     19486       1002        289         39       1554       2868   AFHDS3 SX1280 receiver V1 M0+ release.lib
       180          4          0          0        100        100   AFHDS3 queue low priority IRQ library 8Q4Q M0+ release.lib
       188          8          0          0        324        104   AFHDS3 queue medium priority IRQ library 8Q32Q M0+ release.lib
        28         12          0          4          0         52   AFHDS3 simple random number library M0+ release.lib
     13340        618         45          0       1776      61946   New Port 8 channels 4 ports M0+ release.lib
      1200         16          0          0         96       1096   c_p.l
      1440         86          0          0         80        136   i-Bus 1 device library M0+ release.lib
       992         52          3          0         74        280   i-Bus 2 device library M0+ release.lib

    ----------------------------------------------------------------------
     38118       1830       1819         44       4006      66882   Library Totals

    ----------------------------------------------------------------------

==============================================================================


      Code (inc. data)   RO Data    RW Data    ZI Data      Debug   

     52990       3514       2430        420       6924     175347   Grand Totals
     52990       3514       2430        232       6924     175347   ELF Image Totals (compressed)
     52990       3514       2430        232          0          0   ROM Totals

==============================================================================

    Total RO  Size (Code + RO Data)                55420 (  54.12kB)
    Total RW  Size (RW Data + ZI Data)              7344 (   7.17kB)
    Total ROM Size (Code + RO Data + RW Data)      55652 (  54.35kB)

==============================================================================

