Component: ARM Compiler 5.06 update 6 (build 750) Tool: armlink [4d35ed]

==============================================================================

Section Cross References

    startup_stm32g070xx.o(STACK) refers (Special) to heapauxi.o(.text) for __use_two_region_memory
    startup_stm32g070xx.o(HEAP) refers (Special) to heapauxi.o(.text) for __use_two_region_memory
    startup_stm32g070xx.o(RESET) refers (Special) to heapauxi.o(.text) for __use_two_region_memory
    startup_stm32g070xx.o(RESET) refers to startup_stm32g070xx.o(STACK) for __initial_sp
    startup_stm32g070xx.o(RESET) refers to startup_stm32g070xx.o(.text) for Reset_Handler
    startup_stm32g070xx.o(RESET) refers to system.o(i.WWDG_IRQHandler) for WWDG_IRQHandler
    startup_stm32g070xx.o(RESET) refers to system.o(i.RTC_TAMP_IRQHandler) for RTC_TAMP_IRQHandler
    startup_stm32g070xx.o(RESET) refers to main.o(i.EXTI4_15_IRQHandler) for EXTI4_15_IRQHandler
    startup_stm32g070xx.o(RESET) refers to spi sx1280.o(i.DMA1_Ch4_7_DMAMUX1_OVR_IRQHandler) for DMA1_Ch4_7_DMAMUX1_OVR_IRQHandler
    startup_stm32g070xx.o(RESET) refers to npt timer.o(i.TIM1_CC_IRQHandler) for TIM1_CC_IRQHandler
    startup_stm32g070xx.o(RESET) refers to npt timer.o(i.TIM3_IRQHandler) for TIM3_IRQHandler
    startup_stm32g070xx.o(RESET) refers to system.o(i.TIM6_IRQHandler) for TIM6_IRQHandler
    startup_stm32g070xx.o(RESET) refers to npt timer.o(i.TIM15_IRQHandler) for TIM15_IRQHandler
    startup_stm32g070xx.o(RESET) refers to npt timer.o(i.TIM16_IRQHandler) for TIM16_IRQHandler
    startup_stm32g070xx.o(RESET) refers to lnk timer.o(i.TIM17_IRQHandler) for TIM17_IRQHandler
    startup_stm32g070xx.o(RESET) refers to usart new port.o(i.USART1_IRQHandler) for USART1_IRQHandler
    startup_stm32g070xx.o(RESET) refers to usart new port.o(i.USART2_IRQHandler) for USART2_IRQHandler
    startup_stm32g070xx.o(RESET) refers to usart new port.o(i.USART3_4_IRQHandler) for USART3_4_IRQHandler
    startup_stm32g070xx.o(.text) refers (Special) to heapauxi.o(.text) for __use_two_region_memory
    startup_stm32g070xx.o(.text) refers to system.o(i.SystemInit) for SystemInit
    startup_stm32g070xx.o(.text) refers to __main.o(!!!main) for __main
    startup_stm32g070xx.o(.text) refers to startup_stm32g070xx.o(HEAP) for Heap_Mem
    startup_stm32g070xx.o(.text) refers to startup_stm32g070xx.o(STACK) for Stack_Mem
    adc.o(i.ADC_GetExternalVoltage) refers to main.o(.bss) for APP_Config
    adc.o(i.ADC_GetExternalVoltage) refers to adc.o(.data) for ADC_ChannelsValue
    adc.o(i.ADC_GetInternalVoltage) refers to main.o(.bss) for APP_Config
    adc.o(i.ADC_GetInternalVoltage) refers to adc.o(.data) for ADC_ChannelsValue
    adc.o(i.ADC_Init) refers to system.o(i.SYS_DelayUs) for SYS_DelayUs
    adc.o(i.ADC_Init) refers to adc.o(.data) for ADC_ChannelNb
    adc.o(i.ADC_Init) refers to adc.o(.constdata) for ADC_ChannelsNb
    adc.o(i.ADC_MsIRQHandler) refers to adc.o(.data) for ADC_Initialized
    adc.o(i.ADC_MsIRQHandler) refers to adc.o(.constdata) for ADC_ChannelsNb
    eeprom.o(i.EEPROM_Read) refers to i2c.o(i.I2C_Write) for I2C_Write
    eeprom.o(i.EEPROM_Read) refers to i2c.o(i.I2C_Read) for I2C_Read
    eeprom.o(i.EEPROM_Write) refers to rt_memcpy.o(.text) for __aeabi_memcpy
    eeprom.o(i.EEPROM_Write) refers to i2c.o(i.I2C_Write) for I2C_Write
    eeprom.o(i.EEPROM_Write) refers to i2c.o(i.I2C_Read) for I2C_Read
    spi sx1280.o(i.DMA1_Ch4_7_DMAMUX1_OVR_IRQHandler) refers to spi sx1280.o(.data) for SPI_IsTXAndRXDMA
    spi sx1280.o(i.SPI_Init) refers to spi sx1280.o(i.__NVIC_SetPriority) for __NVIC_SetPriority
    spi sx1280.o(i.SPI_Init) refers to spi sx1280.o(.data) for pSPI_BusyIRQCallback
    spi sx1280.o(i.SPI_SX1280_BusyIRQHandler) refers to spi sx1280.o(.data) for pSPI_BusyIRQCallback
    spi sx1280.o(i.SPI_Transfer) refers to spi sx1280.o(.data) for pSPI_BusyIRQCallback
    spi sx1280.o(i.SPI_TransferWait) refers to spi sx1280.o(.data) for pSPI_BusyIRQCallback
    i2c.o(i.I2C_Init) refers to i2c.o(.data) for I2C_Initialized
    i2c.o(i.I2C_Read) refers to i2c.o(i.I2C_Transfer) for I2C_Transfer
    i2c.o(i.I2C_Write) refers to i2c.o(i.I2C_Transfer) for I2C_Transfer
    lnk timer.o(i.LNKTIM_Init) refers to lnk timer.o(i.__NVIC_SetPriority) for __NVIC_SetPriority
    lnk timer.o(i.LNKTIM_Init) refers to lnk timer.o(.data) for pLNKTIM_TimerCompareIRQHandler
    lnk timer.o(i.LNKTIM_SetNextCompareIRQTime) refers to lnk timer.o(i.LNKTIM_SetNextCompareIRQTimeInternal) for LNKTIM_SetNextCompareIRQTimeInternal
    lnk timer.o(i.LNKTIM_SetNextCompareIRQTime) refers to lnk timer.o(.data) for LNKTIM_RemainingTime
    lnk timer.o(i.LNKTIM_SetNextCompareIRQTimeFromMarker) refers to lnk timer.o(i.LNKTIM_SetNextCompareIRQTimeInternal) for LNKTIM_SetNextCompareIRQTimeInternal
    lnk timer.o(i.LNKTIM_SetNextCompareIRQTimeFromMarker) refers to lnk timer.o(.data) for LNKTIM_TimerCounterMarker
[...]
    SES_SendCommand                          0x0800f5e9   Thumb Code   216  ses afhds3.o(.text.SES_SendCommand)
    SES_SendResponse                         0x0800f749   Thumb Code   208  ses afhds3.o(.text.SES_SendResponse)
    SES_SendWSData                           0x0800f819   Thumb Code   106  ses afhds3.o(.text.SES_SendWSData)
    SES_Test                                 0x0800f975   Thumb Code    32  ses afhds3.o(.text.SES_Test)
    SES_UnpackChannels                       0x0800f995   Thumb Code   252  afhds3 rc channels packing library.o(.text.SES_UnpackChannels)
    SES_UnpackPWMFrequencies                 0x0800fa91   Thumb Code   134  afhds3 pwm frequencies packing library.o(.text.SES_UnpackPWMFrequencies)
    SYS_CalcCRC32Table                       0x0800fb19   Thumb Code    48  afhds3 crc library.o(.text.SYS_CalcCRC32Table)
    SYS_CalcCRC8Table                        0x0800fb49   Thumb Code    32  afhds3 crc library.o(.text.SYS_CalcCRC8Table)
    SYS_GetSimpleRandomNumber                0x0800fb69   Thumb Code    28  afhds3 simple random number library.o(.text.SYS_GetSimpleRandomNumber)
    SYS_LowPriorityIRQCallback               0x0800fb85   Thumb Code    92  afhds3 queue low priority irq library.o(.text.SYS_LowPriorityIRQCallback)
    SYS_MediumPriorityIRQCallback            0x0800fbe1   Thumb Code    96  afhds3 queue medium priority irq library.o(.text.SYS_MediumPriorityIRQCallback)
    SYS_QueueLowPriorityIRQCallback          0x0800fc41   Thumb Code    48  afhds3 queue low priority irq library.o(.text.SYS_QueueLowPriorityIRQCallback)
    SYS_QueueLowPriorityIRQCallbackLast      0x0800fc71   Thumb Code    48  afhds3 queue low priority irq library.o(.text.SYS_QueueLowPriorityIRQCallbackLast)
    SYS_QueueMediumPriorityIRQCallback       0x0800fca1   Thumb Code    48  afhds3 queue medium priority irq library.o(.text.SYS_QueueMediumPriorityIRQCallback)
    SYS_QueueMediumPriorityIRQCallbackLast   0x0800fcd1   Thumb Code    56  afhds3 queue medium priority irq library.o(.text.SYS_QueueMediumPriorityIRQCallbackLast)
    TRA_Bind                                 0x0800fd09   Thumb Code    68  tra afhds3.o(.text.TRA_Bind)
    TRA_Factory                              0x0800fe81   Thumb Code    32  tra afhds3.o(.text.TRA_Factory)
    TRA_GetRFCycleTime                       0x0800fea1   Thumb Code    28  tra afhds3.o(.text.TRA_GetRFCycleTime)
    TRA_Idle                                 0x0800ff35   Thumb Code    28  tra afhds3.o(.text.TRA_Idle)
    TRA_Init                                 0x0800ff51   Thumb Code    20  tra afhds3.o(.text.TRA_Init)
    TRA_IsWSIdle                             0x0800ff65   Thumb Code    84  tra afhds3.o(.text.TRA_IsWSIdle)
    TRA_Run                                  0x080100b9   Thumb Code    24  tra afhds3.o(.text.TRA_Run)
    TRA_SendWSData                           0x080101b9   Thumb Code   264  tra afhds3.o(.text.TRA_SendWSData)
    TRA_SetAntenna                           0x080102f9   Thumb Code     8  tra afhds3.o(.text.TRA_SetAntenna)
    TRA_Stop                                 0x08010301   Thumb Code     8  tra afhds3.o(.text.TRA_Stop)
    TRA_Test                                 0x08010309   Thumb Code    32  tra afhds3.o(.text.TRA_Test)
    WS_Deinit                                0x08010581   Thumb Code    40  npt ws.o(.text.WS_Deinit)
    WS_Init                                  0x080105a9   Thumb Code   104  npt ws.o(.text.WS_Init)
    WS_MsIRQHandler                          0x08010611   Thumb Code    44  npt ws.o(.text.WS_MsIRQHandler)
    WS_SendData                              0x0801063d   Thumb Code   156  npt ws.o(.text.WS_SendData)
    WS_SetUSARTConfig                        0x080106d9   Thumb Code    52  npt ws.o(.text.WS_SetUSARTConfig)
    ADC_GetExternalVoltage                   0x08010769   Thumb Code    64  adc.o(i.ADC_GetExternalVoltage)
    ADC_GetInternalVoltage                   0x080107b9   Thumb Code    54  adc.o(i.ADC_GetInternalVoltage)
    ADC_Init                                 0x08010801   Thumb Code   286  adc.o(i.ADC_Init)
    ADC_MsIRQHandler                         0x0801093d   Thumb Code   170  adc.o(i.ADC_MsIRQHandler)
    APP_SaveConfig                           0x08010d25   Thumb Code   126  main.o(i.APP_SaveConfig)
    DMA1_Ch4_7_DMAMUX1_OVR_IRQHandler        0x08010e21   Thumb Code   174  spi sx1280.o(i.DMA1_Ch4_7_DMAMUX1_OVR_IRQHandler)
    EEPROM_Init                              0x08010ee1   Thumb Code     2  eeprom.o(i.EEPROM_Init)
    EEPROM_Read                              0x08010ee3   Thumb Code    56  eeprom.o(i.EEPROM_Read)
    EEPROM_Write                             0x08010f1b   Thumb Code   104  eeprom.o(i.EEPROM_Write)
    EXTI4_15_IRQHandler                      0x08010f85   Thumb Code    58  main.o(i.EXTI4_15_IRQHandler)
    I2C_Init                                 0x08010fc5   Thumb Code   124  i2c.o(i.I2C_Init)
    I2C_Read                                 0x08011055   Thumb Code    26  i2c.o(i.I2C_Read)
    I2C_Transfer                             0x08011071   Thumb Code   348  i2c.o(i.I2C_Transfer)
    I2C_Write                                0x080111d1   Thumb Code    26  i2c.o(i.I2C_Write)
    IB1DTIM_SetNextIRQTime                   0x080111eb   Thumb Code    16  pwm adapter.o(i.IB1DTIM_SetNextIRQTime)
    IB1DTIM_StartTimer                       0x080111fb   Thumb Code    18  pwm adapter.o(i.IB1DTIM_StartTimer)
    IB1DTIM_StopTimer                        0x0801120d   Thumb Code    10  pwm adapter.o(i.IB1DTIM_StopTimer)
    IB1DUSART_ReceiveSetup                   0x08011217   Thumb Code    24  pwm adapter.o(i.IB1DUSART_ReceiveSetup)
    IB1DUSART_ReceiveStart                   0x0801122f   Thumb Code    10  pwm adapter.o(i.IB1DUSART_ReceiveStart)
    IB1DUSART_TransmitSetup                  0x08011239   Thumb Code    20  pwm adapter.o(i.IB1DUSART_TransmitSetup)
    IB1DUSART_TransmitStart                  0x0801124d   Thumb Code    10  pwm adapter.o(i.IB1DUSART_TransmitStart)
    IB1D_GetParamCallback                    0x08011257   Thumb Code     6  pwm adapter.o(i.IB1D_GetParamCallback)
    IB1D_GetValueCallback                    0x0801125d   Thumb Code    36  pwm adapter.o(i.IB1D_GetValueCallback)
    IB1D_ServoOutCallback                    0x08011285   Thumb Code   124  pwm adapter.o(i.IB1D_ServoOutCallback)
    IB1D_SetBufferState                      0x08011319   Thumb Code     2  pwm adapter.o(i.IB1D_SetBufferState)
    IB1D_SetParamCallback                    0x0801131b   Thumb Code    10  pwm adapter.o(i.IB1D_SetParamCallback)
    IB1D_StatusChangedCallback               0x08011325   Thumb Code    76  pwm adapter.o(i.IB1D_StatusChangedCallback)
    IB1_GetParamResponse                     0x08011381   Thumb Code    42  main.o(i.IB1_GetParamResponse)
    IB1_SetParamResponse                     0x080113b1   Thumb Code    28  main.o(i.IB1_SetParamResponse)
    IB1_SetupServoResponse                   0x080113d1   Thumb Code    28  main.o(i.IB1_SetupServoResponse)
    IB2_GetParamResponse                     0x0801180d   Thumb Code    18  main.o(i.IB2_GetParamResponse)
    IB2_SetParamResponse                     0x08011825   Thumb Code    16  main.o(i.IB2_SetParamResponse)
    LED_Init                                 0x08011839   Thumb Code    46  led.o(i.LED_Init)
    LED_MsIRQHandler                         0x08011871   Thumb Code   108  led.o(i.LED_MsIRQHandler)
    LED_SetPattern                           0x080118ed   Thumb Code    54  led.o(i.LED_SetPattern)
    LNKTIM_GetCounter                        0x08011931   Thumb Code     8  lnk timer.o(i.LNKTIM_GetCounter)
    LNKTIM_Init                              0x0801193d   Thumb Code   110  lnk timer.o(i.LNKTIM_Init)
    LNKTIM_SetNextCompareIRQTime             0x080119c5   Thumb Code    14  lnk timer.o(i.LNKTIM_SetNextCompareIRQTime)
    LNKTIM_SetNextCompareIRQTimeFromMarker   0x080119d9   Thumb Code    22  lnk timer.o(i.LNKTIM_SetNextCompareIRQTimeFromMarker)
    LNKTIM_SetNextCompareIRQTimeInternal     0x080119fd   Thumb Code   108  lnk timer.o(i.LNKTIM_SetNextCompareIRQTimeInternal)
    LNKTIM_SetTimeMarker                     0x08011a75   Thumb Code    10  lnk timer.o(i.LNKTIM_SetTimeMarker)
    LNKTIM_StartTimer                        0x08011a89   Thumb Code    74  lnk timer.o(i.LNKTIM_StartTimer)
    LNKTIM_StopTimer                         0x08011ae5   Thumb Code    14  lnk timer.o(i.LNKTIM_StopTimer)
    NPTTIM_DisableChannel                    0x08011b05   Thumb Code   428  npt timer.o(i.NPTTIM_DisableChannel)
    NPTTIM_EnableChannel                     0x08011ce5   Thumb Code   680  npt timer.o(i.NPTTIM_EnableChannel)
    NPTTIM_FreezeCompareIRQ                  0x08011fc1   Thumb Code   242  npt timer.o(i.NPTTIM_FreezeCompareIRQ)
    NPTTIM_GetCounter                        0x080120cd   Thumb Code    88  npt timer.o(i.NPTTIM_GetCounter)
    NPTTIM_Init                              0x08012135   Thumb Code   514  npt timer.o(i.NPTTIM_Init)
    NPTTIM_SetNextCompareIRQCounter          0x0801235d   Thumb Code   390  npt timer.o(i.NPTTIM_SetNextCompareIRQCounter)
    NPTTIM_SetNextCompareIRQTime             0x08012509   Thumb Code    26  npt timer.o(i.NPTTIM_SetNextCompareIRQTime)
    NPTTIM_SetNextCompareIRQTimeFromNow      0x0801252d   Thumb Code   422  npt timer.o(i.NPTTIM_SetNextCompareIRQTimeFromNow)
    NPTTIM_SetNextCompareIRQTimeInternal     0x080126f9   Thumb Code   326  npt timer.o(i.NPTTIM_SetNextCompareIRQTimeInternal)
    NPTTIM_TriggerIRQ                        0x08012865   Thumb Code   248  npt timer.o(i.NPTTIM_TriggerIRQ)
    NPT_GetInternalSensor                    0x08012971   Thumb Code   214  main.o(i.NPT_GetInternalSensor)
    PHY_SX1280_IsBusy                        0x08012a4d   Thumb Code    14  main.o(i.PHY_SX1280_IsBusy)
    PHY_SX1280_SetResetPin                   0x08012a61   Thumb Code    22  main.o(i.PHY_SX1280_SetResetPin)
    PHY_SetAntenna                           0x08012a79   Thumb Code    32  main.o(i.PHY_SetAntenna)
    PHY_SetAttenuator                        0x08012a9d   Thumb Code     2  main.o(i.PHY_SetAttenuator)
    PHY_SetPAMode                            0x08012aa1   Thumb Code    72  main.o(i.PHY_SetPAMode)
    PWMA_Activate                            0x08012aed   Thumb Code    66  pwm adapter.o(i.PWMA_Activate)
    PWMA_CallPWMSetFrequency                 0x08012b41   Thumb Code    10  pwm adapter.o(i.PWMA_CallPWMSetFrequency)
    PWMA_IBus1TimerIRQHandler                0x08012b4b   Thumb Code    12  pwm adapter.o(i.PWMA_IBus1TimerIRQHandler)
    PWMA_IBus2TimerIRQHandler                0x08012b57   Thumb Code    12  pwm adapter.o(i.PWMA_IBus2TimerIRQHandler)
    PWMA_Init                                0x08012b65   Thumb Code   100  pwm adapter.o(i.PWMA_Init)
    RTC_TAMP_IRQHandler                      0x08012be5   Thumb Code     8  system.o(i.RTC_TAMP_IRQHandler)
    SPI_Init                                 0x080137a9   Thumb Code   256  spi sx1280.o(i.SPI_Init)
    SPI_SX1280_BusyIRQHandler                0x080138d1   Thumb Code    20  spi sx1280.o(i.SPI_SX1280_BusyIRQHandler)
    SPI_Transfer                             0x080138e9   Thumb Code   144  spi sx1280.o(i.SPI_Transfer)
    SPI_TransferWait                         0x08013995   Thumb Code   204  spi sx1280.o(i.SPI_TransferWait)
    SYS_CalcChecksum16                       0x08013a6d   Thumb Code    32  system.o(i.SYS_CalcChecksum16)
    SYS_DelayUs                              0x08013a91   Thumb Code    24  system.o(i.SYS_DelayUs)
    SYS_DisableIRQs                          0x08013aad   Thumb Code    22  system.o(i.SYS_DisableIRQs)
    SYS_EnableIRQs                           0x08013ac9   Thumb Code    22  system.o(i.SYS_EnableIRQs)
    SYS_Init                                 0x08013ae5   Thumb Code   496  system.o(i.SYS_Init)
    SYS_ResetToBootloader                    0x08013d0d   Thumb Code    62  system.o(i.SYS_ResetToBootloader)
    SYS_TriggerLowPriorityCallback           0x08013d5d   Thumb Code    10  system.o(i.SYS_TriggerLowPriorityCallback)
    SYS_TriggerMediumPriorityCallback        0x08013d67   Thumb Code    10  system.o(i.SYS_TriggerMediumPriorityCallback)
    SystemInit                               0x08013d71   Thumb Code     2  system.o(i.SystemInit)
    TIM15_IRQHandler                         0x08013d75   Thumb Code   166  npt timer.o(i.TIM15_IRQHandler)
    TIM16_IRQHandler                         0x08013e2d   Thumb Code    88  npt timer.o(i.TIM16_IRQHandler)
    TIM17_IRQHandler                         0x08013e95   Thumb Code    50  lnk timer.o(i.TIM17_IRQHandler)
    TIM1_CC_IRQHandler                       0x08013ed5   Thumb Code   244  npt timer.o(i.TIM1_CC_IRQHandler)
    TIM3_IRQHandler                          0x08013fd9   Thumb Code   166  npt timer.o(i.TIM3_IRQHandler)
    TIM6_IRQHandler                          0x08014091   Thumb Code    70  system.o(i.TIM6_IRQHandler)
    USART1_IRQHandler                        0x080140e5   Thumb Code    42  usart new port.o(i.USART1_IRQHandler)
    USART2_IRQHandler                        0x08014115   Thumb Code    42  usart new port.o(i.USART2_IRQHandler)
    USART3_4_IRQHandler                      0x08014145   Thumb Code   108  usart new port.o(i.USART3_4_IRQHandler)
    USART_NPT_Deinit                         0x08014215   Thumb Code   216  usart new port.o(i.USART_NPT_Deinit)
    USART_NPT_GetNbReceivedBytes             0x080142f9   Thumb Code    30  usart new port.o(i.USART_NPT_GetNbReceivedBytes)
    USART_NPT_Init                           0x0801431d   Thumb Code   980  usart new port.o(i.USART_NPT_Init)
    USART_NPT_ReceiveSetup                   0x08014715   Thumb Code   228  usart new port.o(i.USART_NPT_ReceiveSetup)
    USART_NPT_ReceiveStart                   0x08014805   Thumb Code    54  usart new port.o(i.USART_NPT_ReceiveStart)
    USART_NPT_ReceiveStop                    0x08014845   Thumb Code    26  usart new port.o(i.USART_NPT_ReceiveStop)
    USART_NPT_TransmitSetup                  0x08014865   Thumb Code   210  usart new port.o(i.USART_NPT_TransmitSetup)
    USART_NPT_TransmitStart                  0x08014949   Thumb Code    24  usart new port.o(i.USART_NPT_TransmitStart)
    WWDG_IRQHandler                          0x080149ed   Thumb Code    20  system.o(i.WWDG_IRQHandler)
    __ARM_common_switch8                     0x08014a05   Thumb Code    28  main.o(i.__ARM_common_switch8)
    main                                     0x08014d39   Thumb Code   590  main.o(i.main)
    LED_Bind                                 0x08014fec   Data           8  led.o(.constdata)
    LED_WaitBind                             0x08014ff4   Data           8  led.o(.constdata)
    LED_Synchronizing                        0x08014ffc   Data           8  led.o(.constdata)
    LED_Synchronized                         0x08015004   Data           8  led.o(.constdata)
    LED_Test                                 0x0801500c   Data           8  led.o(.constdata)
    LED_Factory                              0x08015014   Data           8  led.o(.constdata)
    LEDP_InternalError                       0x0801501c   Data           8  led.o(.constdata)
    LED_PWMA_NoSignal                        0x08015024   Data           8  led.o(.constdata)
    LED_PWMA_Configured                      0x0801502c   Data           8  led.o(.constdata)
    LED_SVC_Calibration                      0x08015034   Data           8  led.o(.constdata)
    LED_FC_Calibration                       0x0801503c   Data           8  led.o(.constdata)
    IB1D_NbDevices                           0x0801509c   Data           1  pwm adapter.o(.constdata)
    IB1D_Description                         0x0801509d   Data           3  pwm adapter.o(.constdata)
    IB1D_ReceiveTimeoutOffset                0x08015104   Data           4  pwm adapter.o(.constdata)
    IB1D_TransmitTimeDelay                   0x08015108   Data           4  pwm adapter.o(.constdata)
    USART_NPT_ReceiveTimeDelay               0x0801510c   Data           1  usart new port.o(.constdata)
    USART_NPT_TransmitTimeDelay              0x0801510d   Data           1  usart new port.o(.constdata)
    USART_NPT_TransmitCompleteTimeDelay      0x0801510e   Data           1  usart new port.o(.constdata)
    IB1_USARTConfig                          0x0801510f   Data           3  npt i-bus 1.o(.rodata.IB1_USARTConfig)
    IB2_USARTConfig                          0x08015115   Data           3  npt i-bus 2.o(.rodata.IB2_USARTConfig)
    APP_SignalStatus                         0x200000d8   Data           1  main.o(.data)
    APP_ConfigChanged                        0x200000d9   Data           1  main.o(.data)
    SYS_SysTickMs                            0x200001f4   Data           4  system.o(.data)
    SYS_InLowPriorityCallback                0x200001f8   Data           1  system.o(.data)
    APP_ChannelsPacked1                      0x200005d0   Data          32  main.o(.bss)
    APP_Channels1                            0x20000610   Data          64  main.o(.bss)
    APP_Channels2                            0x20000650   Data          64  main.o(.bss)
    APP_UsedFailsafe                         0x20000690   Data          64  main.o(.bss)
    APP_UsedFailsafePacked                   0x200006d0   Data          32  main.o(.bss)
    APP_PWMFrequenciesV1                     0x200006f0   Data          68  main.o(.bss)
    APP_Config                               0x20000734   Data         264  main.o(.bss)
    LNK_FactoryConfig                        0x2000088c   Data          16  main.o(.bss)
    __libspace_start                         0x2000097c   Data          96  libspace.o(.bss)
    __temporary_stack_top$libspace           0x200009dc   Data           0  libspace.o(.bss)
    NPT_ChannelsSet                          0x20000b9d   Data           1  new port.o(.bss..L_MergedGlobals)
    NPT_DeinitializationInProgress           0x20000b9e   Data           1  new port.o(.bss..L_MergedGlobals)
    pNPT_InitStruct                          0x20000ba0   Data           4  new port.o(.bss..L_MergedGlobals)
    NPT_ChannelsUs                           0x20000ba8   Data          64  new port.o(.bss..L_MergedGlobals)
    IB1_DeinitializationInProgress           0x20000be9   Data           1  npt i-bus 1.o(.bss..L_MergedGlobals)
    IB2_DeinitializationInProgress           0x20000beb   Data           1  npt i-bus 2.o(.bss..L_MergedGlobals)
    SB_DeinitializationInProgress            0x20000bf7   Data           1  npt s-bus.o(.bss..L_MergedGlobals)
    PPM_DeinitializationInProgress           0x20000c2c   Data           1  npt ppm.o(.bss..L_MergedGlobals)
    PWM_DeinitializationInProgress           0x20000c58   Data           1  npt pwm.o(.bss..L_MergedGlobals)
    IB_ModeVars                              0x20000d14   Data        1500  npt i-bus common.o(.bss.IB_ModeVars)



==============================================================================

Memory Map of the image

  Image Entry point : 0x080060b9

  Load Region LR_IROM1 (Base: 0x08006000, Size: 0x0000036c, Max: 0x00000f80, ABSOLUTE, COMPRESSED[0x0000021c])

    Execution Region ER_IROM1 (Exec base: 0x08006000, Load base: 0x08006000, Size: 0x00000138, Max: 0x00000f80, ABSOLUTE)

    Exec Addr    Load Addr    Size         Type   Attr      Idx    E Section Name        Object

    0x08006000   0x08006000   0x000000b8   Data   RO            3    RESET               startup_stm32g070xx.o
    0x080060b8   0x080060b8   0x00000008   Code   RO         1837  * !!!main             c_p.l(__main.o)
    0x080060c0   0x080060c0   0x0000003c   Code   RO         2008    !!!scatter          c_p.l(__scatter.o)
    0x080060fc   0x080060fc   0x0000001c   Code   RO         2010    !!handler_zi        c_p.l(__scatter_zi.o)
    0x08006118   0x08006118   0x00000020   Data   RO         2004    Region$$Table       anon$$obj.o


    Execution Region RW_IRAM1 (Exec base: 0x20000080, Load base: 0x08006138, Size: 0x00001ca8, Max: 0x00008f80, ABSOLUTE, COMPRESSED[0x000000e4])

    Exec Addr    Load Addr    Size         Type   Attr      Idx    E Section Name        Object

    0x20000080   COMPRESSED   0x00000015   Data   RW           17    .data               adc.o
    0x20000095   COMPRESSED   0x00000003   PAD
    0x20000098   COMPRESSED   0x00000005   Data   RW          200    .data               spi sx1280.o
    0x2000009d   COMPRESSED   0x00000001   Data   RW          259    .data               i2c.o
    0x2000009e   COMPRESSED   0x00000002   PAD
    0x200000a0   COMPRESSED   0x00000010   Data   RW          305    .data               lnk timer.o
    0x200000b0   COMPRESSED   0x00000014   Data   RW          377    .data               led.o
    0x200000c4   COMPRESSED   0x00000120   Data   RW          450    .data               main.o
    0x200001e4   COMPRESSED   0x0000000d   Data   RW          667    .data               npt timer.o
    0x200001f1   COMPRESSED   0x00000001   Data   RW          808    .data               pwm adapter.o
    0x200001f2   COMPRESSED   0x00000002   PAD
    0x200001f4   COMPRESSED   0x00000006   Data   RW         1029    .data               system.o
    0x200001fa   COMPRESSED   0x00000002   PAD
    0x200001fc   COMPRESSED   0x0000008d   Data   RW         1177    .data               usart new port.o
    0x20000289   COMPRESSED   0x00000003   Data   RW         1393    .data.PHY_SX1280_Cmd_SetTXParams  AFHDS3 SX1280 receiver V1 M0+ release.lib(phy sx1280.o)
    0x2000028c   COMPRESSED   0x00000014   Data   RW         1512    .data.SES_TransportRunUp  AFHDS3 SX1280 receiver V1 M0+ release.lib(ses afhds3.o)
    0x200002a0   COMPRESSED   0x00000004   Data   RW         1666    .data.SYS_RandomNumberSeed  AFHDS3 simple random number library M0+ release.lib(afhds3 simple random number library.o)
    0x200002a4   COMPRESSED   0x00000010   Data   RW         1712    .data.TRA_LinkRunUp  AFHDS3 SX1280 receiver V1 M0+ release.lib(tra afhds3.o)
    0x200002b4        -       0x00000652   Zero   RW          448    .bss                main.o
    0x20000906   COMPRESSED   0x00000002   PAD
    0x20000908        -       0x00000060   Zero   RW          665    .bss                npt timer.o
    0x20000968        -       0x00000014   Zero   RW          806    .bss                pwm adapter.o
    0x2000097c        -       0x00000060   Zero   RW         1877    .bss                c_p.l(libspace.o)
    0x200009dc        -       0x00000064   Zero   RW         1305    .bss..L_MergedGlobals  AFHDS3 queue low priority IRQ library 8Q4Q M0+ release.lib(afhds3 queue low priority irq library.o)
    0x20000a40        -       0x00000044   Zero   RW         1315    .bss..L_MergedGlobals  AFHDS3 queue medium priority IRQ library 8Q32Q M0+ release.lib(afhds3 queue medium priority irq library.o)
    0x20000a84   COMPRESSED   0x00000004   PAD
    0x20000a88        -       0x00000060   Zero   RW         1394    .bss..L_MergedGlobals  AFHDS3 SX1280 receiver V1 M0+ release.lib(phy sx1280.o)
    0x20000ae8        -       0x00000008   Zero   RW         1456    .bss..L_MergedGlobals  AFHDS3 SX1280 receiver V1 M0+ release.lib(lnk afhds3 receiver.o)
    0x20000af0        -       0x00000008   Zero   RW         1513    .bss..L_MergedGlobals  AFHDS3 SX1280 receiver V1 M0+ release.lib(ses afhds3.o)
    0x20000af8        -       0x00000050   Zero   RW         1524    .bss..L_MergedGlobals  i-Bus 1 device library M0+ release.lib(i-bus 1 device library.o)
    0x20000b48        -       0x0000004a   Zero   RW         1548    .bss..L_MergedGlobals  i-Bus 2 device library M0+ release.lib(i-bus 2 device library.o)
    0x20000b92   COMPRESSED   0x00000002   PAD
    0x20000b94        -       0x00000054   Zero   RW         1569    .bss..L_MergedGlobals  New Port 8 channels 4 ports M0+ release.lib(new port.o)
    0x20000be8        -       0x00000002   Zero   RW         1609    .bss..L_MergedGlobals  New Port 8 channels 4 ports M0+ release.lib(npt i-bus 1.o)
    0x20000bea        -       0x00000002   Zero   RW         1653    .bss..L_MergedGlobals  New Port 8 channels 4 ports M0+ release.lib(npt i-bus 2.o)
    0x20000bec        -       0x00000008   Zero   RW         1713    .bss..L_MergedGlobals  AFHDS3 SX1280 receiver V1 M0+ release.lib(tra afhds3.o)
    0x20000bf4        -       0x00000002   Zero   RW         1721    .bss..L_MergedGlobals  New Port 8 channels 4 ports M0+ release.lib(npt i-bus common.o)
    0x20000bf6        -       0x0000001e   Zero   RW         1743    .bss..L_MergedGlobals  New Port 8 channels 4 ports M0+ release.lib(npt s-bus.o)
    0x20000c14        -       0x00000014   Zero   RW         1768    .bss..L_MergedGlobals  New Port 8 channels 4 ports M0+ release.lib(npt ws.o)
    0x20000c28        -       0x00000030   Zero   RW         1787    .bss..L_MergedGlobals  New Port 8 channels 4 ports M0+ release.lib(npt ppm.o)
    0x20000c58        -       0x00000058   Zero   RW         1809    .bss..L_MergedGlobals  New Port 8 channels 4 ports M0+ release.lib(npt pwm.o)
    0x20000cb0        -       0x00000062   Zero   RW         1395    .bss..L_MergedGlobals.1  AFHDS3 SX1280 receiver V1 M0+ release.lib(phy sx1280.o)
    0x20000d12   COMPRESSED   0x00000002   PAD
    0x20000d14        -       0x000005dc   Zero   RW         1720    .bss.IB_ModeVars    New Port 8 channels 4 ports M0+ release.lib(npt i-bus common.o)
    0x200012f0        -       0x00000200   Zero   RW         1452    .bss.LNK_ModeVars   AFHDS3 SX1280 receiver V1 M0+ release.lib(lnk afhds3 receiver.o)
    0x200014f0        -       0x00000038   Zero   RW         1389    .bss.PHY_SX1280_DIO1IRQHandlerRXPacket  AFHDS3 SX1280 receiver V1 M0+ release.lib(phy sx1280.o)
    0x20001528        -       0x000000b4   Zero   RW         1511    .bss.SES_ModeVars   AFHDS3 SX1280 receiver V1 M0+ release.lib(ses afhds3.o)
    0x200015dc        -       0x00000100   Zero   RW         1314    .bss.SYS_MediumPriorityIRQLastStruct  AFHDS3 queue medium priority IRQ library 8Q32Q M0+ release.lib(afhds3 queue medium priority irq library.o)
    0x200016dc        -       0x0000024c   Zero   RW         1711    .bss.TRA_ModeVars   AFHDS3 SX1280 receiver V1 M0+ release.lib(tra afhds3.o)
    0x20001928        -       0x00000000   Zero   RW            2    HEAP                startup_stm32g070xx.o
    0x20001928        -       0x00000400   Zero   RW            1    STACK               startup_stm32g070xx.o



  Load Region LR_IROM2 (Base: 0x08007000, Size: 0x0000e828, Max: 0x00019000, ABSOLUTE)

    Execution Region ER_IROM2 (Exec base: 0x08007000, Load base: 0x08007000, Size: 0x0000e828, Max: 0x00019000, ABSOLUTE)

    Exec Addr    Load Addr    Size         Type   Attr      Idx    E Section Name        Object

    0x08007000   0x08007000   0x00000002   Code   RO         1875    .ARM.Collect$$libinit$$00000000  c_p.l(libinit.o)
    0x08007002   0x08007002   0x00000000   Code   RO         1889    .ARM.Collect$$libinit$$00000002  c_p.l(libinit2.o)
    0x08007002   0x08007002   0x00000000   Code   RO         1891    .ARM.Collect$$libinit$$00000004  c_p.l(libinit2.o)
    0x08007002   0x08007002   0x00000000   Code   RO         1894    .ARM.Collect$$libinit$$0000000A  c_p.l(libinit2.o)
    0x08007002   0x08007002   0x00000000   Code   RO         1896    .ARM.Collect$$libinit$$0000000C  c_p.l(libinit2.o)
    0x08007002   0x08007002   0x00000000   Code   RO         1898    .ARM.Collect$$libinit$$0000000E  c_p.l(libinit2.o)
    0x08007002   0x08007002   0x00000000   Code   RO         1901    .ARM.Collect$$libinit$$00000011  c_p.l(libinit2.o)
    0x08007002   0x08007002   0x00000000   Code   RO         1903    .ARM.Collect$$libinit$$00000013  c_p.l(libinit2.o)
    0x08007002   0x08007002   0x00000000   Code   RO         1905    .ARM.Collect$$libinit$$00000015  c_p.l(libinit2.o)
    0x08007002   0x08007002   0x00000000   Code   RO         1907    .ARM.Collect$$libinit$$00000017  c_p.l(libinit2.o)
    0x08007002   0x08007002   0x00000000   Code   RO         1909    .ARM.Collect$$libinit$$00000019  c_p.l(libinit2.o)
    0x08007002   0x08007002   0x00000000   Code   RO         1911    .ARM.Collect$$libinit$$0000001B  c_p.l(libinit2.o)
    0x08007002   0x08007002   0x00000000   Code   RO         1913    .ARM.Collect$$libinit$$0000001D  c_p.l(libinit2.o)
    0x08007002   0x08007002   0x00000000   Code   RO         1915    .ARM.Collect$$libinit$$0000001F  c_p.l(libinit2.o)
    0x08007002   0x08007002   0x00000000   Code   RO         1917    .ARM.Collect$$libinit$$00000021  c_p.l(libinit2.o)
    0x08007002   0x08007002   0x00000000   Code   RO         1919    .ARM.Collect$$libinit$$00000023  c_p.l(libinit2.o)
    0x08007002   0x08007002   0x00000000   Code   RO         1921    .ARM.Collect$$libinit$$00000025  c_p.l(libinit2.o)
    0x08007002   0x08007002   0x00000000   Code   RO         1925    .ARM.Collect$$libinit$$0000002C  c_p.l(libinit2.o)
    0x08007002   0x08007002   0x00000000   Code   RO         1927    .ARM.Collect$$libinit$$0000002E  c_p.l(libinit2.o)
    0x08007002   0x08007002   0x00000000   Code   RO         1929    .ARM.Collect$$libinit$$00000030  c_p.l(libinit2.o)
    0x08007002   0x08007002   0x00000000   Code   RO         1931    .ARM.Collect$$libinit$$00000032  c_p.l(libinit2.o)
    0x08007002   0x08007002   0x00000002   Code   RO         1932    .ARM.Collect$$libinit$$00000033  c_p.l(libinit2.o)
    0x08007004   0x08007004   0x00000002   Code   RO         1963    .ARM.Collect$$libshutdown$$00000000  c_p.l(libshutdown.o)
    0x08007006   0x08007006   0x00000000   Code   RO         1989    .ARM.Collect$$libshutdown$$00000002  c_p.l(libshutdown2.o)
    0x08007006   0x08007006   0x00000000   Code   RO         1991    .ARM.Collect$$libshutdown$$00000004  c_p.l(libshutdown2.o)
    0x08007006   0x08007006   0x00000000   Code   RO         1994    .ARM.Collect$$libshutdown$$00000007  c_p.l(libshutdown2.o)
    0x08007006   0x08007006   0x00000000   Code   RO         1997    .ARM.Collect$$libshutdown$$0000000A  c_p.l(libshutdown2.o)
    0x08007006   0x08007006   0x00000000   Code   RO         1999    .ARM.Collect$$libshutdown$$0000000C  c_p.l(libshutdown2.o)
    0x08007006   0x08007006   0x00000000   Code   RO         2002    .ARM.Collect$$libshutdown$$0000000F  c_p.l(libshutdown2.o)
    0x08007006   0x08007006   0x00000002   Code   RO         2003    .ARM.Collect$$libshutdown$$00000010  c_p.l(libshutdown2.o)
    0x08007008   0x08007008   0x00000000   Code   RO         1839    .ARM.Collect$$rtentry$$00000000  c_p.l(__rtentry.o)
    0x08007008   0x08007008   0x00000000   Code   RO         1845    .ARM.Collect$$rtentry$$00000002  c_p.l(__rtentry2.o)
    0x08007008   0x08007008   0x00000006   Code   RO         1857    .ARM.Collect$$rtentry$$00000004  c_p.l(__rtentry4.o)
    0x0800700e   0x0800700e   0x00000000   Code   RO         1847    .ARM.Collect$$rtentry$$00000009  c_p.l(__rtentry2.o)
    0x0800700e   0x0800700e   0x00000004   Code   RO         1848    .ARM.Collect$$rtentry$$0000000A  c_p.l(__rtentry2.o)
    0x08007012   0x08007012   0x00000000   Code   RO         1850    .ARM.Collect$$rtentry$$0000000C  c_p.l(__rtentry2.o)
    0x08007012   0x08007012   0x00000008   Code   RO         1851    .ARM.Collect$$rtentry$$0000000D  c_p.l(__rtentry2.o)
    0x0800701a   0x0800701a   0x00000002   Code   RO         1880    .ARM.Collect$$rtexit$$00000000  c_p.l(rtexit.o)
    0x0800701c   0x0800701c   0x00000000   Code   RO         1936    .ARM.Collect$$rtexit$$00000002  c_p.l(rtexit2.o)
    0x0800701c   0x0800701c   0x00000004   Code   RO         1937    .ARM.Collect$$rtexit$$00000003  c_p.l(rtexit2.o)
    0x08007020   0x08007020   0x00000006   Code   RO         1938    .ARM.Collect$$rtexit$$00000004  c_p.l(rtexit2.o)
    0x08007026   0x08007026   0x00000002   PAD
    0x08007028   0x08007028   0x00000038   Code   RO         1821    .emb_text           c_p.l(rt_memcpy.o)
    0x08007060   0x08007060   0x00000034   Code   RO            4    .text               startup_stm32g070xx.o
    0x08007094   0x08007094   0x0000005a   Code   RO         1819    .text               c_p.l(memcmp.o)
    0x080070ee   0x080070ee   0x00000082   Code   RO         1822    .text               c_p.l(rt_memcpy.o)
    0x08007170   0x08007170   0x00000040   Code   RO         1825    .text               c_p.l(rt_memclr.o)
    0x080071b0   0x080071b0   0x00000022   Code   RO         1827    .text               c_p.l(uread4.o)
    0x080071d2   0x080071d2   0x00000010   Code   RO         1829    .text               c_p.l(uwrite4.o)
    0x080071e2   0x080071e2   0x000001e8   Code   RO         1831    .text               c_p.l(aeabi_sdivfast.o)
    0x080073ca   0x080073ca   0x00000006   Code   RO         1835    .text               c_p.l(heapauxi.o)
    0x080073d0   0x080073d0   0x0000003e   Code   RO         1861    .text               c_p.l(sys_stackheap_outer.o)
    0x0800740e   0x0800740e   0x00000010   Code   RO         1864    .text               c_p.l(exit.o)
    0x0800741e   0x0800741e   0x00000002   PAD
    0x08007420   0x08007420   0x00000008   Code   RO         1876    .text               c_p.l(libspace.o)
    0x08007428   0x08007428   0x0000000c   Code   RO         1933    .text               c_p.l(sys_exit.o)
    0x08007434   0x08007434   0x00000002   Code   RO         1952    .text               c_p.l(use_no_semi.o)
    0x08007436   0x08007436   0x00000000   Code   RO         1954    .text               c_p.l(indicate_semi.o)
    0x08007436   0x08007436   0x00000056   Code   RO         2006    .text               c_p.l(__dczerorl2.o)
    0x0800748c   0x0800748c   0x000000b8   Code   RO         1516    .text.IB1DTIM_TimerIRQHandler  i-Bus 1 device library M0+ release.lib(i-bus 1 device library.o)
    0x08007544   0x08007544   0x00000428   Code   RO         1522    .text.IB1D_CommandReceivedCallback  i-Bus 1 device library M0+ release.lib(i-bus 1 device library.o)
    0x0800796c   0x0800796c   0x00000054   Code   RO         1520    .text.IB1D_Init     i-Bus 1 device library M0+ release.lib(i-bus 1 device library.o)
    0x080079c0   0x080079c0   0x00000080   Code   RO         1518    .text.IB1D_MsIRQHandler  i-Bus 1 device library M0+ release.lib(i-bus 1 device library.o)
    0x08007a40   0x08007a40   0x0000020c   Code   RO         1598    .text.IB1_BuildNextCommand  New Port 8 channels 4 ports M0+ release.lib(npt i-bus 1.o)
    0x08007c4c   0x08007c4c   0x000000f4   Code   RO         1578    .text.IB1_GetNextSensor  New Port 8 channels 4 ports M0+ release.lib(npt i-bus 1.o)
    0x08007d40   0x08007d40   0x00000054   Code   RO         1580    .text.IB1_GetParam  New Port 8 channels 4 ports M0+ release.lib(npt i-bus 1.o)
    0x08007d94   0x08007d94   0x00000098   Code   RO         1582    .text.IB1_Init      New Port 8 channels 4 ports M0+ release.lib(npt i-bus 1.o)
    0x08007e2c   0x08007e2c   0x000002e4   Code   RO         1596    .text.IB1_ProcessLastResponse  New Port 8 channels 4 ports M0+ release.lib(npt i-bus 1.o)
    0x08008110   0x08008110   0x0000002c   Code   RO         1606    .text.IB1_ReceiveSensorCallback  New Port 8 channels 4 ports M0+ release.lib(npt i-bus 1.o)
    0x0800813c   0x0800813c   0x00000010   Code   RO         1602    .text.IB1_ReceiveSensorIRQHandler  New Port 8 channels 4 ports M0+ release.lib(npt i-bus 1.o)
    0x0800814c   0x0800814c   0x0000002c   Code   RO         1604    .text.IB1_ReceiveServoCallback  New Port 8 channels 4 ports M0+ release.lib(npt i-bus 1.o)
    0x08008178   0x08008178   0x00000010   Code   RO         1600    .text.IB1_ReceiveServoIRQHandler  New Port 8 channels 4 ports M0+ release.lib(npt i-bus 1.o)
    0x08008188   0x08008188   0x00000054   Code   RO         1584    .text.IB1_SetChannels  New Port 8 channels 4 ports M0+ release.lib(npt i-bus 1.o)
    0x080081dc   0x080081dc   0x00000060   Code   RO         1588    .text.IB1_SetParam  New Port 8 channels 4 ports M0+ release.lib(npt i-bus 1.o)
    0x0800823c   0x0800823c   0x0000015c   Code   RO         1590    .text.IB1_SetupServo  New Port 8 channels 4 ports M0+ release.lib(npt i-bus 1.o)
    0x08008398   0x08008398   0x00000014   Code   RO         1592    .text.IB1_StartDeinit  New Port 8 channels 4 ports M0+ release.lib(npt i-bus 1.o)
    0x080083ac   0x080083ac   0x00000150   Code   RO         1594    .text.IB1_TimerCompareCallback  New Port 8 channels 4 ports M0+ release.lib(npt i-bus 1.o)
    0x080084fc   0x080084fc   0x00000010   Code   RO         1586    .text.IB1_TimerCompareIRQHandler  New Port 8 channels 4 ports M0+ release.lib(npt i-bus 1.o)
    0x0800850c   0x0800850c   0x0000009c   Code   RO         1529    .text.IB2DTIM_TimerIRQHandler  i-Bus 2 device library M0+ release.lib(i-bus 2 device library.o)
    0x080085a8   0x080085a8   0x00000048   Code   RO         1535    .text.IB2D_Init     i-Bus 2 device library M0+ release.lib(i-bus 2 device library.o)
    0x080085f0   0x080085f0   0x00000040   Code   RO         1527    .text.IB2D_MsIRQHandler  i-Bus 2 device library M0+ release.lib(i-bus 2 device library.o)
    0x08008630   0x08008630   0x0000004c   Code   RO         1541    .text.IB2D_ProcessChannelsCallback  i-Bus 2 device library M0+ release.lib(i-bus 2 device library.o)
    0x0800867c   0x0800867c   0x00000030   Code   RO         1537    .text.IB2D_ReceiveChannelsCallback  i-Bus 2 device library M0+ release.lib(i-bus 2 device library.o)
    0x080086ac   0x080086ac   0x000000ec   Code   RO         1539    .text.IB2D_ReceiveChannelsCallbackMedium  i-Bus 2 device library M0+ release.lib(i-bus 2 device library.o)
    0x08008798   0x08008798   0x0000001c   Code   RO         1543    .text.IB2D_ReceiveCommandCallback  i-Bus 2 device library M0+ release.lib(i-bus 2 device library.o)
    0x080087b4   0x080087b4   0x00000138   Code   RO         1545    .text.IB2D_ReceiveCommandCallbackMedium  i-Bus 2 device library M0+ release.lib(i-bus 2 device library.o)
    0x080088ec   0x080088ec   0x0000002c   Code   RO         1531    .text.IB2D_RestartChannelsReceptionCallback  i-Bus 2 device library M0+ release.lib(i-bus 2 device library.o)
    0x08008918   0x08008918   0x0000001c   Code   RO         1640    .text.IB2_CallGetParamResponseCallback  New Port 8 channels 4 ports M0+ release.lib(npt i-bus 2.o)
    0x08008934   0x08008934   0x00000018   Code   RO         1642    .text.IB2_CallSetParamResponseCallback  New Port 8 channels 4 ports M0+ release.lib(npt i-bus 2.o)
    0x0800894c   0x0800894c   0x00000028   Code   RO         1618    .text.IB2_FailsafeChanged  New Port 8 channels 4 ports M0+ release.lib(npt i-bus 2.o)
    0x08008974   0x08008974   0x000003a0   Code   RO         1622    .text.IB2_GetNextSensor  New Port 8 channels 4 ports M0+ release.lib(npt i-bus 2.o)
    0x08008d14   0x08008d14   0x000000d4   Code   RO         1620    .text.IB2_GetParam  New Port 8 channels 4 ports M0+ release.lib(npt i-bus 2.o)
    0x08008de8   0x08008de8   0x00000128   Code   RO         1628    .text.IB2_HubInit   New Port 8 channels 4 ports M0+ release.lib(npt i-bus 2.o)
    0x08008f10   0x08008f10   0x0000009c   Code   RO         1624    .text.IB2_Init      New Port 8 channels 4 ports M0+ release.lib(npt i-bus 2.o)
    0x08008fac   0x08008fac   0x00000334   Code   RO         1636    .text.IB2_ProcessLastResponseCallback  New Port 8 channels 4 ports M0+ release.lib(npt i-bus 2.o)
    0x080092e0   0x080092e0   0x000001f4   Code   RO         1638    .text.IB2_ReassignValueBuffer  New Port 8 channels 4 ports M0+ release.lib(npt i-bus 2.o)
    0x080094d4   0x080094d4   0x00000070   Code   RO         1646    .text.IB2_SendChannelsCallback  New Port 8 channels 4 ports M0+ release.lib(npt i-bus 2.o)
    0x08009544   0x08009544   0x00000038   Code   RO         1644    .text.IB2_SendChannelsIRQHandler  New Port 8 channels 4 ports M0+ release.lib(npt i-bus 2.o)
    0x0800957c   0x0800957c   0x0000003c   Code   RO         1650    .text.IB2_SendCommandCallback  New Port 8 channels 4 ports M0+ release.lib(npt i-bus 2.o)
    0x080095b8   0x080095b8   0x00000010   Code   RO         1648    .text.IB2_SendCommandIRQHandler  New Port 8 channels 4 ports M0+ release.lib(npt i-bus 2.o)
    0x080095c8   0x080095c8   0x0000095c   Code   RO         1630    .text.IB2_SetChannels  New Port 8 channels 4 ports M0+ release.lib(npt i-bus 2.o)
    0x08009f24   0x08009f24   0x00000108   Code   RO         1632    .text.IB2_SetParam  New Port 8 channels 4 ports M0+ release.lib(npt i-bus 2.o)
    0x0800a02c   0x0800a02c   0x00000014   Code   RO         1634    .text.IB2_StartDeinit  New Port 8 channels 4 ports M0+ release.lib(npt i-bus 2.o)
    0x0800a040   0x0800a040   0x00000160   Code   RO         1626    .text.IB2_TimerCompareIRQHandler  New Port 8 channels 4 ports M0+ release.lib(npt i-bus 2.o)
    0x0800a1a0   0x0800a1a0   0x0000016c   Code   RO         1716    .text.IB_BuildRealtimePacketCallback  New Port 8 channels 4 ports M0+ release.lib(npt i-bus common.o)
    0x0800a30c   0x0800a30c   0x0000000c   Code   RO         1718    .text.IB_ResetSensors  New Port 8 channels 4 ports M0+ release.lib(npt i-bus common.o)
    0x0800a318   0x0800a318   0x00000b04   Code   RO         1412    .text.LNKTIM_TimerCompareIRQHandler  AFHDS3 SX1280 receiver V1 M0+ release.lib(lnk afhds3 receiver.o)
    0x0800ae1c   0x0800ae1c   0x000000f0   Code   RO         1398    .text.LNK_Bind      AFHDS3 SX1280 receiver V1 M0+ release.lib(lnk afhds3 receiver.o)
    0x0800af0c   0x0800af0c   0x00000070   Code   RO         1673    .text.LNK_BindCallback  AFHDS3 SX1280 receiver V1 M0+ release.lib(tra afhds3.o)
    0x0800af7c   0x0800af7c   0x00000048   Code   RO         1438    .text.LNK_BuildTXPacketCallback  AFHDS3 SX1280 receiver V1 M0+ release.lib(lnk afhds3 receiver.o)
    0x0800afc4   0x0800afc4   0x000003ac   Code   RO         1705    .text.LNK_BuildTXPacketCallback  AFHDS3 SX1280 receiver V1 M0+ release.lib(tra afhds3.o)
    0x0800b370   0x0800b370   0x00000024   Code   RO         1444    .text.LNK_CallBlackBoxRXCallback  AFHDS3 SX1280 receiver V1 M0+ release.lib(lnk afhds3 receiver.o)
    0x0800b394   0x0800b394   0x00000024   Code   RO         1422    .text.LNK_CallBlackBoxTXCallback  AFHDS3 SX1280 receiver V1 M0+ release.lib(lnk afhds3 receiver.o)
    0x0800b3b8   0x0800b3b8   0x00000010   Code   RO         1436    .text.LNK_CallBuildTXPacketCallback  AFHDS3 SX1280 receiver V1 M0+ release.lib(lnk afhds3 receiver.o)
    0x0800b3c8   0x0800b3c8   0x0000001c   Code   RO         1434    .text.LNK_CallHeartbeatCallback  AFHDS3 SX1280 receiver V1 M0+ release.lib(lnk afhds3 receiver.o)
    0x0800b3e4   0x0800b3e4   0x00000034   Code   RO         1424    .text.LNK_CallSuccessfullyBound  AFHDS3 SX1280 receiver V1 M0+ release.lib(lnk afhds3 receiver.o)
    0x0800b418   0x0800b418   0x000000f4   Code   RO         1402    .text.LNK_Factory   AFHDS3 SX1280 receiver V1 M0+ release.lib(lnk afhds3 receiver.o)
    0x0800b50c   0x0800b50c   0x00000028   Code   RO         1442    .text.LNK_FactoryMeasureRSSICallback  AFHDS3 SX1280 receiver V1 M0+ release.lib(lnk afhds3 receiver.o)
    0x0800b534   0x0800b534   0x0000001c   Code   RO         1404    .text.LNK_GetLastRXConditions  AFHDS3 SX1280 receiver V1 M0+ release.lib(lnk afhds3 receiver.o)
    0x0800b550   0x0800b550   0x0000002c   Code   RO         1406    .text.LNK_GetRFPower  AFHDS3 SX1280 receiver V1 M0+ release.lib(lnk afhds3 receiver.o)
    0x0800b57c   0x0800b57c   0x00000354   Code   RO         1430    .text.LNK_HeartbeatCallback  AFHDS3 SX1280 receiver V1 M0+ release.lib(lnk afhds3 receiver.o)
    0x0800b8d0   0x0800b8d0   0x00000040   Code   RO         1707    .text.LNK_HeartbeatCallback  AFHDS3 SX1280 receiver V1 M0+ release.lib(tra afhds3.o)
    0x0800b910   0x0800b910   0x00000028   Code   RO         1408    .text.LNK_Idle      AFHDS3 SX1280 receiver V1 M0+ release.lib(lnk afhds3 receiver.o)
    0x0800b938   0x0800b938   0x0000002c   Code   RO         1410    .text.LNK_Init      AFHDS3 SX1280 receiver V1 M0+ release.lib(lnk afhds3 receiver.o)
    0x0800b964   0x0800b964   0x00000284   Code   RO         1703    .text.LNK_PacketReceivedCallback  AFHDS3 SX1280 receiver V1 M0+ release.lib(tra afhds3.o)
    0x0800bbe8   0x0800bbe8   0x0000007c   Code   RO         1426    .text.LNK_PacketReceivedCallbackBind  AFHDS3 SX1280 receiver V1 M0+ release.lib(lnk afhds3 receiver.o)
    0x0800bc64   0x0800bc64   0x00000234   Code   RO         1440    .text.LNK_PacketReceivedCallbackFactory  AFHDS3 SX1280 receiver V1 M0+ release.lib(lnk afhds3 receiver.o)
    0x0800be98   0x0800be98   0x0000016c   Code   RO         1432    .text.LNK_PacketReceivedCallbackRun  AFHDS3 SX1280 receiver V1 M0+ release.lib(lnk afhds3 receiver.o)
    0x0800c004   0x0800c004   0x00000120   Code   RO         1709    .text.LNK_PacketReceivedCallbackStoreWSStatus  AFHDS3 SX1280 receiver V1 M0+ release.lib(tra afhds3.o)
    0x0800c124   0x0800c124   0x000002a4   Code   RO         1446    .text.LNK_ProcessRXPacketBindCallback  AFHDS3 SX1280 receiver V1 M0+ release.lib(lnk afhds3 receiver.o)
    0x0800c3c8   0x0800c3c8   0x0000008c   Code   RO         1450    .text.LNK_ProcessRXPacketRunCallback  AFHDS3 SX1280 receiver V1 M0+ release.lib(lnk afhds3 receiver.o)
    0x0800c454   0x0800c454   0x00000410   Code   RO         1414    .text.LNK_Run       AFHDS3 SX1280 receiver V1 M0+ release.lib(lnk afhds3 receiver.o)
    0x0800c864   0x0800c864   0x00000144   Code   RO         1448    .text.LNK_SaveBoundConfig  AFHDS3 SX1280 receiver V1 M0+ release.lib(lnk afhds3 receiver.o)
    0x0800c9a8   0x0800c9a8   0x00000034   Code   RO         1416    .text.LNK_SetAntenna  AFHDS3 SX1280 receiver V1 M0+ release.lib(lnk afhds3 receiver.o)
    0x0800c9dc   0x0800c9dc   0x00000020   Code   RO         1418    .text.LNK_SetRFPower  AFHDS3 SX1280 receiver V1 M0+ release.lib(lnk afhds3 receiver.o)
    0x0800c9fc   0x0800c9fc   0x00000018   Code   RO         1400    .text.LNK_Stop      AFHDS3 SX1280 receiver V1 M0+ release.lib(lnk afhds3 receiver.o)
    0x0800ca14   0x0800ca14   0x00000014   Code   RO         1428    .text.LNK_SynchronizationLostCallback  AFHDS3 SX1280 receiver V1 M0+ release.lib(lnk afhds3 receiver.o)
    0x0800ca28   0x0800ca28   0x00000268   Code   RO         1420    .text.LNK_Test      AFHDS3 SX1280 receiver V1 M0+ release.lib(lnk afhds3 receiver.o)
    0x0800cc90   0x0800cc90   0x0000003c   Code   RO         1553    .text.NPT_BuildRealtimePacketCallback  New Port 8 channels 4 ports M0+ release.lib(new port.o)
    0x0800cccc   0x0800cccc   0x00000024   Code   RO         1555    .text.NPT_FailsafeChanged  New Port 8 channels 4 ports M0+ release.lib(new port.o)
    0x0800ccf0   0x0800ccf0   0x00000378   Code   RO         1557    .text.NPT_Init      New Port 8 channels 4 ports M0+ release.lib(new port.o)
    0x0800d068   0x0800d068   0x00000014   Code   RO         1551    .text.NPT_MsIRQHandler  New Port 8 channels 4 ports M0+ release.lib(new port.o)
    0x0800d07c   0x0800d07c   0x000000b4   Code   RO         1561    .text.NPT_SetChannels  New Port 8 channels 4 ports M0+ release.lib(new port.o)
    0x0800d130   0x0800d130   0x00000014   Code   RO         1563    .text.NPT_SetPWMFrequencies  New Port 8 channels 4 ports M0+ release.lib(new port.o)
    0x0800d144   0x0800d144   0x00000008   Code   RO         1565    .text.NPT_SetWSUSARTConfig  New Port 8 channels 4 ports M0+ release.lib(new port.o)
    0x0800d14c   0x0800d14c   0x00000054   Code   RO         1567    .text.NPT_StartDeinit  New Port 8 channels 4 ports M0+ release.lib(new port.o)
    0x0800d1a0   0x0800d1a0   0x00000018   Code   RO         1559    .text.NPT_WSDataReceivedCallback  New Port 8 channels 4 ports M0+ release.lib(new port.o)
    0x0800d1b8   0x0800d1b8   0x0000003c   Code   RO         1326    .text.PHY_GetInstantRSSI  AFHDS3 SX1280 receiver V1 M0+ release.lib(phy sx1280.o)
    0x0800d1f4   0x0800d1f4   0x0000001c   Code   RO         1328    .text.PHY_GetLastRXConditions  AFHDS3 SX1280 receiver V1 M0+ release.lib(phy sx1280.o)
    0x0800d210   0x0800d210   0x00000080   Code   RO         1330    .text.PHY_Init      AFHDS3 SX1280 receiver V1 M0+ release.lib(phy sx1280.o)
    0x0800d290   0x0800d290   0x0000015c   Code   RO         1338    .text.PHY_RX        AFHDS3 SX1280 receiver V1 M0+ release.lib(phy sx1280.o)
    0x0800d3ec   0x0800d3ec   0x0000008c   Code   RO         1342    .text.PHY_RXCallback1  AFHDS3 SX1280 receiver V1 M0+ release.lib(phy sx1280.o)
    0x0800d478   0x0800d478   0x00000028   Code   RO         1364    .text.PHY_RXCallback2  AFHDS3 SX1280 receiver V1 M0+ release.lib(phy sx1280.o)
    0x0800d4a0   0x0800d4a0   0x00000018   Code   RO         1366    .text.PHY_RXCallback3  AFHDS3 SX1280 receiver V1 M0+ release.lib(phy sx1280.o)
    0x0800d4b8   0x0800d4b8   0x00000014   Code   RO         1368    .text.PHY_RXCallback4  AFHDS3 SX1280 receiver V1 M0+ release.lib(phy sx1280.o)
    0x0800d4cc   0x0800d4cc   0x0000003c   Code   RO         1334    .text.PHY_ResumeRX  AFHDS3 SX1280 receiver V1 M0+ release.lib(phy sx1280.o)
    0x0800d508   0x0800d508   0x00000014   Code   RO         1336    .text.PHY_ResumeRXCallback  AFHDS3 SX1280 receiver V1 M0+ release.lib(phy sx1280.o)
    0x0800d51c   0x0800d51c   0x000000d4   Code   RO         1340    .text.PHY_SX1280_ContinueResetAndInit  AFHDS3 SX1280 receiver V1 M0+ release.lib(phy sx1280.o)
    0x0800d5f0   0x0800d5f0   0x0000002c   Code   RO         1358    .text.PHY_SX1280_ContinueResetAndInitCallback1  AFHDS3 SX1280 receiver V1 M0+ release.lib(phy sx1280.o)
    0x0800d61c   0x0800d61c   0x00000030   Code   RO         1360    .text.PHY_SX1280_ContinueResetAndInitCallback2  AFHDS3 SX1280 receiver V1 M0+ release.lib(phy sx1280.o)
    0x0800d64c   0x0800d64c   0x0000000c   Code   RO         1362    .text.PHY_SX1280_ContinueResetAndInitCallback3  AFHDS3 SX1280 receiver V1 M0+ release.lib(phy sx1280.o)
    0x0800d658   0x0800d658   0x00000048   Code   RO         1318    .text.PHY_SX1280_DIO1IRQHandler  AFHDS3 SX1280 receiver V1 M0+ release.lib(phy sx1280.o)
    0x0800d6a0   0x0800d6a0   0x00000020   Code   RO         1320    .text.PHY_SX1280_DIO1IRQHandlerCallback1  AFHDS3 SX1280 receiver V1 M0+ release.lib(phy sx1280.o)
    0x0800d6c0   0x0800d6c0   0x00000060   Code   RO         1352    .text.PHY_SX1280_DIO1IRQHandlerCallback2  AFHDS3 SX1280 receiver V1 M0+ release.lib(phy sx1280.o)
    0x0800d720   0x0800d720   0x00000088   Code   RO         1354    .text.PHY_SX1280_DIO1IRQHandlerCallback3  AFHDS3 SX1280 receiver V1 M0+ release.lib(phy sx1280.o)
    0x0800d7a8   0x0800d7a8   0x00000080   Code   RO         1356    .text.PHY_SX1280_DIO1IRQHandlerCallback4  AFHDS3 SX1280 receiver V1 M0+ release.lib(phy sx1280.o)
    0x0800d828   0x0800d828   0x000001a0   Code   RO         1344    .text.PHY_SetConfig  AFHDS3 SX1280 receiver V1 M0+ release.lib(phy sx1280.o)
    0x0800d9c8   0x0800d9c8   0x0000027c   Code   RO         1346    .text.PHY_SetConfigCalcTXRXTime  AFHDS3 SX1280 receiver V1 M0+ release.lib(phy sx1280.o)
    0x0800dc44   0x0800dc44   0x00000048   Code   RO         1324    .text.PHY_Stop      AFHDS3 SX1280 receiver V1 M0+ release.lib(phy sx1280.o)
    0x0800dc8c   0x0800dc8c   0x00000214   Code   RO         1348    .text.PHY_TX        AFHDS3 SX1280 receiver V1 M0+ release.lib(phy sx1280.o)
    0x0800dea0   0x0800dea0   0x0000008c   Code   RO         1350    .text.PHY_TXCallback1  AFHDS3 SX1280 receiver V1 M0+ release.lib(phy sx1280.o)
    0x0800df2c   0x0800df2c   0x0000007c   Code   RO         1370    .text.PHY_TXCallback2  AFHDS3 SX1280 receiver V1 M0+ release.lib(phy sx1280.o)
    0x0800dfa8   0x0800dfa8   0x00000028   Code   RO         1372    .text.PHY_TXCallback3  AFHDS3 SX1280 receiver V1 M0+ release.lib(phy sx1280.o)
    0x0800dfd0   0x0800dfd0   0x0000004c   Code   RO         1374    .text.PHY_TXCallback4  AFHDS3 SX1280 receiver V1 M0+ release.lib(phy sx1280.o)
    0x0800e01c   0x0800e01c   0x00000018   Code   RO         1376    .text.PHY_TXCallback5  AFHDS3 SX1280 receiver V1 M0+ release.lib(phy sx1280.o)
    0x0800e034   0x0800e034   0x00000040   Code   RO         1378    .text.PHY_TXCallback6  AFHDS3 SX1280 receiver V1 M0+ release.lib(phy sx1280.o)
    0x0800e074   0x0800e074   0x0000050c   Code   RO         1322    .text.PHY_TimerCompareIRQHandler  AFHDS3 SX1280 receiver V1 M0+ release.lib(phy sx1280.o)
    0x0800e580   0x0800e580   0x0000002c   Code   RO         1777    .text.PPM_Init      New Port 8 channels 4 ports M0+ release.lib(npt ppm.o)
    0x0800e5ac   0x0800e5ac   0x00000094   Code   RO         1781    .text.PPM_SetChannels  New Port 8 channels 4 ports M0+ release.lib(npt ppm.o)
    0x0800e640   0x0800e640   0x00000014   Code   RO         1783    .text.PPM_StartDeinit  New Port 8 channels 4 ports M0+ release.lib(npt ppm.o)
    0x0800e654   0x0800e654   0x000000d0   Code   RO         1785    .text.PPM_TimerCompareCallback  New Port 8 channels 4 ports M0+ release.lib(npt ppm.o)
    0x0800e724   0x0800e724   0x00000010   Code   RO         1779    .text.PPM_TimerCompareIRQHandler  New Port 8 channels 4 ports M0+ release.lib(npt ppm.o)
    0x0800e734   0x0800e734   0x00000180   Code   RO         1796    .text.PWM_Init      New Port 8 channels 4 ports M0+ release.lib(npt pwm.o)
    0x0800e8b4   0x0800e8b4   0x00000258   Code   RO         1800    .text.PWM_SetChannels  New Port 8 channels 4 ports M0+ release.lib(npt pwm.o)
    0x0800eb0c   0x0800eb0c   0x00000098   Code   RO         1802    .text.PWM_SetFrequencies  New Port 8 channels 4 ports M0+ release.lib(npt pwm.o)
    0x0800eba4   0x0800eba4   0x00000014   Code   RO         1804    .text.PWM_StartDeinit  New Port 8 channels 4 ports M0+ release.lib(npt pwm.o)
    0x0800ebb8   0x0800ebb8   0x00000110   Code   RO         1806    .text.PWM_TimerCompareCallback  New Port 8 channels 4 ports M0+ release.lib(npt pwm.o)
    0x0800ecc8   0x0800ecc8   0x00000010   Code   RO         1798    .text.PWM_TimerCompareIRQHandler  New Port 8 channels 4 ports M0+ release.lib(npt pwm.o)
    0x0800ecd8   0x0800ecd8   0x0000002c   Code   RO         1732    .text.SB_Init       New Port 8 channels 4 ports M0+ release.lib(npt s-bus.o)
    0x0800ed04   0x0800ed04   0x00000044   Code   RO         1734    .text.SB_SetChannels  New Port 8 channels 4 ports M0+ release.lib(npt s-bus.o)
    0x0800ed48   0x0800ed48   0x00000014   Code   RO         1738    .text.SB_StartDeinit  New Port 8 channels 4 ports M0+ release.lib(npt s-bus.o)
    0x0800ed5c   0x0800ed5c   0x00000104   Code   RO         1740    .text.SB_TimerCompareCallback  New Port 8 channels 4 ports M0+ release.lib(npt s-bus.o)
    0x0800ee60   0x0800ee60   0x00000010   Code   RO         1736    .text.SB_TimerCompareIRQHandler  New Port 8 channels 4 ports M0+ release.lib(npt s-bus.o)
    0x0800ee70   0x0800ee70   0x0000004c   Code   RO         1461    .text.SES_Bind      AFHDS3 SX1280 receiver V1 M0+ release.lib(ses afhds3.o)
    0x0800eebc   0x0800eebc   0x00000020   Code   RO         1467    .text.SES_Factory   AFHDS3 SX1280 receiver V1 M0+ release.lib(ses afhds3.o)
    0x0800eedc   0x0800eedc   0x00000018   Code   RO         1473    .text.SES_GetRFCycleTime  AFHDS3 SX1280 receiver V1 M0+ release.lib(ses afhds3.o)
    0x0800eef4   0x0800eef4   0x00000018   Code   RO         1479    .text.SES_Idle      AFHDS3 SX1280 receiver V1 M0+ release.lib(ses afhds3.o)
    0x0800ef0c   0x0800ef0c   0x00000014   Code   RO         1481    .text.SES_Init      AFHDS3 SX1280 receiver V1 M0+ release.lib(ses afhds3.o)
    0x0800ef20   0x0800ef20   0x00000008   Code   RO         1483    .text.SES_IsWSIdle  AFHDS3 SX1280 receiver V1 M0+ release.lib(ses afhds3.o)
    0x0800ef28   0x0800ef28   0x00000040   Code   RO         1459    .text.SES_MsIRQHandler  AFHDS3 SX1280 receiver V1 M0+ release.lib(ses afhds3.o)
    0x0800ef68   0x0800ef68   0x00000138   Code   RO         1289    .text.SES_PackChannels  AFHDS3 RC channels packing library M0+ release.lib(afhds3 rc channels packing library.o)
    0x0800f0a0   0x0800f0a0   0x00000150   Code   RO         1291    .text.SES_PackOneChannel  AFHDS3 RC channels packing library M0+ release.lib(afhds3 rc channels packing library.o)
    0x0800f1f0   0x0800f1f0   0x00000098   Code   RO         1283    .text.SES_PackPWMFrequencies  AFHDS3 PWM frequencies packing library M0+ release.lib(afhds3 pwm frequencies packing library.o)
    0x0800f288   0x0800f288   0x00000258   Code   RO         1509    .text.SES_ProcessCommand  AFHDS3 SX1280 receiver V1 M0+ release.lib(ses afhds3.o)
    0x0800f4e0   0x0800f4e0   0x00000018   Code   RO         1485    .text.SES_Run       AFHDS3 SX1280 receiver V1 M0+ release.lib(ses afhds3.o)
    0x0800f4f8   0x0800f4f8   0x000000f0   Code   RO         1487    .text.SES_Run2      AFHDS3 SX1280 receiver V1 M0+ release.lib(ses afhds3.o)
    0x0800f5e8   0x0800f5e8   0x000000d8   Code   RO         1489    .text.SES_SendCommand  AFHDS3 SX1280 receiver V1 M0+ release.lib(ses afhds3.o)
    0x0800f6c0   0x0800f6c0   0x00000088   Code   RO         1491    .text.SES_SendCommandCallback  AFHDS3 SX1280 receiver V1 M0+ release.lib(ses afhds3.o)
    0x0800f748   0x0800f748   0x000000d0   Code   RO         1493    .text.SES_SendResponse  AFHDS3 SX1280 receiver V1 M0+ release.lib(ses afhds3.o)
    0x0800f818   0x0800f818   0x0000006a   Code   RO         1495    .text.SES_SendWSData  AFHDS3 SX1280 receiver V1 M0+ release.lib(ses afhds3.o)
    0x0800f882   0x0800f882   0x00000002   PAD
    0x0800f884   0x0800f884   0x000000f0   Code   RO         1507    .text.SES_SetChannels  AFHDS3 SX1280 receiver V1 M0+ release.lib(ses afhds3.o)
    0x0800f974   0x0800f974   0x00000020   Code   RO         1497    .text.SES_Test      AFHDS3 SX1280 receiver V1 M0+ release.lib(ses afhds3.o)
    0x0800f994   0x0800f994   0x000000fc   Code   RO         1293    .text.SES_UnpackChannels  AFHDS3 RC channels packing library M0+ release.lib(afhds3 rc channels packing library.o)
    0x0800fa90   0x0800fa90   0x00000086   Code   RO         1285    .text.SES_UnpackPWMFrequencies  AFHDS3 PWM frequencies packing library M0+ release.lib(afhds3 pwm frequencies packing library.o)
    0x0800fb16   0x0800fb16   0x00000002   PAD
    0x0800fb18   0x0800fb18   0x00000030   Code   RO         1277    .text.SYS_CalcCRC32Table  AFHDS3 CRC library M0+ release.lib(afhds3 crc library.o)
    0x0800fb48   0x0800fb48   0x00000020   Code   RO         1273    .text.SYS_CalcCRC8Table  AFHDS3 CRC library M0+ release.lib(afhds3 crc library.o)
    0x0800fb68   0x0800fb68   0x0000001c   Code   RO         1662    .text.SYS_GetSimpleRandomNumber  AFHDS3 simple random number library M0+ release.lib(afhds3 simple random number library.o)
    0x0800fb84   0x0800fb84   0x0000005c   Code   RO         1299    .text.SYS_LowPriorityIRQCallback  AFHDS3 queue low priority IRQ library 8Q4Q M0+ release.lib(afhds3 queue low priority irq library.o)
    0x0800fbe0   0x0800fbe0   0x00000060   Code   RO         1308    .text.SYS_MediumPriorityIRQCallback  AFHDS3 queue medium priority IRQ library 8Q32Q M0+ release.lib(afhds3 queue medium priority irq library.o)
    0x0800fc40   0x0800fc40   0x00000030   Code   RO         1301    .text.SYS_QueueLowPriorityIRQCallback  AFHDS3 queue low priority IRQ library 8Q4Q M0+ release.lib(afhds3 queue low priority irq library.o)
    0x0800fc70   0x0800fc70   0x00000030   Code   RO         1303    .text.SYS_QueueLowPriorityIRQCallbackLast  AFHDS3 queue low priority IRQ library 8Q4Q M0+ release.lib(afhds3 queue low priority irq library.o)
    0x0800fca0   0x0800fca0   0x00000030   Code   RO         1310    .text.SYS_QueueMediumPriorityIRQCallback  AFHDS3 queue medium priority IRQ library 8Q32Q M0+ release.lib(afhds3 queue medium priority irq library.o)
    0x0800fcd0   0x0800fcd0   0x00000038   Code   RO         1312    .text.SYS_QueueMediumPriorityIRQCallbackLast  AFHDS3 queue medium priority IRQ library 8Q32Q M0+ release.lib(afhds3 queue medium priority irq library.o)
    0x0800fd08   0x0800fd08   0x00000044   Code   RO         1669    .text.TRA_Bind      AFHDS3 SX1280 receiver V1 M0+ release.lib(tra afhds3.o)
    0x0800fd4c   0x0800fd4c   0x00000114   Code   RO         1465    .text.TRA_BindCallback  AFHDS3 SX1280 receiver V1 M0+ release.lib(ses afhds3.o)
    0x0800fe60   0x0800fe60   0x00000020   Code   RO         1503    .text.TRA_BuildRealtimePacketCallback  AFHDS3 SX1280 receiver V1 M0+ release.lib(ses afhds3.o)
    0x0800fe80   0x0800fe80   0x00000020   Code   RO         1675    .text.TRA_Factory   AFHDS3 SX1280 receiver V1 M0+ release.lib(tra afhds3.o)
    0x0800fea0   0x0800fea0   0x0000001c   Code   RO         1681    .text.TRA_GetRFCycleTime  AFHDS3 SX1280 receiver V1 M0+ release.lib(tra afhds3.o)
    0x0800febc   0x0800febc   0x00000078   Code   RO         1505    .text.TRA_HeartbeatCallback  AFHDS3 SX1280 receiver V1 M0+ release.lib(ses afhds3.o)
    0x0800ff34   0x0800ff34   0x0000001c   Code   RO         1685    .text.TRA_Idle      AFHDS3 SX1280 receiver V1 M0+ release.lib(tra afhds3.o)
    0x0800ff50   0x0800ff50   0x00000014   Code   RO         1687    .text.TRA_Init      AFHDS3 SX1280 receiver V1 M0+ release.lib(tra afhds3.o)
    0x0800ff64   0x0800ff64   0x00000054   Code   RO         1689    .text.TRA_IsWSIdle  AFHDS3 SX1280 receiver V1 M0+ release.lib(tra afhds3.o)
    0x0800ffb8   0x0800ffb8   0x00000100   Code   RO         1499    .text.TRA_RealtimePacketReceivedCallback  AFHDS3 SX1280 receiver V1 M0+ release.lib(ses afhds3.o)
    0x080100b8   0x080100b8   0x00000018   Code   RO         1691    .text.TRA_Run       AFHDS3 SX1280 receiver V1 M0+ release.lib(tra afhds3.o)
    0x080100d0   0x080100d0   0x000000e8   Code   RO         1693    .text.TRA_Run2      AFHDS3 SX1280 receiver V1 M0+ release.lib(tra afhds3.o)
    0x080101b8   0x080101b8   0x00000108   Code   RO         1695    .text.TRA_SendWSData  AFHDS3 SX1280 receiver V1 M0+ release.lib(tra afhds3.o)
    0x080102c0   0x080102c0   0x00000038   Code   RO         1697    .text.TRA_SendWSDataCallback  AFHDS3 SX1280 receiver V1 M0+ release.lib(tra afhds3.o)
    0x080102f8   0x080102f8   0x00000008   Code   RO         1699    .text.TRA_SetAntenna  AFHDS3 SX1280 receiver V1 M0+ release.lib(tra afhds3.o)
    0x08010300   0x08010300   0x00000008   Code   RO         1671    .text.TRA_Stop      AFHDS3 SX1280 receiver V1 M0+ release.lib(tra afhds3.o)
    0x08010308   0x08010308   0x00000020   Code   RO         1701    .text.TRA_Test      AFHDS3 SX1280 receiver V1 M0+ release.lib(tra afhds3.o)
    0x08010328   0x08010328   0x00000200   Code   RO         1501    .text.TRA_WSDataReceivedCallback  AFHDS3 SX1280 receiver V1 M0+ release.lib(ses afhds3.o)
    0x08010528   0x08010528   0x00000058   Code   RO         1754    .text.WS_DataReceivedCallback  New Port 8 channels 4 ports M0+ release.lib(npt ws.o)
    0x08010580   0x08010580   0x00000028   Code   RO         1756    .text.WS_Deinit     New Port 8 channels 4 ports M0+ release.lib(npt ws.o)
    0x080105a8   0x080105a8   0x00000068   Code   RO         1758    .text.WS_Init       New Port 8 channels 4 ports M0+ release.lib(npt ws.o)
    0x08010610   0x08010610   0x0000002c   Code   RO         1752    .text.WS_MsIRQHandler  New Port 8 channels 4 ports M0+ release.lib(npt ws.o)
    0x0801063c   0x0801063c   0x0000009c   Code   RO         1760    .text.WS_SendData   New Port 8 channels 4 ports M0+ release.lib(npt ws.o)
    0x080106d8   0x080106d8   0x00000034   Code   RO         1764    .text.WS_SetUSARTConfig  New Port 8 channels 4 ports M0+ release.lib(npt ws.o)
    0x0801070c   0x0801070c   0x0000004c   Code   RO         1762    .text.WS_TransmitCallback  New Port 8 channels 4 ports M0+ release.lib(npt ws.o)
    0x08010758   0x08010758   0x00000010   Code   RO         1766    .text.WS_TransmitIRQHandler  New Port 8 channels 4 ports M0+ release.lib(npt ws.o)
    0x08010768   0x08010768   0x00000050   Code   RO           12    i.ADC_GetExternalVoltage  adc.o
    0x080107b8   0x080107b8   0x00000048   Code   RO           13    i.ADC_GetInternalVoltage  adc.o
    0x08010800   0x08010800   0x0000013c   Code   RO           14    i.ADC_Init          adc.o
    0x0801093c   0x0801093c   0x000000c8   Code   RO           15    i.ADC_MsIRQHandler  adc.o
    0x08010a04   0x08010a04   0x00000180   Code   RO          415    i.APP_Background    main.o
    0x08010b84   0x08010b84   0x00000038   Code   RO          416    i.APP_Bind          main.o
    0x08010bbc   0x08010bbc   0x000000c4   Code   RO          417    i.APP_LoadConfig    main.o
    0x08010c80   0x08010c80   0x00000050   Code   RO          418    i.APP_LoadFactoryConfig  main.o
    0x08010cd0   0x08010cd0   0x00000054   Code   RO          419    i.APP_SES_Run       main.o
    0x08010d24   0x08010d24   0x0000008c   Code   RO          420    i.APP_SaveConfig    main.o
    0x08010db0   0x08010db0   0x00000030   Code   RO          421    i.APP_SaveFactoryConfig  main.o
    0x08010de0   0x08010de0   0x00000040   Code   RO          422    i.APP_StartNewPort  main.o
    0x08010e20   0x08010e20   0x000000c0   Code   RO          194    i.DMA1_Ch4_7_DMAMUX1_OVR_IRQHandler  spi sx1280.o
    0x08010ee0   0x08010ee0   0x00000002   Code   RO          155    i.EEPROM_Init       eeprom.o
    0x08010ee2   0x08010ee2   0x00000038   Code   RO          156    i.EEPROM_Read       eeprom.o
    0x08010f1a   0x08010f1a   0x00000068   Code   RO          157    i.EEPROM_Write      eeprom.o
    0x08010f82   0x08010f82   0x00000002   PAD
    0x08010f84   0x08010f84   0x00000040   Code   RO          423    i.EXTI4_15_IRQHandler  main.o
    0x08010fc4   0x08010fc4   0x00000090   Code   RO          255    i.I2C_Init          i2c.o
    0x08011054   0x08011054   0x0000001a   Code   RO          256    i.I2C_Read          i2c.o
    0x0801106e   0x0801106e   0x00000002   PAD
    0x08011070   0x08011070   0x00000160   Code   RO          257    i.I2C_Transfer      i2c.o
    0x080111d0   0x080111d0   0x0000001a   Code   RO          258    i.I2C_Write         i2c.o
    0x080111ea   0x080111ea   0x00000010   Code   RO          767    i.IB1DTIM_SetNextIRQTime  pwm adapter.o
    0x080111fa   0x080111fa   0x00000012   Code   RO          768    i.IB1DTIM_StartTimer  pwm adapter.o
    0x0801120c   0x0801120c   0x0000000a   Code   RO          769    i.IB1DTIM_StopTimer  pwm adapter.o
    0x08011216   0x08011216   0x00000018   Code   RO          770    i.IB1DUSART_ReceiveSetup  pwm adapter.o
    0x0801122e   0x0801122e   0x0000000a   Code   RO          771    i.IB1DUSART_ReceiveStart  pwm adapter.o
    0x08011238   0x08011238   0x00000014   Code   RO          772    i.IB1DUSART_TransmitSetup  pwm adapter.o
    0x0801124c   0x0801124c   0x0000000a   Code   RO          773    i.IB1DUSART_TransmitStart  pwm adapter.o
    0x08011256   0x08011256   0x00000006   Code   RO          774    i.IB1D_GetParamCallback  pwm adapter.o
    0x0801125c   0x0801125c   0x00000028   Code   RO          775    i.IB1D_GetValueCallback  pwm adapter.o
    0x08011284   0x08011284   0x00000094   Code   RO          776    i.IB1D_ServoOutCallback  pwm adapter.o
    0x08011318   0x08011318   0x00000002   Code   RO          777    i.IB1D_SetBufferState  pwm adapter.o
    0x0801131a   0x0801131a   0x0000000a   Code   RO          778    i.IB1D_SetParamCallback  pwm adapter.o
    0x08011324   0x08011324   0x0000005c   Code   RO          779    i.IB1D_StatusChangedCallback  pwm adapter.o
    0x08011380   0x08011380   0x00000030   Code   RO          424    i.IB1_GetParamResponse  main.o
    0x080113b0   0x080113b0   0x00000020   Code   RO          425    i.IB1_SetParamResponse  main.o
    0x080113d0   0x080113d0   0x00000020   Code   RO          426    i.IB1_SetupServoResponse  main.o
    0x080113f0   0x080113f0   0x00000002   Code   RO          780    i.IB2DTIM_Deinit    pwm adapter.o
    0x080113f2   0x080113f2   0x00000002   PAD
    0x080113f4   0x080113f4   0x00000018   Code   RO          781    i.IB2DTIM_Init      pwm adapter.o
    0x0801140c   0x0801140c   0x00000010   Code   RO          782    i.IB2DTIM_SetNextIRQTime  pwm adapter.o
    0x0801141c   0x0801141c   0x00000012   Code   RO          783    i.IB2DTIM_StartTimer  pwm adapter.o
    0x0801142e   0x0801142e   0x0000000a   Code   RO          784    i.IB2DTIM_StopTimer  pwm adapter.o
    0x08011438   0x08011438   0x00000002   Code   RO          785    i.IB2DUSART_Deinit  pwm adapter.o
    0x0801143a   0x0801143a   0x00000010   Code   RO          786    i.IB2DUSART_Init    pwm adapter.o
    0x0801144a   0x0801144a   0x00000018   Code   RO          787    i.IB2DUSART_ReceiveSetup  pwm adapter.o
    0x08011462   0x08011462   0x0000000a   Code   RO          788    i.IB2DUSART_ReceiveStart  pwm adapter.o
    0x0801146c   0x0801146c   0x0000000a   Code   RO          789    i.IB2DUSART_ReceiveStop  pwm adapter.o
    0x08011476   0x08011476   0x00000014   Code   RO          790    i.IB2DUSART_TransmitSetup  pwm adapter.o
    0x0801148a   0x0801148a   0x0000000a   Code   RO          791    i.IB2DUSART_TransmitStart  pwm adapter.o
    0x08011494   0x08011494   0x00000088   Code   RO          792    i.IB2D_GetParamCallback  pwm adapter.o
    0x0801151c   0x0801151c   0x00000024   Code   RO          793    i.IB2D_GetValueCallback  pwm adapter.o
    0x08011540   0x08011540   0x00000014   Code   RO          794    i.IB2D_RequiredResourcesCallback  pwm adapter.o
    0x08011554   0x08011554   0x0000005c   Code   RO          795    i.IB2D_SetChannelsCallback  pwm adapter.o
    0x080115b0   0x080115b0   0x00000018   Code   RO          796    i.IB2D_SetChannelsTypeCallback  pwm adapter.o
    0x080115c8   0x080115c8   0x0000001c   Code   RO          797    i.IB2D_SetFailsafeCallback  pwm adapter.o
    0x080115e4   0x080115e4   0x0000005c   Code   RO          798    i.IB2D_SetFailsafeUnpack  pwm adapter.o
    0x08011640   0x08011640   0x00000168   Code   RO          799    i.IB2D_SetParamCallback  pwm adapter.o
    0x080117a8   0x080117a8   0x00000064   Code   RO          800    i.IB2D_StatusChangedCallback  pwm adapter.o
    0x0801180c   0x0801180c   0x00000018   Code   RO          427    i.IB2_GetParamResponse  main.o
    0x08011824   0x08011824   0x00000014   Code   RO          428    i.IB2_SetParamResponse  main.o
    0x08011838   0x08011838   0x00000038   Code   RO          373    i.LED_Init          led.o
    0x08011870   0x08011870   0x0000007c   Code   RO          374    i.LED_MsIRQHandler  led.o
    0x080118ec   0x080118ec   0x00000044   Code   RO          375    i.LED_SetPattern    led.o
    0x08011930   0x08011930   0x0000000c   Code   RO          295    i.LNKTIM_GetCounter  lnk timer.o
    0x0801193c   0x0801193c   0x00000088   Code   RO          296    i.LNKTIM_Init       lnk timer.o
    0x080119c4   0x080119c4   0x00000014   Code   RO          297    i.LNKTIM_SetNextCompareIRQTime  lnk timer.o
    0x080119d8   0x080119d8   0x00000024   Code   RO          298    i.LNKTIM_SetNextCompareIRQTimeFromMarker  lnk timer.o
    0x080119fc   0x080119fc   0x00000078   Code   RO          299    i.LNKTIM_SetNextCompareIRQTimeInternal  lnk timer.o
    0x08011a74   0x08011a74   0x00000014   Code   RO          300    i.LNKTIM_SetTimeMarker  lnk timer.o
    0x08011a88   0x08011a88   0x0000005c   Code   RO          301    i.LNKTIM_StartTimer  lnk timer.o
    0x08011ae4   0x08011ae4   0x00000014   Code   RO          302    i.LNKTIM_StopTimer  lnk timer.o
    0x08011af8   0x08011af8   0x0000000c   Code   RO          429    i.LNK_FactorySaveConfigCallback  main.o
    0x08011b04   0x08011b04   0x000001e0   Code   RO          649    i.NPTTIM_DisableChannel  npt timer.o
    0x08011ce4   0x08011ce4   0x000002dc   Code   RO          650    i.NPTTIM_EnableChannel  npt timer.o
    0x08011fc0   0x08011fc0   0x0000010c   Code   RO          651    i.NPTTIM_FreezeCompareIRQ  npt timer.o
    0x080120cc   0x080120cc   0x00000068   Code   RO          652    i.NPTTIM_GetCounter  npt timer.o
    0x08012134   0x08012134   0x00000228   Code   RO          653    i.NPTTIM_Init       npt timer.o
    0x0801235c   0x0801235c   0x000001ac   Code   RO          654    i.NPTTIM_SetNextCompareIRQCounter  npt timer.o
    0x08012508   0x08012508   0x00000024   Code   RO          655    i.NPTTIM_SetNextCompareIRQTime  npt timer.o
    0x0801252c   0x0801252c   0x000001cc   Code   RO          656    i.NPTTIM_SetNextCompareIRQTimeFromNow  npt timer.o
    0x080126f8   0x080126f8   0x0000016c   Code   RO          657    i.NPTTIM_SetNextCompareIRQTimeInternal  npt timer.o
    0x08012864   0x08012864   0x0000010c   Code   RO          658    i.NPTTIM_TriggerIRQ  npt timer.o
    0x08012970   0x08012970   0x000000dc   Code   RO          430    i.NPT_GetInternalSensor  main.o
    0x08012a4c   0x08012a4c   0x00000014   Code   RO          431    i.PHY_SX1280_IsBusy  main.o
    0x08012a60   0x08012a60   0x00000016   Code   RO          432    i.PHY_SX1280_SetResetPin  main.o
    0x08012a76   0x08012a76   0x00000002   PAD
    0x08012a78   0x08012a78   0x00000024   Code   RO          433    i.PHY_SetAntenna    main.o
    0x08012a9c   0x08012a9c   0x00000002   Code   RO          434    i.PHY_SetAttenuator  main.o
    0x08012a9e   0x08012a9e   0x00000002   PAD
    0x08012aa0   0x08012aa0   0x0000004c   Code   RO          435    i.PHY_SetPAMode     main.o
    0x08012aec   0x08012aec   0x00000054   Code   RO          801    i.PWMA_Activate     pwm adapter.o
    0x08012b40   0x08012b40   0x0000000a   Code   RO          802    i.PWMA_CallPWMSetFrequency  pwm adapter.o
    0x08012b4a   0x08012b4a   0x0000000c   Code   RO          803    i.PWMA_IBus1TimerIRQHandler  pwm adapter.o
    0x08012b56   0x08012b56   0x0000000c   Code   RO          804    i.PWMA_IBus2TimerIRQHandler  pwm adapter.o
    0x08012b62   0x08012b62   0x00000002   PAD
    0x08012b64   0x08012b64   0x00000080   Code   RO          805    i.PWMA_Init         pwm adapter.o
    0x08012be4   0x08012be4   0x00000008   Code   RO         1012    i.RTC_TAMP_IRQHandler  system.o
    0x08012bec   0x08012bec   0x000001a4   Code   RO          436    i.SES_BindCallback  main.o
    0x08012d90   0x08012d90   0x00000040   Code   RO          437    i.SES_BuildRealtimePacketCallback  main.o
    0x08012dd0   0x08012dd0   0x000006dc   Code   RO          438    i.SES_CommandReceivedCallback  main.o
    0x080134ac   0x080134ac   0x00000020   Code   RO          439    i.SES_CommandReceivedCallbackInvalid  main.o
    0x080134cc   0x080134cc   0x00000020   Code   RO          440    i.SES_CommandReceivedCallbackNotSupported  main.o
    0x080134ec   0x080134ec   0x00000048   Code   RO          441    i.SES_HeartbeatCallback  main.o
    0x08013534   0x08013534   0x00000006   Code   RO          442    i.SES_PreSetChannelsCallback  main.o
    0x0801353a   0x0801353a   0x00000002   PAD
    0x0801353c   0x0801353c   0x000001b8   Code   RO          443    i.SES_RealtimePacketReceivedCallback  main.o
    0x080136f4   0x080136f4   0x00000094   Code   RO          444    i.SES_SetChannelsCallback  main.o
    0x08013788   0x08013788   0x00000020   Code   RO          445    i.SES_WSDataReceivedCallback  main.o
    0x080137a8   0x080137a8   0x00000128   Code   RO          195    i.SPI_Init          spi sx1280.o
    0x080138d0   0x080138d0   0x00000018   Code   RO          196    i.SPI_SX1280_BusyIRQHandler  spi sx1280.o
    0x080138e8   0x080138e8   0x000000ac   Code   RO          197    i.SPI_Transfer      spi sx1280.o
    0x08013994   0x08013994   0x000000d8   Code   RO          198    i.SPI_TransferWait  spi sx1280.o
    0x08013a6c   0x08013a6c   0x00000024   Code   RO         1013    i.SYS_CalcChecksum16  system.o
    0x08013a90   0x08013a90   0x0000001c   Code   RO         1014    i.SYS_DelayUs       system.o
    0x08013aac   0x08013aac   0x0000001c   Code   RO         1015    i.SYS_DisableIRQs   system.o
    0x08013ac8   0x08013ac8   0x0000001c   Code   RO         1016    i.SYS_EnableIRQs    system.o
    0x08013ae4   0x08013ae4   0x00000228   Code   RO         1017    i.SYS_Init          system.o
    0x08013d0c   0x08013d0c   0x00000050   Code   RO         1018    i.SYS_ResetToBootloader  system.o
    0x08013d5c   0x08013d5c   0x0000000a   Code   RO         1021    i.SYS_TriggerLowPriorityCallback  system.o
    0x08013d66   0x08013d66   0x0000000a   Code   RO         1022    i.SYS_TriggerMediumPriorityCallback  system.o
    0x08013d70   0x08013d70   0x00000002   Code   RO         1023    i.SystemInit        system.o
    0x08013d72   0x08013d72   0x00000002   PAD
    0x08013d74   0x08013d74   0x000000b8   Code   RO          659    i.TIM15_IRQHandler  npt timer.o
    0x08013e2c   0x08013e2c   0x00000068   Code   RO          660    i.TIM16_IRQHandler  npt timer.o
    0x08013e94   0x08013e94   0x00000040   Code   RO          303    i.TIM17_IRQHandler  lnk timer.o
    0x08013ed4   0x08013ed4   0x00000104   Code   RO          661    i.TIM1_CC_IRQHandler  npt timer.o
    0x08013fd8   0x08013fd8   0x000000b8   Code   RO          662    i.TIM3_IRQHandler   npt timer.o
    0x08014090   0x08014090   0x00000054   Code   RO         1024    i.TIM6_IRQHandler   system.o
    0x080140e4   0x080140e4   0x00000030   Code   RO         1161    i.USART1_IRQHandler  usart new port.o
    0x08014114   0x08014114   0x00000030   Code   RO         1162    i.USART2_IRQHandler  usart new port.o
    0x08014144   0x08014144   0x00000078   Code   RO         1163    i.USART3_4_IRQHandler  usart new port.o
    0x080141bc   0x080141bc   0x00000058   Code   RO         1164    i.USART_IDLEIRQHandler  usart new port.o
    0x08014214   0x08014214   0x000000e4   Code   RO         1165    i.USART_NPT_Deinit  usart new port.o
    0x080142f8   0x080142f8   0x00000024   Code   RO         1166    i.USART_NPT_GetNbReceivedBytes  usart new port.o
    0x0801431c   0x0801431c   0x000003f8   Code   RO         1167    i.USART_NPT_Init    usart new port.o
    0x08014714   0x08014714   0x000000f0   Code   RO         1168    i.USART_NPT_ReceiveSetup  usart new port.o
    0x08014804   0x08014804   0x00000040   Code   RO         1169    i.USART_NPT_ReceiveStart  usart new port.o
    0x08014844   0x08014844   0x00000020   Code   RO         1170    i.USART_NPT_ReceiveStop  usart new port.o
    0x08014864   0x08014864   0x000000e4   Code   RO         1171    i.USART_NPT_TransmitSetup  usart new port.o
    0x08014948   0x08014948   0x00000020   Code   RO         1172    i.USART_NPT_TransmitStart  usart new port.o
    0x08014968   0x08014968   0x0000003c   Code   RO         1173    i.USART_RTOIRQHandler  usart new port.o
    0x080149a4   0x080149a4   0x00000048   Code   RO         1174    i.USART_TCIRQHandler  usart new port.o
    0x080149ec   0x080149ec   0x00000018   Code   RO         1025    i.WWDG_IRQHandler   system.o
    0x08014a04   0x08014a04   0x0000001c   Code   RO          608    i.__ARM_common_switch8  main.o
    0x08014a20   0x08014a20   0x00000018   Code   RO          663    i.__NVIC_EnableIRQ  npt timer.o
    0x08014a38   0x08014a38   0x00000018   Code   RO         1026    i.__NVIC_EnableIRQ  system.o
    0x08014a50   0x08014a50   0x00000018   Code   RO         1027    i.__NVIC_SetPendingIRQ  system.o
    0x08014a68   0x08014a68   0x00000078   Code   RO          199    i.__NVIC_SetPriority  spi sx1280.o
    0x08014ae0   0x08014ae0   0x00000078   Code   RO          304    i.__NVIC_SetPriority  lnk timer.o
    0x08014b58   0x08014b58   0x00000078   Code   RO          446    i.__NVIC_SetPriority  main.o
    0x08014bd0   0x08014bd0   0x00000078   Code   RO          664    i.__NVIC_SetPriority  npt timer.o
    0x08014c48   0x08014c48   0x00000078   Code   RO         1028    i.__NVIC_SetPriority  system.o
    0x08014cc0   0x08014cc0   0x00000078   Code   RO         1175    i.__NVIC_SetPriority  usart new port.o
    0x08014d38   0x08014d38   0x000002b0   Code   RO          447    i.main              main.o
    0x08014fe8   0x08014fe8   0x00000002   Data   RO           16    .constdata          adc.o
    0x08014fea   0x08014fea   0x00000002   PAD
    0x08014fec   0x08014fec   0x00000058   Data   RO          376    .constdata          led.o
    0x08015044   0x08015044   0x0000003b   Data   RO          449    .constdata          main.o
    0x0801507f   0x0801507f   0x00000018   Data   RO          666    .constdata          npt timer.o
    0x08015097   0x08015097   0x00000001   PAD
    0x08015098   0x08015098   0x00000074   Data   RO          807    .constdata          pwm adapter.o
    0x0801510c   0x0801510c   0x00000003   Data   RO         1176    .constdata          usart new port.o
    0x0801510f   0x0801510f   0x00000003   Data   RO         1608    .rodata.IB1_USARTConfig  New Port 8 channels 4 ports M0+ release.lib(npt i-bus 1.o)
    0x08015112   0x08015112   0x00000003   Data   RO         1547    .rodata.IB2D_USARTConfig  i-Bus 2 device library M0+ release.lib(i-bus 2 device library.o)
    0x08015115   0x08015115   0x00000003   Data   RO         1652    .rodata.IB2_USARTConfig  New Port 8 channels 4 ports M0+ release.lib(npt i-bus 2.o)
    0x08015118   0x08015118   0x000000a1   Data   RO         1455    .rodata.LNK_SignalStrengthTable  AFHDS3 SX1280 receiver V1 M0+ release.lib(lnk afhds3 receiver.o)
    0x080151b9   0x080151b9   0x00000003   PAD
    0x080151bc   0x080151bc   0x0000000e   Data   RO         1453    .rodata.PHY_ConfigBind  AFHDS3 SX1280 receiver V1 M0+ release.lib(lnk afhds3 receiver.o)
    0x080151ca   0x080151ca   0x00000002   PAD
    0x080151cc   0x080151cc   0x0000000e   Data   RO         1454    .rodata.PHY_ConfigFactory  AFHDS3 SX1280 receiver V1 M0+ release.lib(lnk afhds3 receiver.o)
    0x080151da   0x080151da   0x00000003   Data   RO         1386    .rodata.PHY_SX1280_Cmd_ClearIRQStatusTXRXDone  AFHDS3 SX1280 receiver V1 M0+ release.lib(phy sx1280.o)
    0x080151dd   0x080151dd   0x00000004   Data   RO         1387    .rodata.PHY_SX1280_Cmd_GetIRQStatus  AFHDS3 SX1280 receiver V1 M0+ release.lib(phy sx1280.o)
    0x080151e1   0x080151e1   0x00000007   Data   RO         1388    .rodata.PHY_SX1280_Cmd_GetPacketStatus  AFHDS3 SX1280 receiver V1 M0+ release.lib(phy sx1280.o)
    0x080151e8   0x080151e8   0x00000003   Data   RO         1384    .rodata.PHY_SX1280_Cmd_GetRSSIInst  AFHDS3 SX1280 receiver V1 M0+ release.lib(phy sx1280.o)
    0x080151eb   0x080151eb   0x00000003   Data   RO         1390    .rodata.PHY_SX1280_Cmd_SetBufferBaseAddress  AFHDS3 SX1280 receiver V1 M0+ release.lib(phy sx1280.o)
    0x080151ee   0x080151ee   0x00000001   Data   RO         1391    .rodata.PHY_SX1280_Cmd_SetFS  AFHDS3 SX1280 receiver V1 M0+ release.lib(phy sx1280.o)
    0x080151ef   0x080151ef   0x00000004   Data   RO         1383    .rodata.PHY_SX1280_Cmd_SetRX  AFHDS3 SX1280 receiver V1 M0+ release.lib(phy sx1280.o)
    0x080151f3   0x080151f3   0x00000002   Data   RO         1380    .rodata.PHY_SX1280_Cmd_SetStandbyXOSC  AFHDS3 SX1280 receiver V1 M0+ release.lib(phy sx1280.o)
    0x080151f5   0x080151f5   0x00000004   Data   RO         1382    .rodata.PHY_SX1280_Cmd_SetTX  AFHDS3 SX1280 receiver V1 M0+ release.lib(phy sx1280.o)
    0x080151f9   0x080151f9   0x00000001   Data   RO         1381    .rodata.PHY_SX1280_Cmd_SetTXContinuousWave  AFHDS3 SX1280 receiver V1 M0+ release.lib(phy sx1280.o)
    0x080151fa   0x080151fa   0x00000018   Data   RO         1385    .rodata.PHY_SX1280_InitRegisters  AFHDS3 SX1280 receiver V1 M0+ release.lib(phy sx1280.o)
    0x08015212   0x08015212   0x0000002c   Data   RO         1392    .rodata.PHY_SX1280_SymbolTimeTable  AFHDS3 SX1280 receiver V1 M0+ release.lib(phy sx1280.o)
    0x0801523e   0x0801523e   0x00000003   Data   RO         1742    .rodata.SB_USARTConfig  New Port 8 channels 4 ports M0+ release.lib(npt s-bus.o)
    0x08015241   0x08015241   0x00000001   PAD
    0x08015242   0x08015242   0x00000024   Data   RO         1808    .rodata.SES_NarrowPWMStandards  New Port 8 channels 4 ports M0+ release.lib(npt pwm.o)
    0x08015266   0x08015266   0x00000002   PAD
    0x08015268   0x08015268   0x00000080   Data   RO         1296    .rodata.SES_UnpackChannelsFactors  AFHDS3 RC channels packing library M0+ release.lib(afhds3 rc channels packing library.o)
    0x080152e8   0x080152e8   0x00000400   Data   RO         1280    .rodata.SYS_CRC32Table  AFHDS3 CRC library M0+ release.lib(afhds3 crc library.o)
    0x080156e8   0x080156e8   0x00000100   Data   RO         1279    .rodata.SYS_CRC8Table  AFHDS3 CRC library M0+ release.lib(afhds3 crc library.o)
    0x080157e8   0x080157e8   0x00000040   Data   RO         1295    .rodata.cst32       AFHDS3 RC channels packing library M0+ release.lib(afhds3 rc channels packing library.o)



  Load Region LR$$.ARM.__at_0x08006F80 (Base: 0x08006f80, Size: 0x00000004, Max: 0x00000004, ABSOLUTE)

    Execution Region ER$$.ARM.__at_0x08006F80 (Exec base: 0x08006f80, Load base: 0x08006f80, Size: 0x00000004, Max: 0x00000004, ABSOLUTE, UNINIT)

    Exec Addr    Load Addr    Size         Type   Attr      Idx    E Section Name        Object

    0x08006f80   0x08006f80   0x00000004   Data   RO         1134    .ARM.__at_0x08006F80  system receiver.o



  Load Region LR$$.ARM.__at_0x08006F84 (Base: 0x08006f84, Size: 0x00000004, Max: 0x00000004, ABSOLUTE)

    Execution Region ER$$.ARM.__at_0x08006F84 (Exec base: 0x08006f84, Load base: 0x08006f84, Size: 0x00000004, Max: 0x00000004, ABSOLUTE, UNINIT)

    Exec Addr    Load Addr    Size         Type   Attr      Idx    E Section Name        Object

    0x08006f84   0x08006f84   0x00000004   Data   RO         1135    .ARM.__at_0x08006F84  system receiver.o



  Load Region LR$$.ARM.__at_0x08006F88 (Base: 0x08006f88, Size: 0x00000004, Max: 0x00000004, ABSOLUTE)

    Execution Region ER$$.ARM.__at_0x08006F88 (Exec base: 0x08006f88, Load base: 0x08006f88, Size: 0x00000004, Max: 0x00000004, ABSOLUTE, UNINIT)

    Exec Addr    Load Addr    Size         Type   Attr      Idx    E Section Name        Object

    0x08006f88   0x08006f88   0x00000004   Data   RO         1136    .ARM.__at_0x08006F88  system receiver.o



  Load Region LR$$.ARM.__at_0x08006F8C (Base: 0x08006f8c, Size: 0x00000004, Max: 0x00000004, ABSOLUTE)

    Execution Region ER$$.ARM.__at_0x08006F8C (Exec base: 0x08006f8c, Load base: 0x08006f8c, Size: 0x00000004, Max: 0x00000004, ABSOLUTE, UNINIT)

    Exec Addr    Load Addr    Size         Type   Attr      Idx    E Section Name        Object

    0x08006f8c   0x08006f8c   0x00000002   Data   RO         1137    .ARM.__at_0x08006F8C  system receiver.o



  Load Region LR$$.ARM.__at_0x08006F90 (Base: 0x08006f90, Size: 0x00000070, Max: 0x00000070, ABSOLUTE)

    Execution Region ER$$.ARM.__at_0x08006F90 (Exec base: 0x08006f90, Load base: 0x08006f90, Size: 0x00000070, Max: 0x00000070, ABSOLUTE, UNINIT)

    Exec Addr    Load Addr    Size         Type   Attr      Idx    E Section Name        Object

    0x08006f90   0x08006f90   0x00000070   Data   RO         1138    .ARM.__at_0x08006F90  system receiver.o


==============================================================================

Image component sizes


      Code (inc. data)   RO Data    RW Data    ZI Data      Debug   Object Name

       668         94          2         21          0     313612   adc.o
       162          0          0          0          0       1967   eeprom.o
       548         24          0          1          0       3273   i2c.o
       248         40         88         20          0       3187   led.o
       640        120          0         16          0       6282   lnk timer.o
      5498        654         59        288       1618      33584   main.o
      4568        492         24         13         96      21938   npt timer.o
      1702        218        116          1         20      32033   pwm adapter.o
      1020        112          0          5          0      13729   spi sx1280.o
        52         22        184          0       1024        644   startup_stm32g070xx.o
         0          0        126          0          0       1911   system receiver.o
      1058        134          0          6          0      16347   system.o
      2432        168          3        141          0      21492   usart new port.o

    ----------------------------------------------------------------------
     18612       2078        639        521       2760     469999   Object Totals
         0          0         32          0          0          0   (incl. Generated)
        16          0          5          9          2          0   (incl. Padding)

    ----------------------------------------------------------------------

      Code (inc. data)   RO Data    RW Data    ZI Data      Debug   Library Member Name

        80          8       1280          0          0        100   afhds3 crc library.o
       286          0          0          0          0         84   afhds3 pwm frequencies packing library.o
       900         32        192          0          0        116   afhds3 rc channels packing library.o
      8568        418        189          0        520        760   lnk afhds3 receiver.o
      5064        472        100          3        250        832   phy sx1280.o
      3246        252          0         20        188        732   ses afhds3.o
      2932        184          0         16        596        544   tra afhds3.o
       188         12          0          0        100        100   afhds3 queue low priority irq library.o
       200         20          0          0        324        104   afhds3 queue medium priority irq library.o
        28         12          0          4          0         52   afhds3 simple random number library.o
      1320        150          0          0         84       6022   new port.o
      2764        232          3          0          2      11961   npt i-bus 1.o
      6280        236          3          0          2      19564   npt i-bus 2.o
       376         16          0          0       1502      10167   npt i-bus common.o
       436         56          0          0         48       2483   npt ppm.o
      1444         80         36          0         88       5757   npt pwm.o
       408         52          3          0         30       3059   npt s-bus.o
       576         60          0          0         20       2933   npt ws.o
        86          0          0          0          0          0   __dczerorl2.o
         8          0          0          0          0         68   __main.o
         0          0          0          0          0          0   __rtentry.o
        12          0          0          0          0          0   __rtentry2.o
         6          0          0          0          0          0   __rtentry4.o
        60          8          0          0          0          0   __scatter.o
        28          0          0          0          0          0   __scatter_zi.o
       488          0          0          0          0         92   aeabi_sdivfast.o
        16          0          0          0          0         68   exit.o
         6          0          0          0          0        136   heapauxi.o
         0          0          0          0          0          0   indicate_semi.o
         2          0          0          0          0          0   libinit.o
         2          0          0          0          0          0   libinit2.o
         2          0          0          0          0          0   libshutdown.o
         2          0          0          0          0          0   libshutdown2.o
         8          4          0          0         96         68   libspace.o
        90          0          0          0          0         68   memcmp.o
        64          0          0          0          0        108   rt_memclr.o
       186          0          0          0          0        144   rt_memcpy.o
         2          0          0          0          0          0   rtexit.o
        10          0          0          0          0          0   rtexit2.o
        12          4          0          0          0         60   sys_exit.o
        62          0          0          0          0         80   sys_stackheap_outer.o
        34          0          0          0          0         60   uread4.o
         2          0          0          0          0         68   use_no_semi.o
        16          0          0          0          0         60   uwrite4.o
      1460        106          0          0         80        136   i-bus 1 device library.o
      1036         96          3          0         74        280   i-bus 2 device library.o

    ----------------------------------------------------------------------
     38804       2510       1817         43       4012      66866   Library Totals
         8          0          8          0          8          0   (incl. Padding)

    ----------------------------------------------------------------------

      Code (inc. data)   RO Data    RW Data    ZI Data      Debug   Library Name

        80          8       1280          0          0        100   AFHDS3 CRC library M0+ release.lib
       286          0          0          0          0         84   AFHDS3 PWM frequencies packing library M0+ release.lib
       900         32        192          0          0        116   AFHDS3 RC channels packing library M0+ release.lib
     19810       1326        289         39       1554       2868   AFHDS3 SX1280 receiver V1 M0+ release.lib
       188         12          0          0        100        100   AFHDS3 queue low priority IRQ library 8Q4Q M0+ release.lib
       200         20          0          0        324        104   AFHDS3 queue medium priority IRQ library 8Q32Q M0+ release.lib
        28         12          0          4          0         52   AFHDS3 simple random number library M0+ release.lib
     13604        882         45          0       1776      61946   New Port 8 channels 4 ports M0+ release.lib
      1204         16          0          0         96       1080   c_p.l
      1460        106          0          0         80        136   i-Bus 1 device library M0+ release.lib
      1036         96          3          0         74        280   i-Bus 2 device library M0+ release.lib

    ----------------------------------------------------------------------
     38804       2510       1817         43       4012      66866   Library Totals

    ----------------------------------------------------------------------

==============================================================================


      Code (inc. data)   RO Data    RW Data    ZI Data      Debug   

     57416       4588       2456        564       6772     529737   Grand Totals
     57416       4588       2456        228       6772     529737   ELF Image Totals (compressed)
     57416       4588       2456        228          0          0   ROM Totals

==============================================================================

    Total RO  Size (Code + RO Data)                59872 (  58.47kB)
    Total RW  Size (RW Data + ZI Data)              7336 (   7.16kB)
    Total ROM Size (Code + RO Data + RW Data)      60100 (  58.69kB)

==============================================================================

