<html>
<body>
<pre>
<h1>µVision Build Log</h1>
<h2>Tool Versions:</h2>
IDE-Version: ¦ÌVision V5.25.2.0
Copyright (C) 2018 ARM Ltd and ARM Germany GmbH. All rights reserved.
License Information: 2 1, 3, LIC=BL28G-VMRMN-LVS1I-T83DP-QW6ZP-DP2ZI
 
Tool Versions:
Toolchain:       MDK-ARM Professional  Version: 5.25.2.0
Toolchain Path:  C:\Keil_v5\ARM\ARMCLANG\Bin
C Compiler:      ArmClang.exe V6.9
Assembler:       Armasm.exe V6.9
Linker/Locator:  ArmLink.exe V6.9
Library Manager: ArmAr.exe V6.9
Hex Converter:   FromElf.exe V6.9
CPU DLL:         SARMCM3.DLL V5.25.2.0
Dialog DLL:      DARMCM1.DLL V1.19.1.0
Target DLL:      Segger\JL2CM3.dll V2.99.29.0
Dialog DLL:      TARMCM1.DLL V1.14.0.0
 
<h2>Project:</h2>
C:\Users\dengqi\Desktop\work_test\trunk\AFHDS3 receiver V1\Firmware\AFHDS3 receiver V1.uvprojx
Project File Date:  11/05/2024

<h2>Output:</h2>
*** Using Compiler 'V6.9', folder: 'C:\Keil_v5\ARM\ARMCLANG\Bin'
Rebuild target 'FBr8 debug'
assembling startup_stm32g070xx.s...
compiling EEPROM.c...
compiling LNK timer.c...
compiling SPI SX1280.c...
compiling I2C.c...
compiling LED.c...
compiling System receiver.c...
compiling ADC.c...
System.c(357): warning: function declared 'noreturn' should not return [-Winvalid-noreturn]
}
^
1 warning generated.
compiling System.c...
compiling USART New Port.c...
compiling NPT timer.c...
PWM adapter.c(479): warning: function declared 'noreturn' should not return [-Winvalid-noreturn]
}
^
1 warning generated.
compiling PWM adapter.c...
compiling Main.c...
linking...
Program Size: Code=52990 RO-data=2430 RW-data=420 ZI-data=6924  
"..\..\Output\FBr8 debug\FBr8.axf" - 0 Error(s), 2 Warning(s).

<h2>Software Packages used:</h2>

Package Vendor: ARM
                http://www.keil.com/pack/ARM.CMSIS.5.3.0.pack
                ARM.CMSIS.5.3.0
                CMSIS (Cortex Microcontroller Software Interface Standard)
   * Component: CORE Version: 5.1.1

Package Vendor: Keil
                http://www.keil.com/pack/Keil.STM32G0xx_DFP.1.3.0.pack
                Keil.STM32G0xx_DFP.1.3.0
                STMicroelectronics STM32G0 Series Device Support

<h2>Collection of Component include folders:</h2>
  .\RTE\_FBr8_debug
  C:\Keil_v5\ARM\PACK\ARM\CMSIS\5.3.0\CMSIS\Include
  C:\Keil_v5\ARM\PACK\Keil\STM32G0xx_DFP\1.3.0\Drivers\CMSIS\Device\ST\STM32G0xx\Include

<h2>Collection of Component Files used:</h2>

   * Component: ARM::CMSIS:CORE:5.1.1
Build Time Elapsed:  00:00:02
</pre>
</body>
</html>
