<html>
<body>
<pre>
<h1>µVision Build Log</h1>
<h2>Tool Versions:</h2>
IDE-Version: µVision V5.32.0.0
Copyright (C) 2020 ARM Ltd and ARM Germany GmbH. All rights reserved.
License Information: 721 568, 5, LIC=VHYH9-4UFG6-77HR3-AYZUD-21WVE-DAPHV
 
Tool Versions:
Toolchain:       MDK-ARM Essential  Version: 5.32.0.0
Toolchain Path:  C:\Keil_v5\ARM\ARMCLANG\Bin
C Compiler:      ArmClang.exe V6.14.1
Assembler:       Armasm.exe V6.14.1
Linker/Locator:  ArmLink.exe V6.14.1
Library Manager: ArmAr.exe V6.14.1
Hex Converter:   FromElf.exe V6.14.1
CPU DLL:         SARMCM3.DLL V5.32.0.0
Dialog DLL:      DARMCM1.DLL V1.19.4.0
Target DLL:      Segger\JL2CM3.dll V2.99.38.0
Dialog DLL:      TARMCM1.DLL V1.14.3.0
 
<h2>Project:</h2>
D:\SVN\FS-AFHDS3-Receiver\FS-AFHDS3-Receiver-Nport2.0-81\trunk\AFHDS3 receiver V1\Bootloader\AFHDS3 receiver.uvprojx
Project File Date:  02/24/2023

<h2>Output:</h2>
*** Using Compiler 'V6.14.1', folder: 'C:\Keil_v5\ARM\ARMCLANG\Bin'
Build target 'FBr8 RXID debug'
compiling ADC.c...
compiling System.c...
compiling Main.c...
linking...
Program Size: Code=6520 RO-data=436 RW-data=0 ZI-data=1496  
"..\..\Output\FBr8 bootloader RXID debug\FBr8 bootloader.axf" - 0 Error(s), 0 Warning(s).

<h2>Software Packages used:</h2>

Package Vendor: ARM
                http://www.keil.com/pack/ARM.CMSIS.5.7.0.pack
                ARM.CMSIS.5.7.0
                CMSIS (Cortex Microcontroller Software Interface Standard)
   * Component: CORE Version: 5.4.0

Package Vendor: Keil
                http://www.keil.com/pack/Keil.STM32G0xx_DFP.1.3.0.pack
                Keil.STM32G0xx_DFP.1.3.0
                STMicroelectronics STM32G0 Series Device Support

<h2>Collection of Component include folders:</h2>
  .\RTE\_FBr8_RXID_debug
  C:\Keil_v5\ARM\Packs\ARM\CMSIS\5.7.0\CMSIS\Core\Include
  C:\Keil_v5\ARM\Packs\Keil\STM32G0xx_DFP\1.3.0\Drivers\CMSIS\Device\ST\STM32G0xx\Include

<h2>Collection of Component Files used:</h2>

   * Component: ARM::CMSIS:CORE:5.4.0
Build Time Elapsed:  00:00:00
</pre>
</body>
</html>
