<!doctype html public "-//w3c//dtd html 4.0 transitional//en">
<html><head>
<title>Static Call Graph - [..\..\Output\FTr8B debug\FTr8B.axf]</title></head>
<body><HR>
<H1>Static Call Graph for image ..\..\Output\FTr8B debug\FTr8B.axf</H1><HR>
<BR><P>#&#060CALLGRAPH&#062# ARM Linker, 5060750: Last Updated: Wed Nov 13 14:03:58 2024
<BR><P>
<H3>Maximum Stack Usage =        416 bytes + Unknown(Functions without stacksize, Cycles, Untraceable Function Pointers)</H3><H3>
Call chain for Maximum Stack Depth:</H3>
TRA_BindCallback &rArr; SES_Run2 &rArr; TRA_Run &rArr; TRA_Run2 &rArr; LNK_Run &rArr; PHY_SetConfig &rArr; PHY_SetConfigCalcTXRXTime
<P>
<H3>
Functions with no stack information
</H3><UL>
 <LI><a href="#[a8]">__user_initial_stackheap</a>
</UL>
</UL>
<P>
<H3>
Mutually Recursive functions
</H3> <LI><a href="#[15]">NMI_Handler</a>&nbsp;&nbsp;&nbsp;&rArr;&nbsp;&nbsp;&nbsp;<a href="#[15]">NMI_Handler</a><BR>
 <LI><a href="#[16]">HardFault_Handler</a>&nbsp;&nbsp;&nbsp;&rArr;&nbsp;&nbsp;&nbsp;<a href="#[16]">HardFault_Handler</a><BR>
 <LI><a href="#[17]">SVC_Handler</a>&nbsp;&nbsp;&nbsp;&rArr;&nbsp;&nbsp;&nbsp;<a href="#[17]">SVC_Handler</a><BR>
 <LI><a href="#[18]">PendSV_Handler</a>&nbsp;&nbsp;&nbsp;&rArr;&nbsp;&nbsp;&nbsp;<a href="#[18]">PendSV_Handler</a><BR>
 <LI><a href="#[19]">SysTick_Handler</a>&nbsp;&nbsp;&nbsp;&rArr;&nbsp;&nbsp;&nbsp;<a href="#[19]">SysTick_Handler</a><BR>
 <LI><a href="#[24]">ADC1_IRQHandler</a>&nbsp;&nbsp;&nbsp;&rArr;&nbsp;&nbsp;&nbsp;<a href="#[24]">ADC1_IRQHandler</a><BR>
</UL>
<P>
<H3>
Function Pointers
</H3><UL>
 <LI><a href="#[24]">ADC1_IRQHandler</a> from startup_stm32g070xx.o(.text) referenced from startup_stm32g070xx.o(RESET)
 <LI><a href="#[23]">DMA1_Ch4_7_DMAMUX1_OVR_IRQHandler</a> from spi sx1280.o(i.DMA1_Ch4_7_DMAMUX1_OVR_IRQHandler) referenced from startup_stm32g070xx.o(RESET)
 <LI><a href="#[21]">DMA1_Channel1_IRQHandler</a> from startup_stm32g070xx.o(.text) referenced from startup_stm32g070xx.o(RESET)
 <LI><a href="#[22]">DMA1_Channel2_3_IRQHandler</a> from startup_stm32g070xx.o(.text) referenced from startup_stm32g070xx.o(RESET)
 <LI><a href="#[1e]">EXTI0_1_IRQHandler</a> from startup_stm32g070xx.o(.text) referenced from startup_stm32g070xx.o(RESET)
 <LI><a href="#[1f]">EXTI2_3_IRQHandler</a> from startup_stm32g070xx.o(.text) referenced from startup_stm32g070xx.o(RESET)
 <LI><a href="#[20]">EXTI4_15_IRQHandler</a> from main.o(i.EXTI4_15_IRQHandler) referenced from startup_stm32g070xx.o(RESET)
 <LI><a href="#[1c]">FLASH_IRQHandler</a> from startup_stm32g070xx.o(.text) referenced from startup_stm32g070xx.o(RESET)
 <LI><a href="#[16]">HardFault_Handler</a> from startup_stm32g070xx.o(.text) referenced from startup_stm32g070xx.o(RESET)
 <LI><a href="#[2e]">I2C1_IRQHandler</a> from startup_stm32g070xx.o(.text) referenced from startup_stm32g070xx.o(RESET)
 <LI><a href="#[2f]">I2C2_IRQHandler</a> from startup_stm32g070xx.o(.text) referenced from startup_stm32g070xx.o(RESET)
 <LI><a href="#[37]">IB1D_CommandReceivedCallback</a> from i-bus 1 device library.o(.text.IB1D_CommandReceivedCallback) referenced from i-bus 1 device library.o(.text.IB1DTIM_TimerIRQHandler)
 <LI><a href="#[37]">IB1D_CommandReceivedCallback</a> from i-bus 1 device library.o(.text.IB1D_CommandReceivedCallback) referenced from i-bus 1 device library.o(.text.IB1D_CommandReceivedCallback)
 <LI><a href="#[37]">IB1D_CommandReceivedCallback</a> from i-bus 1 device library.o(.text.IB1D_CommandReceivedCallback) referenced from i-bus 1 device library.o(.text.IB1D_Init)
 <LI><a href="#[37]">IB1D_CommandReceivedCallback</a> from i-bus 1 device library.o(.text.IB1D_CommandReceivedCallback) referenced from i-bus 1 device library.o(.text.IB1D_MsIRQHandler)
 <LI><a href="#[38]">IB1_ReceiveSensorCallback</a> from npt i-bus 1.o(.text.IB1_ReceiveSensorCallback) referenced from npt i-bus 1.o(.text.IB1_ReceiveSensorIRQHandler)
 <LI><a href="#[3c]">IB1_ReceiveSensorIRQHandler</a> from npt i-bus 1.o(.text.IB1_ReceiveSensorIRQHandler) referenced from npt i-bus 1.o(.text.IB1_TimerCompareCallback)
 <LI><a href="#[39]">IB1_ReceiveServoCallback</a> from npt i-bus 1.o(.text.IB1_ReceiveServoCallback) referenced from npt i-bus 1.o(.text.IB1_ReceiveServoIRQHandler)
 <LI><a href="#[3b]">IB1_ReceiveServoIRQHandler</a> from npt i-bus 1.o(.text.IB1_ReceiveServoIRQHandler) referenced from npt i-bus 1.o(.text.IB1_TimerCompareCallback)
 <LI><a href="#[3d]">IB1_TimerCompareCallback</a> from npt i-bus 1.o(.text.IB1_TimerCompareCallback) referenced from npt i-bus 1.o(.text.IB1_TimerCompareIRQHandler)
 <LI><a href="#[3a]">IB1_TimerCompareIRQHandler</a> from npt i-bus 1.o(.text.IB1_TimerCompareIRQHandler) referenced from npt i-bus 1.o(.text.IB1_SetChannels)
 <LI><a href="#[85]">IB2DTIM_Deinit</a> from pwm adapter.o(i.IB2DTIM_Deinit) referenced from pwm adapter.o(.constdata)
 <LI><a href="#[86]">IB2DTIM_Init</a> from pwm adapter.o(i.IB2DTIM_Init) referenced from pwm adapter.o(.constdata)
 <LI><a href="#[88]">IB2DTIM_SetNextIRQTime</a> from pwm adapter.o(i.IB2DTIM_SetNextIRQTime) referenced from pwm adapter.o(.constdata)
 <LI><a href="#[89]">IB2DTIM_StartTimer</a> from pwm adapter.o(i.IB2DTIM_StartTimer) referenced from pwm adapter.o(.constdata)
 <LI><a href="#[8a]">IB2DTIM_StopTimer</a> from pwm adapter.o(i.IB2DTIM_StopTimer) referenced from pwm adapter.o(.constdata)
 <LI><a href="#[8b]">IB2DUSART_Deinit</a> from pwm adapter.o(i.IB2DUSART_Deinit) referenced from pwm adapter.o(.constdata)
 <LI><a href="#[8c]">IB2DUSART_Init</a> from pwm adapter.o(i.IB2DUSART_Init) referenced from pwm adapter.o(.constdata)
 <LI><a href="#[8d]">IB2DUSART_ReceiveSetup</a> from pwm adapter.o(i.IB2DUSART_ReceiveSetup) referenced from pwm adapter.o(.constdata)
 <LI><a href="#[8e]">IB2DUSART_ReceiveStart</a> from pwm adapter.o(i.IB2DUSART_ReceiveStart) referenced from pwm adapter.o(.constdata)
 <LI><a href="#[8f]">IB2DUSART_ReceiveStop</a> from pwm adapter.o(i.IB2DUSART_ReceiveStop) referenced from pwm adapter.o(.constdata)
 <LI><a href="#[90]">IB2DUSART_TransmitSetup</a> from pwm adapter.o(i.IB2DUSART_TransmitSetup) referenced from pwm adapter.o(.constdata)
 <LI><a href="#[91]">IB2DUSART_TransmitStart</a> from pwm adapter.o(i.IB2DUSART_TransmitStart) referenced from pwm adapter.o(.constdata)
 <LI><a href="#[7e]">IB2D_GetParamCallback</a> from pwm adapter.o(i.IB2D_GetParamCallback) referenced from pwm adapter.o(.constdata)
 <LI><a href="#[80]">IB2D_GetValueCallback</a> from pwm adapter.o(i.IB2D_GetValueCallback) referenced from pwm adapter.o(.constdata)
 <LI><a href="#[41]">IB2D_ProcessChannelsCallback</a> from i-bus 2 device library.o(.text.IB2D_ProcessChannelsCallback) referenced from i-bus 2 device library.o(.text.IB2D_ReceiveChannelsCallbackMedium)
 <LI><a href="#[3f]">IB2D_ReceiveChannelsCallback</a> from i-bus 2 device library.o(.text.IB2D_ReceiveChannelsCallback) referenced from i-bus 2 device library.o(.text.IB2D_Init)
 <LI><a href="#[3f]">IB2D_ReceiveChannelsCallback</a> from i-bus 2 device library.o(.text.IB2D_ReceiveChannelsCallback) referenced from i-bus 2 device library.o(.text.IB2D_ReceiveChannelsCallbackMedium)
 <LI><a href="#[3f]">IB2D_ReceiveChannelsCallback</a> from i-bus 2 device library.o(.text.IB2D_ReceiveChannelsCallback) referenced from i-bus 2 device library.o(.text.IB2D_ReceiveCommandCallbackMedium)
 <LI><a href="#[3f]">IB2D_ReceiveChannelsCallback</a> from i-bus 2 device library.o(.text.IB2D_ReceiveChannelsCallback) referenced from i-bus 2 device library.o(.text.IB2D_RestartChannelsReceptionCallback)
 <LI><a href="#[40]">IB2D_ReceiveChannelsCallbackMedium</a> from i-bus 2 device library.o(.text.IB2D_ReceiveChannelsCallbackMedium) referenced from i-bus 2 device library.o(.text.IB2D_ReceiveChannelsCallback)
 <LI><a href="#[42]">IB2D_ReceiveCommandCallback</a> from i-bus 2 device library.o(.text.IB2D_ReceiveCommandCallback) referenced from i-bus 2 device library.o(.text.IB2D_ReceiveChannelsCallbackMedium)
 <LI><a href="#[43]">IB2D_ReceiveCommandCallbackMedium</a> from i-bus 2 device library.o(.text.IB2D_ReceiveCommandCallbackMedium) referenced from i-bus 2 device library.o(.text.IB2D_ReceiveCommandCallback)
 <LI><a href="#[81]">IB2D_RequiredResourcesCallback</a> from pwm adapter.o(i.IB2D_RequiredResourcesCallback) referenced from pwm adapter.o(.constdata)
 <LI><a href="#[3e]">IB2D_RestartChannelsReceptionCallback</a> from i-bus 2 device library.o(.text.IB2D_RestartChannelsReceptionCallback) referenced from i-bus 2 device library.o(.text.IB2DTIM_TimerIRQHandler)
 <LI><a href="#[82]">IB2D_SetChannelsCallback</a> from pwm adapter.o(i.IB2D_SetChannelsCallback) referenced from pwm adapter.o(.constdata)
 <LI><a href="#[83]">IB2D_SetChannelsTypeCallback</a> from pwm adapter.o(i.IB2D_SetChannelsTypeCallback) referenced from pwm adapter.o(.constdata)
 <LI><a href="#[84]">IB2D_SetFailsafeCallback</a> from pwm adapter.o(i.IB2D_SetFailsafeCallback) referenced from pwm adapter.o(.constdata)
 <LI><a href="#[7f]">IB2D_SetParamCallback</a> from pwm adapter.o(i.IB2D_SetParamCallback) referenced from pwm adapter.o(.constdata)
 <LI><a href="#[87]">IB2D_StatusChangedCallback</a> from pwm adapter.o(i.IB2D_StatusChangedCallback) referenced from pwm adapter.o(.constdata)
 <LI><a href="#[46]">IB2_CallGetParamResponseCallback</a> from npt i-bus 2.o(.text.IB2_CallGetParamResponseCallback) referenced from npt i-bus 2.o(.text.IB2_ProcessLastResponseCallback)
 <LI><a href="#[45]">IB2_CallSetParamResponseCallback</a> from npt i-bus 2.o(.text.IB2_CallSetParamResponseCallback) referenced from npt i-bus 2.o(.text.IB2_ProcessLastResponseCallback)
 <LI><a href="#[4b]">IB2_ProcessLastResponseCallback</a> from npt i-bus 2.o(.text.IB2_ProcessLastResponseCallback) referenced from npt i-bus 2.o(.text.IB2_TimerCompareIRQHandler)
 <LI><a href="#[48]">IB2_SendChannelsCallback</a> from npt i-bus 2.o(.text.IB2_SendChannelsCallback) referenced from npt i-bus 2.o(.text.IB2_SendChannelsIRQHandler)
 <LI><a href="#[4a]">IB2_SendChannelsIRQHandler</a> from npt i-bus 2.o(.text.IB2_SendChannelsIRQHandler) referenced from npt i-bus 2.o(.text.IB2_SetChannels)
 <LI><a href="#[49]">IB2_SendCommandCallback</a> from npt i-bus 2.o(.text.IB2_SendCommandCallback) referenced from npt i-bus 2.o(.text.IB2_SendCommandIRQHandler)
 <LI><a href="#[47]">IB2_SendCommandIRQHandler</a> from npt i-bus 2.o(.text.IB2_SendCommandIRQHandler) referenced from npt i-bus 2.o(.text.IB2_SendChannelsCallback)
 <LI><a href="#[44]">IB2_TimerCompareIRQHandler</a> from npt i-bus 2.o(.text.IB2_TimerCompareIRQHandler) referenced from npt i-bus 2.o(.text.IB2_HubInit)
 <LI><a href="#[44]">IB2_TimerCompareIRQHandler</a> from npt i-bus 2.o(.text.IB2_TimerCompareIRQHandler) referenced from npt i-bus 2.o(.text.IB2_Init)
 <LI><a href="#[58]">LNKTIM_TimerCompareIRQHandler</a> from lnk afhds3 receiver.o(.text.LNKTIM_TimerCompareIRQHandler) referenced from lnk afhds3 receiver.o(.text.LNK_Init)
 <LI><a href="#[75]">LNK_BindCallback</a> from tra afhds3.o(.text.LNK_BindCallback) referenced from tra afhds3.o(.text.TRA_Bind)
 <LI><a href="#[12]">LNK_BuildTXPacketCallback</a> from tra afhds3.o(.text.LNK_BuildTXPacketCallback) referenced 2 times from tra afhds3.o(.data.TRA_LinkRunUp)
 <LI><a href="#[55]">LNK_BuildTXPacketCallback</a> from lnk afhds3 receiver.o(.text.LNK_BuildTXPacketCallback) referenced from lnk afhds3 receiver.o(.text.LNKTIM_TimerCompareIRQHandler)
 <LI><a href="#[55]">LNK_BuildTXPacketCallback</a> from lnk afhds3 receiver.o(.text.LNK_BuildTXPacketCallback) referenced from lnk afhds3 receiver.o(.text.LNK_CallBuildTXPacketCallback)
 <LI><a href="#[4e]">LNK_CallBlackBoxRXCallback</a> from lnk afhds3 receiver.o(.text.LNK_CallBlackBoxRXCallback) referenced from lnk afhds3 receiver.o(.text.LNKTIM_TimerCompareIRQHandler)
 <LI><a href="#[4e]">LNK_CallBlackBoxRXCallback</a> from lnk afhds3 receiver.o(.text.LNK_CallBlackBoxRXCallback) referenced from lnk afhds3 receiver.o(.text.LNK_PacketReceivedCallbackRun)
 <LI><a href="#[57]">LNK_CallBlackBoxTXCallback</a> from lnk afhds3 receiver.o(.text.LNK_CallBlackBoxTXCallback) referenced from lnk afhds3 receiver.o(.text.LNKTIM_TimerCompareIRQHandler)
 <LI><a href="#[56]">LNK_CallBuildTXPacketCallback</a> from lnk afhds3 receiver.o(.text.LNK_CallBuildTXPacketCallback) referenced from lnk afhds3 receiver.o(.text.LNKTIM_TimerCompareIRQHandler)
 <LI><a href="#[53]">LNK_CallHeartbeatCallback</a> from lnk afhds3 receiver.o(.text.LNK_CallHeartbeatCallback) referenced from lnk afhds3 receiver.o(.text.LNKTIM_TimerCompareIRQHandler)
 <LI><a href="#[51]">LNK_CallSuccessfullyBound</a> from lnk afhds3 receiver.o(.text.LNK_CallSuccessfullyBound) referenced from lnk afhds3 receiver.o(.text.LNKTIM_TimerCompareIRQHandler)
 <LI><a href="#[52]">LNK_FactoryMeasureRSSICallback</a> from lnk afhds3 receiver.o(.text.LNK_FactoryMeasureRSSICallback) referenced from lnk afhds3 receiver.o(.text.LNKTIM_TimerCompareIRQHandler)
 <LI><a href="#[c]">LNK_FactorySaveConfigCallback</a> from main.o(i.LNK_FactorySaveConfigCallback) referenced 2 times from main.o(.data)
 <LI><a href="#[13]">LNK_HeartbeatCallback</a> from tra afhds3.o(.text.LNK_HeartbeatCallback) referenced 2 times from tra afhds3.o(.data.TRA_LinkRunUp)
 <LI><a href="#[4d]">LNK_HeartbeatCallback</a> from lnk afhds3 receiver.o(.text.LNK_HeartbeatCallback) referenced 2 times from lnk afhds3 receiver.o(.text.LNKTIM_TimerCompareIRQHandler)
 <LI><a href="#[4d]">LNK_HeartbeatCallback</a> from lnk afhds3 receiver.o(.text.LNK_HeartbeatCallback) referenced from lnk afhds3 receiver.o(.text.LNK_CallHeartbeatCallback)
 <LI><a href="#[4d]">LNK_HeartbeatCallback</a> from lnk afhds3 receiver.o(.text.LNK_HeartbeatCallback) referenced from lnk afhds3 receiver.o(.text.LNK_PacketReceivedCallbackRun)
 <LI><a href="#[11]">LNK_PacketReceivedCallback</a> from tra afhds3.o(.text.LNK_PacketReceivedCallback) referenced 2 times from tra afhds3.o(.data.TRA_LinkRunUp)
 <LI><a href="#[54]">LNK_PacketReceivedCallbackBind</a> from lnk afhds3 receiver.o(.text.LNK_PacketReceivedCallbackBind) referenced 2 times from lnk afhds3 receiver.o(.text.LNKTIM_TimerCompareIRQHandler)
 <LI><a href="#[4c]">LNK_PacketReceivedCallbackFactory</a> from lnk afhds3 receiver.o(.text.LNK_PacketReceivedCallbackFactory) referenced 2 times from lnk afhds3 receiver.o(.text.LNKTIM_TimerCompareIRQHandler)
 <LI><a href="#[50]">LNK_PacketReceivedCallbackRun</a> from lnk afhds3 receiver.o(.text.LNK_PacketReceivedCallbackRun) referenced from lnk afhds3 receiver.o(.text.LNKTIM_TimerCompareIRQHandler)
 <LI><a href="#[59]">LNK_ProcessRXPacketBindCallback</a> from lnk afhds3 receiver.o(.text.LNK_ProcessRXPacketBindCallback) referenced from lnk afhds3 receiver.o(.text.LNK_PacketReceivedCallbackBind)
 <LI><a href="#[5a]">LNK_ProcessRXPacketRunCallback</a> from lnk afhds3 receiver.o(.text.LNK_ProcessRXPacketRunCallback) referenced from lnk afhds3 receiver.o(.text.LNK_PacketReceivedCallbackRun)
 <LI><a href="#[4f]">LNK_SynchronizationLostCallback</a> from lnk afhds3 receiver.o(.text.LNK_SynchronizationLostCallback) referenced from lnk afhds3 receiver.o(.text.LNKTIM_TimerCompareIRQHandler)
 <LI><a href="#[15]">NMI_Handler</a> from startup_stm32g070xx.o(.text) referenced from startup_stm32g070xx.o(RESET)
 <LI><a href="#[5b]">PHY_RXCallback1</a> from phy sx1280.o(.text.PHY_RXCallback1) referenced from phy sx1280.o(.text.PHY_RX)
 <LI><a href="#[5c]">PHY_RXCallback2</a> from phy sx1280.o(.text.PHY_RXCallback2) referenced from phy sx1280.o(.text.PHY_RXCallback1)
 <LI><a href="#[5d]">PHY_RXCallback3</a> from phy sx1280.o(.text.PHY_RXCallback3) referenced from phy sx1280.o(.text.PHY_RXCallback2)
 <LI><a href="#[5e]">PHY_RXCallback4</a> from phy sx1280.o(.text.PHY_RXCallback4) referenced from phy sx1280.o(.text.PHY_RXCallback3)
 <LI><a href="#[5f]">PHY_ResumeRXCallback</a> from phy sx1280.o(.text.PHY_ResumeRXCallback) referenced from phy sx1280.o(.text.PHY_ResumeRX)
 <LI><a href="#[5f]">PHY_ResumeRXCallback</a> from phy sx1280.o(.text.PHY_ResumeRXCallback) referenced from phy sx1280.o(.text.PHY_SX1280_DIO1IRQHandlerCallback2)
 <LI><a href="#[5f]">PHY_ResumeRXCallback</a> from phy sx1280.o(.text.PHY_ResumeRXCallback) referenced from phy sx1280.o(.text.PHY_SX1280_DIO1IRQHandlerCallback4)
 <LI><a href="#[61]">PHY_SX1280_ContinueResetAndInitCallback1</a> from phy sx1280.o(.text.PHY_SX1280_ContinueResetAndInitCallback1) referenced from phy sx1280.o(.text.PHY_SX1280_ContinueResetAndInit)
 <LI><a href="#[61]">PHY_SX1280_ContinueResetAndInitCallback1</a> from phy sx1280.o(.text.PHY_SX1280_ContinueResetAndInitCallback1) referenced from phy sx1280.o(.text.PHY_SX1280_ContinueResetAndInitCallback1)
 <LI><a href="#[60]">PHY_SX1280_ContinueResetAndInitCallback2</a> from phy sx1280.o(.text.PHY_SX1280_ContinueResetAndInitCallback2) referenced from phy sx1280.o(.text.PHY_SX1280_ContinueResetAndInit)
 <LI><a href="#[62]">PHY_SX1280_ContinueResetAndInitCallback3</a> from phy sx1280.o(.text.PHY_SX1280_ContinueResetAndInitCallback3) referenced from phy sx1280.o(.text.PHY_SX1280_ContinueResetAndInitCallback2)
 <LI><a href="#[63]">PHY_SX1280_DIO1IRQHandlerCallback1</a> from phy sx1280.o(.text.PHY_SX1280_DIO1IRQHandlerCallback1) referenced from phy sx1280.o(.text.PHY_SX1280_DIO1IRQHandler)
 <LI><a href="#[64]">PHY_SX1280_DIO1IRQHandlerCallback2</a> from phy sx1280.o(.text.PHY_SX1280_DIO1IRQHandlerCallback2) referenced from phy sx1280.o(.text.PHY_SX1280_DIO1IRQHandlerCallback1)
 <LI><a href="#[65]">PHY_SX1280_DIO1IRQHandlerCallback3</a> from phy sx1280.o(.text.PHY_SX1280_DIO1IRQHandlerCallback3) referenced from phy sx1280.o(.text.PHY_SX1280_DIO1IRQHandlerCallback2)
 <LI><a href="#[66]">PHY_SX1280_DIO1IRQHandlerCallback4</a> from phy sx1280.o(.text.PHY_SX1280_DIO1IRQHandlerCallback4) referenced from phy sx1280.o(.text.PHY_SX1280_DIO1IRQHandlerCallback3)
 <LI><a href="#[67]">PHY_TXCallback1</a> from phy sx1280.o(.text.PHY_TXCallback1) referenced from phy sx1280.o(.text.PHY_TX)
 <LI><a href="#[68]">PHY_TXCallback2</a> from phy sx1280.o(.text.PHY_TXCallback2) referenced from phy sx1280.o(.text.PHY_TXCallback1)
 <LI><a href="#[69]">PHY_TXCallback3</a> from phy sx1280.o(.text.PHY_TXCallback3) referenced from phy sx1280.o(.text.PHY_TXCallback2)
 <LI><a href="#[6a]">PHY_TXCallback4</a> from phy sx1280.o(.text.PHY_TXCallback4) referenced from phy sx1280.o(.text.PHY_TXCallback3)
 <LI><a href="#[6c]">PHY_TXCallback5</a> from phy sx1280.o(.text.PHY_TXCallback5) referenced from phy sx1280.o(.text.PHY_TXCallback4)
 <LI><a href="#[6b]">PHY_TXCallback6</a> from phy sx1280.o(.text.PHY_TXCallback6) referenced from phy sx1280.o(.text.PHY_TXCallback4)
 <LI><a href="#[6b]">PHY_TXCallback6</a> from phy sx1280.o(.text.PHY_TXCallback6) referenced from phy sx1280.o(.text.PHY_TXCallback5)
 <LI><a href="#[6e]">PPM_TimerCompareCallback</a> from npt ppm.o(.text.PPM_TimerCompareCallback) referenced from npt ppm.o(.text.PPM_TimerCompareIRQHandler)
 <LI><a href="#[6d]">PPM_TimerCompareIRQHandler</a> from npt ppm.o(.text.PPM_TimerCompareIRQHandler) referenced from npt ppm.o(.text.PPM_Init)
 <LI><a href="#[7b]">PWMA_CallPWMSetFrequency</a> from pwm adapter.o(i.PWMA_CallPWMSetFrequency) referenced from pwm adapter.o(i.IB2D_SetParamCallback)
 <LI><a href="#[7c]">PWMA_IBus1TimerIRQHandler</a> from pwm adapter.o(i.PWMA_IBus1TimerIRQHandler) referenced from pwm adapter.o(i.PWMA_Init)
 <LI><a href="#[7a]">PWMA_IBus2TimerIRQHandler</a> from pwm adapter.o(i.PWMA_IBus2TimerIRQHandler) referenced from pwm adapter.o(i.IB2DTIM_Init)
 <LI><a href="#[70]">PWM_TimerCompareCallback</a> from npt pwm.o(.text.PWM_TimerCompareCallback) referenced from npt pwm.o(.text.PWM_TimerCompareIRQHandler)
 <LI><a href="#[6f]">PWM_TimerCompareIRQHandler</a> from npt pwm.o(.text.PWM_TimerCompareIRQHandler) referenced from npt pwm.o(.text.PWM_Init)
 <LI><a href="#[18]">PendSV_Handler</a> from startup_stm32g070xx.o(.text) referenced from startup_stm32g070xx.o(RESET)
 <LI><a href="#[1d]">RCC_IRQHandler</a> from startup_stm32g070xx.o(.text) referenced from startup_stm32g070xx.o(RESET)
 <LI><a href="#[1b]">RTC_TAMP_IRQHandler</a> from system.o(i.RTC_TAMP_IRQHandler) referenced from startup_stm32g070xx.o(RESET)
 <LI><a href="#[14]">Reset_Handler</a> from startup_stm32g070xx.o(.text) referenced from startup_stm32g070xx.o(RESET)
 <LI><a href="#[72]">SB_TimerCompareCallback</a> from npt s-bus.o(.text.SB_TimerCompareCallback) referenced from npt s-bus.o(.text.SB_TimerCompareIRQHandler)
 <LI><a href="#[71]">SB_TimerCompareIRQHandler</a> from npt s-bus.o(.text.SB_TimerCompareIRQHandler) referenced from npt s-bus.o(.text.SB_SetChannels)
 <LI><a href="#[7d]">SES_BindCallback</a> from main.o(i.SES_BindCallback) referenced from main.o(.constdata)
 <LI><a href="#[a]">SES_BuildRealtimePacketCallback</a> from main.o(i.SES_BuildRealtimePacketCallback) referenced 2 times from main.o(.data)
 <LI><a href="#[7]">SES_CommandReceivedCallback</a> from main.o(i.SES_CommandReceivedCallback) referenced 2 times from main.o(.data)
 <LI><a href="#[b]">SES_HeartbeatCallback</a> from main.o(i.SES_HeartbeatCallback) referenced 2 times from main.o(.data)
 <LI><a href="#[8]">SES_PreSetChannelsCallback</a> from main.o(i.SES_PreSetChannelsCallback) referenced 2 times from main.o(.data)
 <LI><a href="#[5]">SES_RealtimePacketReceivedCallback</a> from main.o(i.SES_RealtimePacketReceivedCallback) referenced 2 times from main.o(.data)
 <LI><a href="#[74]">SES_SendCommandCallback</a> from ses afhds3.o(.text.SES_SendCommandCallback) referenced from ses afhds3.o(.text.SES_SendCommand)
 <LI><a href="#[9]">SES_SetChannelsCallback</a> from main.o(i.SES_SetChannelsCallback) referenced 2 times from main.o(.data)
 <LI><a href="#[9]">SES_SetChannelsCallback</a> from main.o(i.SES_SetChannelsCallback) referenced from main.o(i.SES_HeartbeatCallback)
 <LI><a href="#[6]">SES_WSDataReceivedCallback</a> from main.o(i.SES_WSDataReceivedCallback) referenced 2 times from main.o(.data)
 <LI><a href="#[30]">SPI1_IRQHandler</a> from startup_stm32g070xx.o(.text) referenced from startup_stm32g070xx.o(RESET)
 <LI><a href="#[31]">SPI2_IRQHandler</a> from startup_stm32g070xx.o(.text) referenced from startup_stm32g070xx.o(RESET)
 <LI><a href="#[17]">SVC_Handler</a> from startup_stm32g070xx.o(.text) referenced from startup_stm32g070xx.o(RESET)
 <LI><a href="#[19]">SysTick_Handler</a> from startup_stm32g070xx.o(.text) referenced from startup_stm32g070xx.o(RESET)
 <LI><a href="#[35]">SystemInit</a> from system.o(i.SystemInit) referenced from startup_stm32g070xx.o(.text)
 <LI><a href="#[2a]">TIM14_IRQHandler</a> from startup_stm32g070xx.o(.text) referenced from startup_stm32g070xx.o(RESET)
 <LI><a href="#[2b]">TIM15_IRQHandler</a> from npt timer.o(i.TIM15_IRQHandler) referenced from startup_stm32g070xx.o(RESET)
 <LI><a href="#[2c]">TIM16_IRQHandler</a> from npt timer.o(i.TIM16_IRQHandler) referenced from startup_stm32g070xx.o(RESET)
 <LI><a href="#[2d]">TIM17_IRQHandler</a> from lnk timer.o(i.TIM17_IRQHandler) referenced from startup_stm32g070xx.o(RESET)
 <LI><a href="#[25]">TIM1_BRK_UP_TRG_COM_IRQHandler</a> from startup_stm32g070xx.o(.text) referenced from startup_stm32g070xx.o(RESET)
 <LI><a href="#[26]">TIM1_CC_IRQHandler</a> from npt timer.o(i.TIM1_CC_IRQHandler) referenced from startup_stm32g070xx.o(RESET)
 <LI><a href="#[27]">TIM3_IRQHandler</a> from npt timer.o(i.TIM3_IRQHandler) referenced from startup_stm32g070xx.o(RESET)
 <LI><a href="#[28]">TIM6_IRQHandler</a> from system.o(i.TIM6_IRQHandler) referenced from startup_stm32g070xx.o(RESET)
 <LI><a href="#[29]">TIM7_IRQHandler</a> from startup_stm32g070xx.o(.text) referenced from startup_stm32g070xx.o(RESET)
 <LI><a href="#[73]">TRA_BindCallback</a> from ses afhds3.o(.text.TRA_BindCallback) referenced from ses afhds3.o(.text.SES_Bind)
 <LI><a href="#[f]">TRA_BuildRealtimePacketCallback</a> from ses afhds3.o(.text.TRA_BuildRealtimePacketCallback) referenced 2 times from ses afhds3.o(.data.SES_TransportRunUp)
 <LI><a href="#[10]">TRA_HeartbeatCallback</a> from ses afhds3.o(.text.TRA_HeartbeatCallback) referenced 2 times from ses afhds3.o(.data.SES_TransportRunUp)
 <LI><a href="#[d]">TRA_RealtimePacketReceivedCallback</a> from ses afhds3.o(.text.TRA_RealtimePacketReceivedCallback) referenced 2 times from ses afhds3.o(.data.SES_TransportRunUp)
 <LI><a href="#[76]">TRA_SendWSDataCallback</a> from tra afhds3.o(.text.TRA_SendWSDataCallback) referenced from tra afhds3.o(.text.TRA_SendWSData)
 <LI><a href="#[e]">TRA_WSDataReceivedCallback</a> from ses afhds3.o(.text.TRA_WSDataReceivedCallback) referenced 2 times from ses afhds3.o(.data.SES_TransportRunUp)
 <LI><a href="#[32]">USART1_IRQHandler</a> from usart new port.o(i.USART1_IRQHandler) referenced from startup_stm32g070xx.o(RESET)
 <LI><a href="#[33]">USART2_IRQHandler</a> from usart new port.o(i.USART2_IRQHandler) referenced from startup_stm32g070xx.o(RESET)
 <LI><a href="#[34]">USART3_4_IRQHandler</a> from usart new port.o(i.USART3_4_IRQHandler) referenced from startup_stm32g070xx.o(RESET)
 <LI><a href="#[77]">WS_DataReceivedCallback</a> from npt ws.o(.text.WS_DataReceivedCallback) referenced from npt ws.o(.text.WS_MsIRQHandler)
 <LI><a href="#[78]">WS_TransmitCallback</a> from npt ws.o(.text.WS_TransmitCallback) referenced from npt ws.o(.text.WS_SendData)
 <LI><a href="#[78]">WS_TransmitCallback</a> from npt ws.o(.text.WS_TransmitCallback) referenced from npt ws.o(.text.WS_TransmitIRQHandler)
 <LI><a href="#[79]">WS_TransmitIRQHandler</a> from npt ws.o(.text.WS_TransmitIRQHandler) referenced from npt ws.o(.text.WS_TransmitCallback)
 <LI><a href="#[1a]">WWDG_IRQHandler</a> from system.o(i.WWDG_IRQHandler) referenced from startup_stm32g070xx.o(RESET)
 <LI><a href="#[92]">__main</a> from __main.o(!!!main) referenced from startup_stm32g070xx.o(.text)
</UL>
<P>
<H3>
Global Symbols
</H3>
<P><STRONG><a name="[92]"></a>__main</STRONG> (Thumb, 8 bytes, Stack size 0 bytes, __main.o(!!!main))
<BR><BR>[Calls]<UL><LI><a href="#[94]">&gt;&gt;</a>&nbsp;&nbsp;&nbsp;__rt_entry
<LI><a href="#[93]">&gt;&gt;</a>&nbsp;&nbsp;&nbsp;__scatterload
</UL>

<P><STRONG><a name="[93]"></a>__scatterload</STRONG> (Thumb, 0 bytes, Stack size unknown bytes, __scatter.o(!!!scatter))
<BR><BR>[Called By]<UL><LI><a href="#[92]">&gt;&gt;</a>&nbsp;&nbsp;&nbsp;__main
</UL>

<P><STRONG><a name="[95]"></a>__scatterload_rt2</STRONG> (Thumb, 52 bytes, Stack size unknown bytes, __scatter.o(!!!scatter), UNUSED)
<BR><BR>[Calls]<UL><LI><a href="#[94]">&gt;&gt;</a>&nbsp;&nbsp;&nbsp;__rt_entry
</UL>

<P><STRONG><a name="[18b]"></a>__scatterload_rt2_thumb_only</STRONG> (Thumb, 0 bytes, Stack size unknown bytes, __scatter.o(!!!scatter), UNUSED)

<P><STRONG><a name="[18c]"></a>__scatterload_null</STRONG> (Thumb, 0 bytes, Stack size unknown bytes, __scatter.o(!!!scatter), UNUSED)

<P><STRONG><a name="[18d]"></a>__scatterload_zeroinit</STRONG> (Thumb, 28 bytes, Stack size unknown bytes, __scatter_zi.o(!!handler_zi), UNUSED)

<P><STRONG><a name="[99]"></a>__rt_lib_init</STRONG> (Thumb, 0 bytes, Stack size unknown bytes, libinit.o(.ARM.Collect$$libinit$$00000000))
<BR><BR>[Called By]<UL><LI><a href="#[98]">&gt;&gt;</a>&nbsp;&nbsp;&nbsp;__rt_entry_li
</UL>

<P><STRONG><a name="[18e]"></a>__rt_lib_init_alloca_1</STRONG> (Thumb, 0 bytes, Stack size unknown bytes, libinit2.o(.ARM.Collect$$libinit$$0000002E))

<P><STRONG><a name="[18f]"></a>__rt_lib_init_argv_1</STRONG> (Thumb, 0 bytes, Stack size unknown bytes, libinit2.o(.ARM.Collect$$libinit$$0000002C))

<P><STRONG><a name="[190]"></a>__rt_lib_init_atexit_1</STRONG> (Thumb, 0 bytes, Stack size unknown bytes, libinit2.o(.ARM.Collect$$libinit$$0000001B))

<P><STRONG><a name="[191]"></a>__rt_lib_init_clock_1</STRONG> (Thumb, 0 bytes, Stack size unknown bytes, libinit2.o(.ARM.Collect$$libinit$$00000021))

<P><STRONG><a name="[192]"></a>__rt_lib_init_cpp_1</STRONG> (Thumb, 0 bytes, Stack size unknown bytes, libinit2.o(.ARM.Collect$$libinit$$00000032))

<P><STRONG><a name="[193]"></a>__rt_lib_init_exceptions_1</STRONG> (Thumb, 0 bytes, Stack size unknown bytes, libinit2.o(.ARM.Collect$$libinit$$00000030))

<P><STRONG><a name="[194]"></a>__rt_lib_init_fp_1</STRONG> (Thumb, 0 bytes, Stack size unknown bytes, libinit2.o(.ARM.Collect$$libinit$$00000002))

<P><STRONG><a name="[195]"></a>__rt_lib_init_fp_trap_1</STRONG> (Thumb, 0 bytes, Stack size unknown bytes, libinit2.o(.ARM.Collect$$libinit$$0000001F))

<P><STRONG><a name="[196]"></a>__rt_lib_init_getenv_1</STRONG> (Thumb, 0 bytes, Stack size unknown bytes, libinit2.o(.ARM.Collect$$libinit$$00000023))

<P><STRONG><a name="[197]"></a>__rt_lib_init_heap_1</STRONG> (Thumb, 0 bytes, Stack size unknown bytes, libinit2.o(.ARM.Collect$$libinit$$0000000A))

<P><STRONG><a name="[198]"></a>__rt_lib_init_lc_collate_1</STRONG> (Thumb, 0 bytes, Stack size unknown bytes, libinit2.o(.ARM.Collect$$libinit$$00000011))

<P><STRONG><a name="[199]"></a>__rt_lib_init_lc_ctype_1</STRONG> (Thumb, 0 bytes, Stack size unknown bytes, libinit2.o(.ARM.Collect$$libinit$$00000013))

<P><STRONG><a name="[19a]"></a>__rt_lib_init_lc_monetary_1</STRONG> (Thumb, 0 bytes, Stack size unknown bytes, libinit2.o(.ARM.Collect$$libinit$$00000015))

<P><STRONG><a name="[19b]"></a>__rt_lib_init_lc_numeric_1</STRONG> (Thumb, 0 bytes, Stack size unknown bytes, libinit2.o(.ARM.Collect$$libinit$$00000017))

<P><STRONG><a name="[19c]"></a>__rt_lib_init_lc_time_1</STRONG> (Thumb, 0 bytes, Stack size unknown bytes, libinit2.o(.ARM.Collect$$libinit$$00000019))

<P><STRONG><a name="[19d]"></a>__rt_lib_init_preinit_1</STRONG> (Thumb, 0 bytes, Stack size unknown bytes, libinit2.o(.ARM.Collect$$libinit$$00000004))

<P><STRONG><a name="[19e]"></a>__rt_lib_init_rand_1</STRONG> (Thumb, 0 bytes, Stack size unknown bytes, libinit2.o(.ARM.Collect$$libinit$$0000000E))

<P><STRONG><a name="[19f]"></a>__rt_lib_init_return</STRONG> (Thumb, 0 bytes, Stack size unknown bytes, libinit2.o(.ARM.Collect$$libinit$$00000033))

<P><STRONG><a name="[1a0]"></a>__rt_lib_init_signal_1</STRONG> (Thumb, 0 bytes, Stack size unknown bytes, libinit2.o(.ARM.Collect$$libinit$$0000001D))

<P><STRONG><a name="[1a1]"></a>__rt_lib_init_stdio_1</STRONG> (Thumb, 0 bytes, Stack size unknown bytes, libinit2.o(.ARM.Collect$$libinit$$00000025))

<P><STRONG><a name="[1a2]"></a>__rt_lib_init_user_alloc_1</STRONG> (Thumb, 0 bytes, Stack size unknown bytes, libinit2.o(.ARM.Collect$$libinit$$0000000C))

<P><STRONG><a name="[9e]"></a>__rt_lib_shutdown</STRONG> (Thumb, 0 bytes, Stack size unknown bytes, libshutdown.o(.ARM.Collect$$libshutdown$$00000000))
<BR><BR>[Called By]<UL><LI><a href="#[9d]">&gt;&gt;</a>&nbsp;&nbsp;&nbsp;__rt_exit_ls
</UL>

<P><STRONG><a name="[1a3]"></a>__rt_lib_shutdown_cpp_1</STRONG> (Thumb, 0 bytes, Stack size unknown bytes, libshutdown2.o(.ARM.Collect$$libshutdown$$00000002))

<P><STRONG><a name="[1a4]"></a>__rt_lib_shutdown_fp_trap_1</STRONG> (Thumb, 0 bytes, Stack size unknown bytes, libshutdown2.o(.ARM.Collect$$libshutdown$$00000007))

<P><STRONG><a name="[1a5]"></a>__rt_lib_shutdown_heap_1</STRONG> (Thumb, 0 bytes, Stack size unknown bytes, libshutdown2.o(.ARM.Collect$$libshutdown$$0000000F))

<P><STRONG><a name="[1a6]"></a>__rt_lib_shutdown_return</STRONG> (Thumb, 0 bytes, Stack size unknown bytes, libshutdown2.o(.ARM.Collect$$libshutdown$$00000010))

<P><STRONG><a name="[1a7]"></a>__rt_lib_shutdown_signal_1</STRONG> (Thumb, 0 bytes, Stack size unknown bytes, libshutdown2.o(.ARM.Collect$$libshutdown$$0000000A))

<P><STRONG><a name="[1a8]"></a>__rt_lib_shutdown_stdio_1</STRONG> (Thumb, 0 bytes, Stack size unknown bytes, libshutdown2.o(.ARM.Collect$$libshutdown$$00000004))

<P><STRONG><a name="[1a9]"></a>__rt_lib_shutdown_user_alloc_1</STRONG> (Thumb, 0 bytes, Stack size unknown bytes, libshutdown2.o(.ARM.Collect$$libshutdown$$0000000C))

<P><STRONG><a name="[94]"></a>__rt_entry</STRONG> (Thumb, 0 bytes, Stack size unknown bytes, __rtentry.o(.ARM.Collect$$rtentry$$00000000))
<BR><BR>[Called By]<UL><LI><a href="#[92]">&gt;&gt;</a>&nbsp;&nbsp;&nbsp;__main
<LI><a href="#[95]">&gt;&gt;</a>&nbsp;&nbsp;&nbsp;__scatterload_rt2
</UL>

<P><STRONG><a name="[1aa]"></a>__rt_entry_presh_1</STRONG> (Thumb, 0 bytes, Stack size unknown bytes, __rtentry2.o(.ARM.Collect$$rtentry$$00000002))

<P><STRONG><a name="[96]"></a>__rt_entry_sh</STRONG> (Thumb, 0 bytes, Stack size unknown bytes, __rtentry4.o(.ARM.Collect$$rtentry$$00000004))
<BR><BR>[Stack]<UL><LI>Max Depth = 8 + Unknown Stack Size
<LI>Call Chain = __rt_entry_sh &rArr; __user_setup_stackheap
</UL>
<BR>[Calls]<UL><LI><a href="#[97]">&gt;&gt;</a>&nbsp;&nbsp;&nbsp;__user_setup_stackheap
</UL>

<P><STRONG><a name="[98]"></a>__rt_entry_li</STRONG> (Thumb, 0 bytes, Stack size unknown bytes, __rtentry2.o(.ARM.Collect$$rtentry$$0000000A))
<BR><BR>[Calls]<UL><LI><a href="#[99]">&gt;&gt;</a>&nbsp;&nbsp;&nbsp;__rt_lib_init
</UL>

<P><STRONG><a name="[1ab]"></a>__rt_entry_postsh_1</STRONG> (Thumb, 0 bytes, Stack size unknown bytes, __rtentry2.o(.ARM.Collect$$rtentry$$00000009))

<P><STRONG><a name="[9a]"></a>__rt_entry_main</STRONG> (Thumb, 0 bytes, Stack size unknown bytes, __rtentry2.o(.ARM.Collect$$rtentry$$0000000D))
<BR><BR>[Stack]<UL><LI>Max Depth = 376 + Unknown Stack Size
<LI>Call Chain = __rt_entry_main &rArr; main &rArr; APP_SES_Run &rArr; SES_Run &rArr; SES_Run2 &rArr; TRA_Run &rArr; TRA_Run2 &rArr; LNK_Run &rArr; PHY_SetConfig &rArr; PHY_SetConfigCalcTXRXTime
</UL>
<BR>[Calls]<UL><LI><a href="#[9b]">&gt;&gt;</a>&nbsp;&nbsp;&nbsp;main
<LI><a href="#[9c]">&gt;&gt;</a>&nbsp;&nbsp;&nbsp;exit
</UL>

<P><STRONG><a name="[1ac]"></a>__rt_entry_postli_1</STRONG> (Thumb, 0 bytes, Stack size unknown bytes, __rtentry2.o(.ARM.Collect$$rtentry$$0000000C))

<P><STRONG><a name="[aa]"></a>__rt_exit</STRONG> (Thumb, 0 bytes, Stack size unknown bytes, rtexit.o(.ARM.Collect$$rtexit$$00000000))
<BR><BR>[Called By]<UL><LI><a href="#[9c]">&gt;&gt;</a>&nbsp;&nbsp;&nbsp;exit
</UL>

<P><STRONG><a name="[9d]"></a>__rt_exit_ls</STRONG> (Thumb, 0 bytes, Stack size unknown bytes, rtexit2.o(.ARM.Collect$$rtexit$$00000003))
<BR><BR>[Calls]<UL><LI><a href="#[9e]">&gt;&gt;</a>&nbsp;&nbsp;&nbsp;__rt_lib_shutdown
</UL>

<P><STRONG><a name="[1ad]"></a>__rt_exit_prels_1</STRONG> (Thumb, 0 bytes, Stack size unknown bytes, rtexit2.o(.ARM.Collect$$rtexit$$00000002))

<P><STRONG><a name="[9f]"></a>__rt_exit_exit</STRONG> (Thumb, 0 bytes, Stack size unknown bytes, rtexit2.o(.ARM.Collect$$rtexit$$00000004))
<BR><BR>[Calls]<UL><LI><a href="#[a0]">&gt;&gt;</a>&nbsp;&nbsp;&nbsp;_sys_exit
</UL>

<P><STRONG><a name="[a2]"></a>__aeabi_memcpy4</STRONG> (Thumb, 56 bytes, Stack size 0 bytes, rt_memcpy.o(.emb_text))
<BR><BR>[Called By]<UL><LI><a href="#[37]">&gt;&gt;</a>&nbsp;&nbsp;&nbsp;IB1D_CommandReceivedCallback
<LI><a href="#[a1]">&gt;&gt;</a>&nbsp;&nbsp;&nbsp;__aeabi_memcpy
</UL>

<P><STRONG><a name="[1ae]"></a>__aeabi_memcpy8</STRONG> (Thumb, 0 bytes, Stack size 0 bytes, rt_memcpy.o(.emb_text), UNUSED)

<P><STRONG><a name="[14]"></a>Reset_Handler</STRONG> (Thumb, 8 bytes, Stack size 0 bytes, startup_stm32g070xx.o(.text))
<BR>[Address Reference Count : 1]<UL><LI> startup_stm32g070xx.o(RESET)
</UL>
<P><STRONG><a name="[15]"></a>NMI_Handler</STRONG> (Thumb, 2 bytes, Stack size 0 bytes, startup_stm32g070xx.o(.text))
<BR><BR>[Calls]<UL><LI><a href="#[15]">&gt;&gt;</a>&nbsp;&nbsp;&nbsp;NMI_Handler
</UL>
<BR>[Called By]<UL><LI><a href="#[15]">&gt;&gt;</a>&nbsp;&nbsp;&nbsp;NMI_Handler
</UL>
<BR>[Address Reference Count : 1]<UL><LI> startup_stm32g070xx.o(RESET)
</UL>
<P><STRONG><a name="[16]"></a>HardFault_Handler</STRONG> (Thumb, 2 bytes, Stack size 0 bytes, startup_stm32g070xx.o(.text))
<BR><BR>[Calls]<UL><LI><a href="#[16]">&gt;&gt;</a>&nbsp;&nbsp;&nbsp;HardFault_Handler
</UL>
<BR>[Called By]<UL><LI><a href="#[16]">&gt;&gt;</a>&nbsp;&nbsp;&nbsp;HardFault_Handler
</UL>
<BR>[Address Reference Count : 1]<UL><LI> startup_stm32g070xx.o(RESET)
</UL>
<P><STRONG><a name="[17]"></a>SVC_Handler</STRONG> (Thumb, 2 bytes, Stack size 0 bytes, startup_stm32g070xx.o(.text))
<BR><BR>[Calls]<UL><LI><a href="#[17]">&gt;&gt;</a>&nbsp;&nbsp;&nbsp;SVC_Handler
</UL>
<BR>[Called By]<UL><LI><a href="#[17]">&gt;&gt;</a>&nbsp;&nbsp;&nbsp;SVC_Handler
</UL>
<BR>[Address Reference Count : 1]<UL><LI> startup_stm32g070xx.o(RESET)
</UL>
<P><STRONG><a name="[18]"></a>PendSV_Handler</STRONG> (Thumb, 2 bytes, Stack size 0 bytes, startup_stm32g070xx.o(.text))
<BR><BR>[Calls]<UL><LI><a href="#[18]">&gt;&gt;</a>&nbsp;&nbsp;&nbsp;PendSV_Handler
</UL>
<BR>[Called By]<UL><LI><a href="#[18]">&gt;&gt;</a>&nbsp;&nbsp;&nbsp;PendSV_Handler
</UL>
<BR>[Address Reference Count : 1]<UL><LI> startup_stm32g070xx.o(RESET)
</UL>
<P><STRONG><a name="[19]"></a>SysTick_Handler</STRONG> (Thumb, 2 bytes, Stack size 0 bytes, startup_stm32g070xx.o(.text))
<BR><BR>[Calls]<UL><LI><a href="#[19]">&gt;&gt;</a>&nbsp;&nbsp;&nbsp;SysTick_Handler
</UL>
<BR>[Called By]<UL><LI><a href="#[19]">&gt;&gt;</a>&nbsp;&nbsp;&nbsp;SysTick_Handler
</UL>
<BR>[Address Reference Count : 1]<UL><LI> startup_stm32g070xx.o(RESET)
</UL>
<P><STRONG><a name="[24]"></a>ADC1_IRQHandler</STRONG> (Thumb, 0 bytes, Stack size 0 bytes, startup_stm32g070xx.o(.text))
<BR><BR>[Calls]<UL><LI><a href="#[24]">&gt;&gt;</a>&nbsp;&nbsp;&nbsp;ADC1_IRQHandler
</UL>
<BR>[Called By]<UL><LI><a href="#[24]">&gt;&gt;</a>&nbsp;&nbsp;&nbsp;ADC1_IRQHandler
</UL>
<BR>[Address Reference Count : 1]<UL><LI> startup_stm32g070xx.o(RESET)
</UL>
<P><STRONG><a name="[21]"></a>DMA1_Channel1_IRQHandler</STRONG> (Thumb, 0 bytes, Stack size 0 bytes, startup_stm32g070xx.o(.text))
<BR>[Address Reference Count : 1]<UL><LI> startup_stm32g070xx.o(RESET)
</UL>
<P><STRONG><a name="[22]"></a>DMA1_Channel2_3_IRQHandler</STRONG> (Thumb, 0 bytes, Stack size 0 bytes, startup_stm32g070xx.o(.text))
<BR>[Address Reference Count : 1]<UL><LI> startup_stm32g070xx.o(RESET)
</UL>
<P><STRONG><a name="[1e]"></a>EXTI0_1_IRQHandler</STRONG> (Thumb, 0 bytes, Stack size 0 bytes, startup_stm32g070xx.o(.text))
<BR>[Address Reference Count : 1]<UL><LI> startup_stm32g070xx.o(RESET)
</UL>
<P><STRONG><a name="[1f]"></a>EXTI2_3_IRQHandler</STRONG> (Thumb, 0 bytes, Stack size 0 bytes, startup_stm32g070xx.o(.text))
<BR>[Address Reference Count : 1]<UL><LI> startup_stm32g070xx.o(RESET)
</UL>
<P><STRONG><a name="[1c]"></a>FLASH_IRQHandler</STRONG> (Thumb, 0 bytes, Stack size 0 bytes, startup_stm32g070xx.o(.text))
<BR>[Address Reference Count : 1]<UL><LI> startup_stm32g070xx.o(RESET)
</UL>
<P><STRONG><a name="[2e]"></a>I2C1_IRQHandler</STRONG> (Thumb, 0 bytes, Stack size 0 bytes, startup_stm32g070xx.o(.text))
<BR>[Address Reference Count : 1]<UL><LI> startup_stm32g070xx.o(RESET)
</UL>
<P><STRONG><a name="[2f]"></a>I2C2_IRQHandler</STRONG> (Thumb, 0 bytes, Stack size 0 bytes, startup_stm32g070xx.o(.text))
<BR>[Address Reference Count : 1]<UL><LI> startup_stm32g070xx.o(RESET)
</UL>
<P><STRONG><a name="[1d]"></a>RCC_IRQHandler</STRONG> (Thumb, 0 bytes, Stack size 0 bytes, startup_stm32g070xx.o(.text))
<BR>[Address Reference Count : 1]<UL><LI> startup_stm32g070xx.o(RESET)
</UL>
<P><STRONG><a name="[30]"></a>SPI1_IRQHandler</STRONG> (Thumb, 0 bytes, Stack size 0 bytes, startup_stm32g070xx.o(.text))
<BR>[Address Reference Count : 1]<UL><LI> startup_stm32g070xx.o(RESET)
</UL>
<P><STRONG><a name="[31]"></a>SPI2_IRQHandler</STRONG> (Thumb, 0 bytes, Stack size 0 bytes, startup_stm32g070xx.o(.text))
<BR>[Address Reference Count : 1]<UL><LI> startup_stm32g070xx.o(RESET)
</UL>
<P><STRONG><a name="[2a]"></a>TIM14_IRQHandler</STRONG> (Thumb, 0 bytes, Stack size 0 bytes, startup_stm32g070xx.o(.text))
<BR>[Address Reference Count : 1]<UL><LI> startup_stm32g070xx.o(RESET)
</UL>
<P><STRONG><a name="[25]"></a>TIM1_BRK_UP_TRG_COM_IRQHandler</STRONG> (Thumb, 0 bytes, Stack size 0 bytes, startup_stm32g070xx.o(.text))
<BR>[Address Reference Count : 1]<UL><LI> startup_stm32g070xx.o(RESET)
</UL>
<P><STRONG><a name="[29]"></a>TIM7_IRQHandler</STRONG> (Thumb, 0 bytes, Stack size 0 bytes, startup_stm32g070xx.o(.text))
<BR>[Address Reference Count : 1]<UL><LI> startup_stm32g070xx.o(RESET)
</UL>
<P><STRONG><a name="[a8]"></a>__user_initial_stackheap</STRONG> (Thumb, 0 bytes, Stack size unknown bytes, startup_stm32g070xx.o(.text))
<BR><BR>[Called By]<UL><LI><a href="#[97]">&gt;&gt;</a>&nbsp;&nbsp;&nbsp;__user_setup_stackheap
</UL>

<P><STRONG><a name="[143]"></a>memcmp</STRONG> (Thumb, 90 bytes, Stack size 8 bytes, memcmp.o(.text))
<BR><BR>[Stack]<UL><LI>Max Depth = 8<LI>Call Chain = memcmp
</UL>
<BR>[Called By]<UL><LI><a href="#[5]">&gt;&gt;</a>&nbsp;&nbsp;&nbsp;SES_RealtimePacketReceivedCallback
<LI><a href="#[7]">&gt;&gt;</a>&nbsp;&nbsp;&nbsp;SES_CommandReceivedCallback
<LI><a href="#[157]">&gt;&gt;</a>&nbsp;&nbsp;&nbsp;LED_SetPattern
<LI><a href="#[d]">&gt;&gt;</a>&nbsp;&nbsp;&nbsp;TRA_RealtimePacketReceivedCallback
<LI><a href="#[13d]">&gt;&gt;</a>&nbsp;&nbsp;&nbsp;SES_ProcessCommand
</UL>

<P><STRONG><a name="[a1]"></a>__aeabi_memcpy</STRONG> (Thumb, 130 bytes, Stack size 24 bytes, rt_memcpy.o(.text))
<BR><BR>[Stack]<UL><LI>Max Depth = 24<LI>Call Chain = __aeabi_memcpy
</UL>
<BR>[Calls]<UL><LI><a href="#[a2]">&gt;&gt;</a>&nbsp;&nbsp;&nbsp;__aeabi_memcpy4
</UL>
<BR>[Called By]<UL><LI><a href="#[149]">&gt;&gt;</a>&nbsp;&nbsp;&nbsp;SES_SendResponse
<LI><a href="#[147]">&gt;&gt;</a>&nbsp;&nbsp;&nbsp;SES_SendCommand
<LI><a href="#[e4]">&gt;&gt;</a>&nbsp;&nbsp;&nbsp;IB2_SetParam
<LI><a href="#[c3]">&gt;&gt;</a>&nbsp;&nbsp;&nbsp;IB1_GetParamResponse
<LI><a href="#[9]">&gt;&gt;</a>&nbsp;&nbsp;&nbsp;SES_SetChannelsCallback
<LI><a href="#[5]">&gt;&gt;</a>&nbsp;&nbsp;&nbsp;SES_RealtimePacketReceivedCallback
<LI><a href="#[7]">&gt;&gt;</a>&nbsp;&nbsp;&nbsp;SES_CommandReceivedCallback
<LI><a href="#[7d]">&gt;&gt;</a>&nbsp;&nbsp;&nbsp;SES_BindCallback
<LI><a href="#[161]">&gt;&gt;</a>&nbsp;&nbsp;&nbsp;EEPROM_Write
<LI><a href="#[4b]">&gt;&gt;</a>&nbsp;&nbsp;&nbsp;IB2_ProcessLastResponseCallback
<LI><a href="#[bd]">&gt;&gt;</a>&nbsp;&nbsp;&nbsp;IB1_GetNextSensor
<LI><a href="#[c0]">&gt;&gt;</a>&nbsp;&nbsp;&nbsp;IB1_ProcessLastResponse
<LI><a href="#[11e]">&gt;&gt;</a>&nbsp;&nbsp;&nbsp;WS_SendData
<LI><a href="#[110]">&gt;&gt;</a>&nbsp;&nbsp;&nbsp;PPM_SetChannels
<LI><a href="#[e7]">&gt;&gt;</a>&nbsp;&nbsp;&nbsp;IB_BuildRealtimePacketCallback
<LI><a href="#[e1]">&gt;&gt;</a>&nbsp;&nbsp;&nbsp;IB2_SetChannels
<LI><a href="#[40]">&gt;&gt;</a>&nbsp;&nbsp;&nbsp;IB2D_ReceiveChannelsCallbackMedium
<LI><a href="#[37]">&gt;&gt;</a>&nbsp;&nbsp;&nbsp;IB1D_CommandReceivedCallback
<LI><a href="#[148]">&gt;&gt;</a>&nbsp;&nbsp;&nbsp;TRA_SendWSData
<LI><a href="#[14a]">&gt;&gt;</a>&nbsp;&nbsp;&nbsp;SES_SendWSData
<LI><a href="#[e]">&gt;&gt;</a>&nbsp;&nbsp;&nbsp;TRA_WSDataReceivedCallback
<LI><a href="#[d]">&gt;&gt;</a>&nbsp;&nbsp;&nbsp;TRA_RealtimePacketReceivedCallback
<LI><a href="#[73]">&gt;&gt;</a>&nbsp;&nbsp;&nbsp;TRA_BindCallback
<LI><a href="#[14b]">&gt;&gt;</a>&nbsp;&nbsp;&nbsp;SES_SetChannels
<LI><a href="#[145]">&gt;&gt;</a>&nbsp;&nbsp;&nbsp;SES_Run2
<LI><a href="#[13d]">&gt;&gt;</a>&nbsp;&nbsp;&nbsp;SES_ProcessCommand
<LI><a href="#[100]">&gt;&gt;</a>&nbsp;&nbsp;&nbsp;LNK_SaveBoundConfig
<LI><a href="#[59]">&gt;&gt;</a>&nbsp;&nbsp;&nbsp;LNK_ProcessRXPacketBindCallback
<LI><a href="#[50]">&gt;&gt;</a>&nbsp;&nbsp;&nbsp;LNK_PacketReceivedCallbackRun
<LI><a href="#[4c]">&gt;&gt;</a>&nbsp;&nbsp;&nbsp;LNK_PacketReceivedCallbackFactory
<LI><a href="#[54]">&gt;&gt;</a>&nbsp;&nbsp;&nbsp;LNK_PacketReceivedCallbackBind
<LI><a href="#[ee]">&gt;&gt;</a>&nbsp;&nbsp;&nbsp;PHY_TX
<LI><a href="#[ef]">&gt;&gt;</a>&nbsp;&nbsp;&nbsp;PHY_RX
<LI><a href="#[11]">&gt;&gt;</a>&nbsp;&nbsp;&nbsp;LNK_PacketReceivedCallback
<LI><a href="#[12]">&gt;&gt;</a>&nbsp;&nbsp;&nbsp;LNK_BuildTXPacketCallback
<LI><a href="#[dc]">&gt;&gt;</a>&nbsp;&nbsp;&nbsp;IB2_GetNextSensor
</UL>

<P><STRONG><a name="[1af]"></a>__rt_memcpy</STRONG> (Thumb, 0 bytes, Stack size 24 bytes, rt_memcpy.o(.text), UNUSED)

<P><STRONG><a name="[a4]"></a>_memset_w</STRONG> (Thumb, 26 bytes, Stack size 0 bytes, rt_memclr.o(.text))
<BR><BR>[Called By]<UL><LI><a href="#[a6]">&gt;&gt;</a>&nbsp;&nbsp;&nbsp;__rt_memclr_w
<LI><a href="#[a3]">&gt;&gt;</a>&nbsp;&nbsp;&nbsp;_memset
</UL>

<P><STRONG><a name="[a3]"></a>_memset</STRONG> (Thumb, 30 bytes, Stack size 0 bytes, rt_memclr.o(.text))
<BR><BR>[Calls]<UL><LI><a href="#[a4]">&gt;&gt;</a>&nbsp;&nbsp;&nbsp;_memset_w
</UL>
<BR>[Called By]<UL><LI><a href="#[a5]">&gt;&gt;</a>&nbsp;&nbsp;&nbsp;__aeabi_memclr
</UL>

<P><STRONG><a name="[a5]"></a>__aeabi_memclr</STRONG> (Thumb, 4 bytes, Stack size 0 bytes, rt_memclr.o(.text))
<BR><BR>[Calls]<UL><LI><a href="#[a3]">&gt;&gt;</a>&nbsp;&nbsp;&nbsp;_memset
</UL>
<BR>[Called By]<UL><LI><a href="#[13c]">&gt;&gt;</a>&nbsp;&nbsp;&nbsp;SES_PackPWMFrequencies
<LI><a href="#[16e]">&gt;&gt;</a>&nbsp;&nbsp;&nbsp;NPTTIM_Init
<LI><a href="#[9b]">&gt;&gt;</a>&nbsp;&nbsp;&nbsp;main
<LI><a href="#[e1]">&gt;&gt;</a>&nbsp;&nbsp;&nbsp;IB2_SetChannels
<LI><a href="#[43]">&gt;&gt;</a>&nbsp;&nbsp;&nbsp;IB2D_ReceiveCommandCallbackMedium
<LI><a href="#[145]">&gt;&gt;</a>&nbsp;&nbsp;&nbsp;SES_Run2
<LI><a href="#[55]">&gt;&gt;</a>&nbsp;&nbsp;&nbsp;LNK_BuildTXPacketCallback
<LI><a href="#[58]">&gt;&gt;</a>&nbsp;&nbsp;&nbsp;LNKTIM_TimerCompareIRQHandler
<LI><a href="#[72]">&gt;&gt;</a>&nbsp;&nbsp;&nbsp;SB_TimerCompareCallback
</UL>

<P><STRONG><a name="[1b0]"></a>__rt_memclr</STRONG> (Thumb, 0 bytes, Stack size 0 bytes, rt_memclr.o(.text), UNUSED)

<P><STRONG><a name="[f1]"></a>__aeabi_memclr4</STRONG> (Thumb, 0 bytes, Stack size 0 bytes, rt_memclr.o(.text))
<BR><BR>[Called By]<UL><LI><a href="#[15a]">&gt;&gt;</a>&nbsp;&nbsp;&nbsp;APP_LoadConfig
<LI><a href="#[f0]">&gt;&gt;</a>&nbsp;&nbsp;&nbsp;LNK_Bind
</UL>

<P><STRONG><a name="[1b1]"></a>__aeabi_memclr8</STRONG> (Thumb, 0 bytes, Stack size 0 bytes, rt_memclr.o(.text), UNUSED)

<P><STRONG><a name="[a6]"></a>__rt_memclr_w</STRONG> (Thumb, 4 bytes, Stack size 0 bytes, rt_memclr.o(.text), UNUSED)
<BR><BR>[Calls]<UL><LI><a href="#[a4]">&gt;&gt;</a>&nbsp;&nbsp;&nbsp;_memset_w
</UL>

<P><STRONG><a name="[15e]"></a>__aeabi_uread4</STRONG> (Thumb, 34 bytes, Stack size 0 bytes, uread4.o(.text))
<BR><BR>[Called By]<UL><LI><a href="#[5]">&gt;&gt;</a>&nbsp;&nbsp;&nbsp;SES_RealtimePacketReceivedCallback
<LI><a href="#[7]">&gt;&gt;</a>&nbsp;&nbsp;&nbsp;SES_CommandReceivedCallback
<LI><a href="#[15d]">&gt;&gt;</a>&nbsp;&nbsp;&nbsp;APP_LoadFactoryConfig
<LI><a href="#[7f]">&gt;&gt;</a>&nbsp;&nbsp;&nbsp;IB2D_SetParamCallback
<LI><a href="#[7e]">&gt;&gt;</a>&nbsp;&nbsp;&nbsp;IB2D_GetParamCallback
</UL>

<P><STRONG><a name="[1b2]"></a>__rt_uread4</STRONG> (Thumb, 0 bytes, Stack size 0 bytes, uread4.o(.text), UNUSED)

<P><STRONG><a name="[162]"></a>__aeabi_uwrite4</STRONG> (Thumb, 16 bytes, Stack size 0 bytes, uwrite4.o(.text))
<BR><BR>[Called By]<UL><LI><a href="#[5]">&gt;&gt;</a>&nbsp;&nbsp;&nbsp;SES_RealtimePacketReceivedCallback
<LI><a href="#[156]">&gt;&gt;</a>&nbsp;&nbsp;&nbsp;APP_SaveFactoryConfig
<LI><a href="#[7f]">&gt;&gt;</a>&nbsp;&nbsp;&nbsp;IB2D_SetParamCallback
</UL>

<P><STRONG><a name="[1b3]"></a>__rt_uwrite4</STRONG> (Thumb, 0 bytes, Stack size 0 bytes, uwrite4.o(.text), UNUSED)

<P><STRONG><a name="[f7]"></a>__aeabi_uidiv</STRONG> (Thumb, 0 bytes, Stack size 0 bytes, aeabi_sdivfast.o(.text))
<BR><BR>[Called By]<UL><LI><a href="#[12a]">&gt;&gt;</a>&nbsp;&nbsp;&nbsp;PHY_SetConfigCalcTXRXTime
<LI><a href="#[113]">&gt;&gt;</a>&nbsp;&nbsp;&nbsp;PWM_SetFrequencies
<LI><a href="#[108]">&gt;&gt;</a>&nbsp;&nbsp;&nbsp;PWM_Init
<LI><a href="#[145]">&gt;&gt;</a>&nbsp;&nbsp;&nbsp;SES_Run2
<LI><a href="#[104]">&gt;&gt;</a>&nbsp;&nbsp;&nbsp;LNK_Test
<LI><a href="#[102]">&gt;&gt;</a>&nbsp;&nbsp;&nbsp;LNK_Run
<LI><a href="#[4c]">&gt;&gt;</a>&nbsp;&nbsp;&nbsp;LNK_PacketReceivedCallbackFactory
<LI><a href="#[4d]">&gt;&gt;</a>&nbsp;&nbsp;&nbsp;LNK_HeartbeatCallback
<LI><a href="#[f2]">&gt;&gt;</a>&nbsp;&nbsp;&nbsp;PHY_SetConfig
<LI><a href="#[f3]">&gt;&gt;</a>&nbsp;&nbsp;&nbsp;TRA_Run2
</UL>

<P><STRONG><a name="[160]"></a>__aeabi_uidivmod</STRONG> (Thumb, 28 bytes, Stack size 0 bytes, aeabi_sdivfast.o(.text))
<BR><BR>[Called By]<UL><LI><a href="#[7]">&gt;&gt;</a>&nbsp;&nbsp;&nbsp;SES_CommandReceivedCallback
<LI><a href="#[15f]">&gt;&gt;</a>&nbsp;&nbsp;&nbsp;APP_SES_Run
</UL>

<P><STRONG><a name="[1b4]"></a>__aeabi_idiv</STRONG> (Thumb, 0 bytes, Stack size 8 bytes, aeabi_sdivfast.o(.text), UNUSED)

<P><STRONG><a name="[1b5]"></a>__aeabi_idivmod</STRONG> (Thumb, 460 bytes, Stack size 8 bytes, aeabi_sdivfast.o(.text), UNUSED)

<P><STRONG><a name="[1b6]"></a>__use_two_region_memory</STRONG> (Thumb, 2 bytes, Stack size 0 bytes, heapauxi.o(.text), UNUSED)

<P><STRONG><a name="[1b7]"></a>__rt_heap_escrow$2region</STRONG> (Thumb, 2 bytes, Stack size 0 bytes, heapauxi.o(.text), UNUSED)

<P><STRONG><a name="[1b8]"></a>__rt_heap_expand$2region</STRONG> (Thumb, 2 bytes, Stack size 0 bytes, heapauxi.o(.text), UNUSED)

<P><STRONG><a name="[97]"></a>__user_setup_stackheap</STRONG> (Thumb, 62 bytes, Stack size 8 bytes, sys_stackheap_outer.o(.text))
<BR><BR>[Stack]<UL><LI>Max Depth = 8 + Unknown Stack Size
<LI>Call Chain = __user_setup_stackheap
</UL>
<BR>[Calls]<UL><LI><a href="#[a8]">&gt;&gt;</a>&nbsp;&nbsp;&nbsp;__user_initial_stackheap
<LI><a href="#[a7]">&gt;&gt;</a>&nbsp;&nbsp;&nbsp;__user_perproc_libspace
</UL>
<BR>[Called By]<UL><LI><a href="#[96]">&gt;&gt;</a>&nbsp;&nbsp;&nbsp;__rt_entry_sh
</UL>

<P><STRONG><a name="[9c]"></a>exit</STRONG> (Thumb, 16 bytes, Stack size 8 bytes, exit.o(.text))
<BR><BR>[Stack]<UL><LI>Max Depth = 8 + Unknown Stack Size
<LI>Call Chain = exit
</UL>
<BR>[Calls]<UL><LI><a href="#[aa]">&gt;&gt;</a>&nbsp;&nbsp;&nbsp;__rt_exit
<LI><a href="#[a9]">&gt;&gt;</a>&nbsp;&nbsp;&nbsp;_call_atexit_fns (Weak Reference)
</UL>
<BR>[Called By]<UL><LI><a href="#[9a]">&gt;&gt;</a>&nbsp;&nbsp;&nbsp;__rt_entry_main
</UL>

<P><STRONG><a name="[1b9]"></a>__user_libspace</STRONG> (Thumb, 8 bytes, Stack size 0 bytes, libspace.o(.text), UNUSED)

<P><STRONG><a name="[a7]"></a>__user_perproc_libspace</STRONG> (Thumb, 0 bytes, Stack size 0 bytes, libspace.o(.text))
<BR><BR>[Called By]<UL><LI><a href="#[97]">&gt;&gt;</a>&nbsp;&nbsp;&nbsp;__user_setup_stackheap
</UL>

<P><STRONG><a name="[1ba]"></a>__user_perthread_libspace</STRONG> (Thumb, 0 bytes, Stack size 0 bytes, libspace.o(.text), UNUSED)

<P><STRONG><a name="[a0]"></a>_sys_exit</STRONG> (Thumb, 8 bytes, Stack size 0 bytes, sys_exit.o(.text))
<BR><BR>[Called By]<UL><LI><a href="#[9f]">&gt;&gt;</a>&nbsp;&nbsp;&nbsp;__rt_exit_exit
</UL>

<P><STRONG><a name="[1bb]"></a>__I$use$semihosting</STRONG> (Thumb, 0 bytes, Stack size 0 bytes, use_no_semi.o(.text), UNUSED)

<P><STRONG><a name="[1bc]"></a>__use_no_semihosting_swi</STRONG> (Thumb, 2 bytes, Stack size 0 bytes, use_no_semi.o(.text), UNUSED)

<P><STRONG><a name="[1bd]"></a>__decompress</STRONG> (Thumb, 0 bytes, Stack size unknown bytes, __dczerorl2.o(.text), UNUSED)

<P><STRONG><a name="[1be]"></a>__decompress1</STRONG> (Thumb, 86 bytes, Stack size unknown bytes, __dczerorl2.o(.text), UNUSED)

<P><STRONG><a name="[1bf]"></a>__semihosting_library_function</STRONG> (Thumb, 0 bytes, Stack size unknown bytes, indicate_semi.o(.text), UNUSED)

<P><STRONG><a name="[ab]"></a>IB1DTIM_TimerIRQHandler</STRONG> (Thumb, 184 bytes, Stack size 16 bytes, i-bus 1 device library.o(.text.IB1DTIM_TimerIRQHandler))
<BR><BR>[Stack]<UL><LI>Max Depth = 80<LI>Call Chain = IB1DTIM_TimerIRQHandler &rArr; IB1DUSART_ReceiveSetup &rArr; USART_NPT_ReceiveSetup
</UL>
<BR>[Calls]<UL><LI><a href="#[ad]">&gt;&gt;</a>&nbsp;&nbsp;&nbsp;IB1D_SetBufferState
<LI><a href="#[b0]">&gt;&gt;</a>&nbsp;&nbsp;&nbsp;IB1DUSART_TransmitStart
<LI><a href="#[af]">&gt;&gt;</a>&nbsp;&nbsp;&nbsp;IB1DUSART_ReceiveStart
<LI><a href="#[ae]">&gt;&gt;</a>&nbsp;&nbsp;&nbsp;IB1DUSART_ReceiveSetup
<LI><a href="#[ac]">&gt;&gt;</a>&nbsp;&nbsp;&nbsp;IB1DTIM_StopTimer
<LI><a href="#[b1]">&gt;&gt;</a>&nbsp;&nbsp;&nbsp;IB1DTIM_SetNextIRQTime
</UL>
<BR>[Called By]<UL><LI><a href="#[7c]">&gt;&gt;</a>&nbsp;&nbsp;&nbsp;PWMA_IBus1TimerIRQHandler
</UL>

<P><STRONG><a name="[b8]"></a>IB1D_Init</STRONG> (Thumb, 84 bytes, Stack size 16 bytes, i-bus 1 device library.o(.text.IB1D_Init))
<BR><BR>[Stack]<UL><LI>Max Depth = 80<LI>Call Chain = IB1D_Init &rArr; IB1DUSART_ReceiveSetup &rArr; USART_NPT_ReceiveSetup
</UL>
<BR>[Calls]<UL><LI><a href="#[ad]">&gt;&gt;</a>&nbsp;&nbsp;&nbsp;IB1D_SetBufferState
<LI><a href="#[af]">&gt;&gt;</a>&nbsp;&nbsp;&nbsp;IB1DUSART_ReceiveStart
<LI><a href="#[ae]">&gt;&gt;</a>&nbsp;&nbsp;&nbsp;IB1DUSART_ReceiveSetup
<LI><a href="#[ac]">&gt;&gt;</a>&nbsp;&nbsp;&nbsp;IB1DTIM_StopTimer
</UL>
<BR>[Called By]<UL><LI><a href="#[172]">&gt;&gt;</a>&nbsp;&nbsp;&nbsp;PWMA_Init
</UL>

<P><STRONG><a name="[b9]"></a>IB1D_MsIRQHandler</STRONG> (Thumb, 128 bytes, Stack size 16 bytes, i-bus 1 device library.o(.text.IB1D_MsIRQHandler))
<BR><BR>[Stack]<UL><LI>Max Depth = 80<LI>Call Chain = IB1D_MsIRQHandler &rArr; IB1DUSART_ReceiveSetup &rArr; USART_NPT_ReceiveSetup
</UL>
<BR>[Calls]<UL><LI><a href="#[ba]">&gt;&gt;</a>&nbsp;&nbsp;&nbsp;IB1D_StatusChangedCallback
<LI><a href="#[ad]">&gt;&gt;</a>&nbsp;&nbsp;&nbsp;IB1D_SetBufferState
<LI><a href="#[af]">&gt;&gt;</a>&nbsp;&nbsp;&nbsp;IB1DUSART_ReceiveStart
<LI><a href="#[ae]">&gt;&gt;</a>&nbsp;&nbsp;&nbsp;IB1DUSART_ReceiveSetup
<LI><a href="#[ac]">&gt;&gt;</a>&nbsp;&nbsp;&nbsp;IB1DTIM_StopTimer
</UL>
<BR>[Called By]<UL><LI><a href="#[28]">&gt;&gt;</a>&nbsp;&nbsp;&nbsp;TIM6_IRQHandler
</UL>

<P><STRONG><a name="[bd]"></a>IB1_GetNextSensor</STRONG> (Thumb, 244 bytes, Stack size 48 bytes, npt i-bus 1.o(.text.IB1_GetNextSensor))
<BR><BR>[Stack]<UL><LI>Max Depth = 72<LI>Call Chain = IB1_GetNextSensor &rArr; __aeabi_memcpy
</UL>
<BR>[Calls]<UL><LI><a href="#[a1]">&gt;&gt;</a>&nbsp;&nbsp;&nbsp;__aeabi_memcpy
</UL>
<BR>[Called By]<UL><LI><a href="#[e7]">&gt;&gt;</a>&nbsp;&nbsp;&nbsp;IB_BuildRealtimePacketCallback
</UL>

<P><STRONG><a name="[177]"></a>IB1_GetParam</STRONG> (Thumb, 84 bytes, Stack size 8 bytes, npt i-bus 1.o(.text.IB1_GetParam))
<BR><BR>[Stack]<UL><LI>Max Depth = 8<LI>Call Chain = IB1_GetParam
</UL>
<BR>[Called By]<UL><LI><a href="#[7]">&gt;&gt;</a>&nbsp;&nbsp;&nbsp;SES_CommandReceivedCallback
</UL>

<P><STRONG><a name="[be]"></a>IB1_Init</STRONG> (Thumb, 152 bytes, Stack size 24 bytes, npt i-bus 1.o(.text.IB1_Init))
<BR><BR>[Stack]<UL><LI>Max Depth = 64<LI>Call Chain = IB1_Init &rArr; USART_NPT_Init &rArr; __NVIC_SetPriority
</UL>
<BR>[Calls]<UL><LI><a href="#[bf]">&gt;&gt;</a>&nbsp;&nbsp;&nbsp;USART_NPT_Init
</UL>
<BR>[Called By]<UL><LI><a href="#[107]">&gt;&gt;</a>&nbsp;&nbsp;&nbsp;NPT_Init
</UL>

<P><STRONG><a name="[c8]"></a>IB1_SetChannels</STRONG> (Thumb, 84 bytes, Stack size 24 bytes, npt i-bus 1.o(.text.IB1_SetChannels))
<BR><BR>[Stack]<UL><LI>Max Depth = 88<LI>Call Chain = IB1_SetChannels &rArr; NPTTIM_SetNextCompareIRQTimeFromNow &rArr; NPTTIM_SetNextCompareIRQTimeInternal &rArr; __ARM_common_switch8
</UL>
<BR>[Calls]<UL><LI><a href="#[ca]">&gt;&gt;</a>&nbsp;&nbsp;&nbsp;NPTTIM_SetNextCompareIRQTimeFromNow
<LI><a href="#[c9]">&gt;&gt;</a>&nbsp;&nbsp;&nbsp;NPTTIM_EnableChannel
</UL>
<BR>[Called By]<UL><LI><a href="#[10e]">&gt;&gt;</a>&nbsp;&nbsp;&nbsp;NPT_SetChannels
</UL>

<P><STRONG><a name="[176]"></a>IB1_SetParam</STRONG> (Thumb, 96 bytes, Stack size 8 bytes, npt i-bus 1.o(.text.IB1_SetParam))
<BR><BR>[Stack]<UL><LI>Max Depth = 8<LI>Call Chain = IB1_SetParam
</UL>
<BR>[Called By]<UL><LI><a href="#[7]">&gt;&gt;</a>&nbsp;&nbsp;&nbsp;SES_CommandReceivedCallback
</UL>

<P><STRONG><a name="[cb]"></a>IB1_SetupServo</STRONG> (Thumb, 348 bytes, Stack size 24 bytes, npt i-bus 1.o(.text.IB1_SetupServo))
<BR><BR>[Stack]<UL><LI>Max Depth = 160<LI>Call Chain = IB1_SetupServo &rArr; IB1_SetupServoResponse &rArr; SES_SendResponse &rArr; TRA_SendWSData &rArr; SYS_QueueLowPriorityIRQCallback &rArr; SYS_TriggerLowPriorityCallback
</UL>
<BR>[Calls]<UL><LI><a href="#[cc]">&gt;&gt;</a>&nbsp;&nbsp;&nbsp;IB1_SetupServoResponse
</UL>
<BR>[Called By]<UL><LI><a href="#[7]">&gt;&gt;</a>&nbsp;&nbsp;&nbsp;SES_CommandReceivedCallback
</UL>

<P><STRONG><a name="[11a]"></a>IB1_StartDeinit</STRONG> (Thumb, 20 bytes, Stack size 0 bytes, npt i-bus 1.o(.text.IB1_StartDeinit))
<BR><BR>[Called By]<UL><LI><a href="#[116]">&gt;&gt;</a>&nbsp;&nbsp;&nbsp;NPT_StartDeinit
</UL>

<P><STRONG><a name="[d4]"></a>IB2DTIM_TimerIRQHandler</STRONG> (Thumb, 156 bytes, Stack size 8 bytes, i-bus 2 device library.o(.text.IB2DTIM_TimerIRQHandler))
<BR><BR>[Stack]<UL><LI>Max Depth = 32<LI>Call Chain = IB2DTIM_TimerIRQHandler &rArr; SYS_QueueMediumPriorityIRQCallback &rArr; SYS_TriggerMediumPriorityCallback
</UL>
<BR>[Calls]<UL><LI><a href="#[c7]">&gt;&gt;</a>&nbsp;&nbsp;&nbsp;SYS_QueueMediumPriorityIRQCallback
</UL>
<BR>[Called By]<UL><LI><a href="#[7a]">&gt;&gt;</a>&nbsp;&nbsp;&nbsp;PWMA_IBus2TimerIRQHandler
</UL>

<P><STRONG><a name="[173]"></a>IB2D_Init</STRONG> (Thumb, 72 bytes, Stack size 16 bytes, i-bus 2 device library.o(.text.IB2D_Init))
<BR><BR>[Stack]<UL><LI>Max Depth = 16<LI>Call Chain = IB2D_Init
</UL>
<BR>[Called By]<UL><LI><a href="#[172]">&gt;&gt;</a>&nbsp;&nbsp;&nbsp;PWMA_Init
</UL>

<P><STRONG><a name="[182]"></a>IB2D_MsIRQHandler</STRONG> (Thumb, 64 bytes, Stack size 8 bytes, i-bus 2 device library.o(.text.IB2D_MsIRQHandler))
<BR><BR>[Stack]<UL><LI>Max Depth = 8<LI>Call Chain = IB2D_MsIRQHandler
</UL>
<BR>[Called By]<UL><LI><a href="#[28]">&gt;&gt;</a>&nbsp;&nbsp;&nbsp;TIM6_IRQHandler
</UL>

<P><STRONG><a name="[d9]"></a>IB2_FailsafeChanged</STRONG> (Thumb, 40 bytes, Stack size 8 bytes, npt i-bus 2.o(.text.IB2_FailsafeChanged))
<BR><BR>[Stack]<UL><LI>Max Depth = 8<LI>Call Chain = IB2_FailsafeChanged
</UL>
<BR>[Calls]<UL><LI><a href="#[db]">&gt;&gt;</a>&nbsp;&nbsp;&nbsp;SYS_EnableIRQs
<LI><a href="#[da]">&gt;&gt;</a>&nbsp;&nbsp;&nbsp;SYS_DisableIRQs
</UL>
<BR>[Called By]<UL><LI><a href="#[106]">&gt;&gt;</a>&nbsp;&nbsp;&nbsp;NPT_FailsafeChanged
</UL>

<P><STRONG><a name="[dc]"></a>IB2_GetNextSensor</STRONG> (Thumb, 928 bytes, Stack size 64 bytes, npt i-bus 2.o(.text.IB2_GetNextSensor))
<BR><BR>[Stack]<UL><LI>Max Depth = 88<LI>Call Chain = IB2_GetNextSensor &rArr; __aeabi_memcpy
</UL>
<BR>[Calls]<UL><LI><a href="#[a1]">&gt;&gt;</a>&nbsp;&nbsp;&nbsp;__aeabi_memcpy
</UL>
<BR>[Called By]<UL><LI><a href="#[e7]">&gt;&gt;</a>&nbsp;&nbsp;&nbsp;IB_BuildRealtimePacketCallback
</UL>

<P><STRONG><a name="[dd]"></a>IB2_GetParam</STRONG> (Thumb, 212 bytes, Stack size 16 bytes, npt i-bus 2.o(.text.IB2_GetParam))
<BR><BR>[Stack]<UL><LI>Max Depth = 144<LI>Call Chain = IB2_GetParam &rArr; IB2_GetParamResponse &rArr; SES_SendResponse &rArr; TRA_SendWSData &rArr; SYS_QueueLowPriorityIRQCallback &rArr; SYS_TriggerLowPriorityCallback
</UL>
<BR>[Calls]<UL><LI><a href="#[d7]">&gt;&gt;</a>&nbsp;&nbsp;&nbsp;IB2_GetParamResponse
</UL>
<BR>[Called By]<UL><LI><a href="#[7]">&gt;&gt;</a>&nbsp;&nbsp;&nbsp;SES_CommandReceivedCallback
</UL>

<P><STRONG><a name="[de]"></a>IB2_HubInit</STRONG> (Thumb, 296 bytes, Stack size 40 bytes, npt i-bus 2.o(.text.IB2_HubInit))
<BR><BR>[Stack]<UL><LI>Max Depth = 88<LI>Call Chain = IB2_HubInit &rArr; NPTTIM_EnableChannel &rArr; __NVIC_SetPriority
</UL>
<BR>[Calls]<UL><LI><a href="#[bf]">&gt;&gt;</a>&nbsp;&nbsp;&nbsp;USART_NPT_Init
<LI><a href="#[c9]">&gt;&gt;</a>&nbsp;&nbsp;&nbsp;NPTTIM_EnableChannel
</UL>
<BR>[Called By]<UL><LI><a href="#[107]">&gt;&gt;</a>&nbsp;&nbsp;&nbsp;NPT_Init
</UL>

<P><STRONG><a name="[df]"></a>IB2_Init</STRONG> (Thumb, 156 bytes, Stack size 24 bytes, npt i-bus 2.o(.text.IB2_Init))
<BR><BR>[Stack]<UL><LI>Max Depth = 72<LI>Call Chain = IB2_Init &rArr; NPTTIM_EnableChannel &rArr; __NVIC_SetPriority
</UL>
<BR>[Calls]<UL><LI><a href="#[bf]">&gt;&gt;</a>&nbsp;&nbsp;&nbsp;USART_NPT_Init
<LI><a href="#[c9]">&gt;&gt;</a>&nbsp;&nbsp;&nbsp;NPTTIM_EnableChannel
</UL>
<BR>[Called By]<UL><LI><a href="#[107]">&gt;&gt;</a>&nbsp;&nbsp;&nbsp;NPT_Init
</UL>

<P><STRONG><a name="[e1]"></a>IB2_SetChannels</STRONG> (Thumb, 2396 bytes, Stack size 96 bytes, npt i-bus 2.o(.text.IB2_SetChannels))
<BR><BR>[Stack]<UL><LI>Max Depth = 136<LI>Call Chain = IB2_SetChannels &rArr; NPT_GetInternalSensor &rArr; __ARM_common_switch8
</UL>
<BR>[Calls]<UL><LI><a href="#[e2]">&gt;&gt;</a>&nbsp;&nbsp;&nbsp;NPT_GetInternalSensor
<LI><a href="#[d5]">&gt;&gt;</a>&nbsp;&nbsp;&nbsp;SYS_CalcCRC8Table
<LI><a href="#[ce]">&gt;&gt;</a>&nbsp;&nbsp;&nbsp;USART_NPT_Deinit
<LI><a href="#[d0]">&gt;&gt;</a>&nbsp;&nbsp;&nbsp;USART_NPT_TransmitSetup
<LI><a href="#[e3]">&gt;&gt;</a>&nbsp;&nbsp;&nbsp;NPTTIM_TriggerIRQ
<LI><a href="#[cd]">&gt;&gt;</a>&nbsp;&nbsp;&nbsp;NPTTIM_DisableChannel
<LI><a href="#[a5]">&gt;&gt;</a>&nbsp;&nbsp;&nbsp;__aeabi_memclr
<LI><a href="#[a1]">&gt;&gt;</a>&nbsp;&nbsp;&nbsp;__aeabi_memcpy
</UL>
<BR>[Called By]<UL><LI><a href="#[10e]">&gt;&gt;</a>&nbsp;&nbsp;&nbsp;NPT_SetChannels
</UL>

<P><STRONG><a name="[e4]"></a>IB2_SetParam</STRONG> (Thumb, 264 bytes, Stack size 32 bytes, npt i-bus 2.o(.text.IB2_SetParam))
<BR><BR>[Stack]<UL><LI>Max Depth = 152<LI>Call Chain = IB2_SetParam &rArr; IB2_SetParamResponse &rArr; SES_SendResponse &rArr; TRA_SendWSData &rArr; SYS_QueueLowPriorityIRQCallback &rArr; SYS_TriggerLowPriorityCallback
</UL>
<BR>[Calls]<UL><LI><a href="#[d8]">&gt;&gt;</a>&nbsp;&nbsp;&nbsp;IB2_SetParamResponse
<LI><a href="#[a1]">&gt;&gt;</a>&nbsp;&nbsp;&nbsp;__aeabi_memcpy
</UL>
<BR>[Called By]<UL><LI><a href="#[7]">&gt;&gt;</a>&nbsp;&nbsp;&nbsp;SES_CommandReceivedCallback
</UL>

<P><STRONG><a name="[119]"></a>IB2_StartDeinit</STRONG> (Thumb, 20 bytes, Stack size 0 bytes, npt i-bus 2.o(.text.IB2_StartDeinit))
<BR><BR>[Called By]<UL><LI><a href="#[116]">&gt;&gt;</a>&nbsp;&nbsp;&nbsp;NPT_StartDeinit
</UL>

<P><STRONG><a name="[e7]"></a>IB_BuildRealtimePacketCallback</STRONG> (Thumb, 364 bytes, Stack size 72 bytes, npt i-bus common.o(.text.IB_BuildRealtimePacketCallback))
<BR><BR>[Stack]<UL><LI>Max Depth = 160<LI>Call Chain = IB_BuildRealtimePacketCallback &rArr; IB2_GetNextSensor &rArr; __aeabi_memcpy
</UL>
<BR>[Calls]<UL><LI><a href="#[e2]">&gt;&gt;</a>&nbsp;&nbsp;&nbsp;NPT_GetInternalSensor
<LI><a href="#[bd]">&gt;&gt;</a>&nbsp;&nbsp;&nbsp;IB1_GetNextSensor
<LI><a href="#[a1]">&gt;&gt;</a>&nbsp;&nbsp;&nbsp;__aeabi_memcpy
<LI><a href="#[dc]">&gt;&gt;</a>&nbsp;&nbsp;&nbsp;IB2_GetNextSensor
</UL>
<BR>[Called By]<UL><LI><a href="#[105]">&gt;&gt;</a>&nbsp;&nbsp;&nbsp;NPT_BuildRealtimePacketCallback
</UL>

<P><STRONG><a name="[c2]"></a>IB_ResetSensors</STRONG> (Thumb, 12 bytes, Stack size 0 bytes, npt i-bus common.o(.text.IB_ResetSensors))
<BR><BR>[Called By]<UL><LI><a href="#[4b]">&gt;&gt;</a>&nbsp;&nbsp;&nbsp;IB2_ProcessLastResponseCallback
<LI><a href="#[c0]">&gt;&gt;</a>&nbsp;&nbsp;&nbsp;IB1_ProcessLastResponse
</UL>

<P><STRONG><a name="[f0]"></a>LNK_Bind</STRONG> (Thumb, 240 bytes, Stack size 128 bytes, lnk afhds3 receiver.o(.text.LNK_Bind))
<BR><BR>[Stack]<UL><LI>Max Depth = 192<LI>Call Chain = LNK_Bind &rArr; PHY_SetConfig &rArr; PHY_SetConfigCalcTXRXTime
</UL>
<BR>[Calls]<UL><LI><a href="#[e9]">&gt;&gt;</a>&nbsp;&nbsp;&nbsp;LNKTIM_StopTimer
<LI><a href="#[eb]">&gt;&gt;</a>&nbsp;&nbsp;&nbsp;LNKTIM_StartTimer
<LI><a href="#[ea]">&gt;&gt;</a>&nbsp;&nbsp;&nbsp;PHY_Stop
<LI><a href="#[f2]">&gt;&gt;</a>&nbsp;&nbsp;&nbsp;PHY_SetConfig
<LI><a href="#[f1]">&gt;&gt;</a>&nbsp;&nbsp;&nbsp;__aeabi_memclr4
</UL>
<BR>[Called By]<UL><LI><a href="#[131]">&gt;&gt;</a>&nbsp;&nbsp;&nbsp;TRA_Bind
</UL>

<P><STRONG><a name="[f5]"></a>LNK_Factory</STRONG> (Thumb, 244 bytes, Stack size 128 bytes, lnk afhds3 receiver.o(.text.LNK_Factory))
<BR><BR>[Stack]<UL><LI>Max Depth = 192<LI>Call Chain = LNK_Factory &rArr; PHY_SetConfig &rArr; PHY_SetConfigCalcTXRXTime
</UL>
<BR>[Calls]<UL><LI><a href="#[e9]">&gt;&gt;</a>&nbsp;&nbsp;&nbsp;LNKTIM_StopTimer
<LI><a href="#[eb]">&gt;&gt;</a>&nbsp;&nbsp;&nbsp;LNKTIM_StartTimer
<LI><a href="#[ea]">&gt;&gt;</a>&nbsp;&nbsp;&nbsp;PHY_Stop
<LI><a href="#[f2]">&gt;&gt;</a>&nbsp;&nbsp;&nbsp;PHY_SetConfig
</UL>
<BR>[Called By]<UL><LI><a href="#[133]">&gt;&gt;</a>&nbsp;&nbsp;&nbsp;TRA_Factory
</UL>

<P><STRONG><a name="[14c]"></a>LNK_GetLastRXConditions</STRONG> (Thumb, 28 bytes, Stack size 0 bytes, lnk afhds3 receiver.o(.text.LNK_GetLastRXConditions))
<BR><BR>[Called By]<UL><LI><a href="#[e2]">&gt;&gt;</a>&nbsp;&nbsp;&nbsp;NPT_GetInternalSensor
<LI><a href="#[14b]">&gt;&gt;</a>&nbsp;&nbsp;&nbsp;SES_SetChannels
</UL>

<P><STRONG><a name="[13f]"></a>LNK_GetRFPower</STRONG> (Thumb, 44 bytes, Stack size 0 bytes, lnk afhds3 receiver.o(.text.LNK_GetRFPower))
<BR><BR>[Called By]<UL><LI><a href="#[13d]">&gt;&gt;</a>&nbsp;&nbsp;&nbsp;SES_ProcessCommand
</UL>

<P><STRONG><a name="[f4]"></a>LNK_Idle</STRONG> (Thumb, 40 bytes, Stack size 16 bytes, lnk afhds3 receiver.o(.text.LNK_Idle))
<BR><BR>[Stack]<UL><LI>Max Depth = 44<LI>Call Chain = LNK_Idle &rArr; PHY_Stop &rArr; SPI_Transfer
</UL>
<BR>[Calls]<UL><LI><a href="#[e9]">&gt;&gt;</a>&nbsp;&nbsp;&nbsp;LNKTIM_StopTimer
<LI><a href="#[eb]">&gt;&gt;</a>&nbsp;&nbsp;&nbsp;LNKTIM_StartTimer
<LI><a href="#[ea]">&gt;&gt;</a>&nbsp;&nbsp;&nbsp;PHY_Stop
</UL>
<BR>[Called By]<UL><LI><a href="#[137]">&gt;&gt;</a>&nbsp;&nbsp;&nbsp;TRA_Idle
<LI><a href="#[11]">&gt;&gt;</a>&nbsp;&nbsp;&nbsp;LNK_PacketReceivedCallback
<LI><a href="#[13]">&gt;&gt;</a>&nbsp;&nbsp;&nbsp;LNK_HeartbeatCallback
<LI><a href="#[75]">&gt;&gt;</a>&nbsp;&nbsp;&nbsp;LNK_BindCallback
</UL>

<P><STRONG><a name="[f8]"></a>LNK_Init</STRONG> (Thumb, 44 bytes, Stack size 8 bytes, lnk afhds3 receiver.o(.text.LNK_Init))
<BR><BR>[Stack]<UL><LI>Max Depth = 44<LI>Call Chain = LNK_Init &rArr; PHY_Init &rArr; SPI_TransferWait
</UL>
<BR>[Calls]<UL><LI><a href="#[eb]">&gt;&gt;</a>&nbsp;&nbsp;&nbsp;LNKTIM_StartTimer
<LI><a href="#[fa]">&gt;&gt;</a>&nbsp;&nbsp;&nbsp;LNKTIM_Init
<LI><a href="#[f9]">&gt;&gt;</a>&nbsp;&nbsp;&nbsp;PHY_Init
</UL>
<BR>[Called By]<UL><LI><a href="#[139]">&gt;&gt;</a>&nbsp;&nbsp;&nbsp;TRA_Init
</UL>

<P><STRONG><a name="[102]"></a>LNK_Run</STRONG> (Thumb, 1040 bytes, Stack size 184 bytes, lnk afhds3 receiver.o(.text.LNK_Run))
<BR><BR>[Stack]<UL><LI>Max Depth = 248<LI>Call Chain = LNK_Run &rArr; PHY_SetConfig &rArr; PHY_SetConfigCalcTXRXTime
</UL>
<BR>[Calls]<UL><LI><a href="#[e9]">&gt;&gt;</a>&nbsp;&nbsp;&nbsp;LNKTIM_StopTimer
<LI><a href="#[eb]">&gt;&gt;</a>&nbsp;&nbsp;&nbsp;LNKTIM_StartTimer
<LI><a href="#[ea]">&gt;&gt;</a>&nbsp;&nbsp;&nbsp;PHY_Stop
<LI><a href="#[f2]">&gt;&gt;</a>&nbsp;&nbsp;&nbsp;PHY_SetConfig
<LI><a href="#[f7]">&gt;&gt;</a>&nbsp;&nbsp;&nbsp;__aeabi_uidiv
</UL>
<BR>[Called By]<UL><LI><a href="#[f3]">&gt;&gt;</a>&nbsp;&nbsp;&nbsp;TRA_Run2
</UL>

<P><STRONG><a name="[152]"></a>LNK_SetAntenna</STRONG> (Thumb, 52 bytes, Stack size 0 bytes, lnk afhds3 receiver.o(.text.LNK_SetAntenna))
<BR><BR>[Called By]<UL><LI><a href="#[140]">&gt;&gt;</a>&nbsp;&nbsp;&nbsp;TRA_SetAntenna
</UL>

<P><STRONG><a name="[13e]"></a>LNK_SetRFPower</STRONG> (Thumb, 32 bytes, Stack size 0 bytes, lnk afhds3 receiver.o(.text.LNK_SetRFPower))
<BR><BR>[Called By]<UL><LI><a href="#[13d]">&gt;&gt;</a>&nbsp;&nbsp;&nbsp;SES_ProcessCommand
</UL>

<P><STRONG><a name="[103]"></a>LNK_Stop</STRONG> (Thumb, 24 bytes, Stack size 8 bytes, lnk afhds3 receiver.o(.text.LNK_Stop))
<BR><BR>[Stack]<UL><LI>Max Depth = 36<LI>Call Chain = LNK_Stop &rArr; PHY_Stop &rArr; SPI_Transfer
</UL>
<BR>[Calls]<UL><LI><a href="#[e9]">&gt;&gt;</a>&nbsp;&nbsp;&nbsp;LNKTIM_StopTimer
<LI><a href="#[ea]">&gt;&gt;</a>&nbsp;&nbsp;&nbsp;PHY_Stop
</UL>
<BR>[Called By]<UL><LI><a href="#[14f]">&gt;&gt;</a>&nbsp;&nbsp;&nbsp;TRA_Test
<LI><a href="#[130]">&gt;&gt;</a>&nbsp;&nbsp;&nbsp;TRA_Stop
<LI><a href="#[137]">&gt;&gt;</a>&nbsp;&nbsp;&nbsp;TRA_Idle
<LI><a href="#[133]">&gt;&gt;</a>&nbsp;&nbsp;&nbsp;TRA_Factory
<LI><a href="#[131]">&gt;&gt;</a>&nbsp;&nbsp;&nbsp;TRA_Bind
<LI><a href="#[f3]">&gt;&gt;</a>&nbsp;&nbsp;&nbsp;TRA_Run2
</UL>

<P><STRONG><a name="[104]"></a>LNK_Test</STRONG> (Thumb, 616 bytes, Stack size 144 bytes, lnk afhds3 receiver.o(.text.LNK_Test))
<BR><BR>[Stack]<UL><LI>Max Depth = 208<LI>Call Chain = LNK_Test &rArr; PHY_SetConfig &rArr; PHY_SetConfigCalcTXRXTime
</UL>
<BR>[Calls]<UL><LI><a href="#[e9]">&gt;&gt;</a>&nbsp;&nbsp;&nbsp;LNKTIM_StopTimer
<LI><a href="#[eb]">&gt;&gt;</a>&nbsp;&nbsp;&nbsp;LNKTIM_StartTimer
<LI><a href="#[ea]">&gt;&gt;</a>&nbsp;&nbsp;&nbsp;PHY_Stop
<LI><a href="#[f2]">&gt;&gt;</a>&nbsp;&nbsp;&nbsp;PHY_SetConfig
<LI><a href="#[f7]">&gt;&gt;</a>&nbsp;&nbsp;&nbsp;__aeabi_uidiv
</UL>
<BR>[Called By]<UL><LI><a href="#[14f]">&gt;&gt;</a>&nbsp;&nbsp;&nbsp;TRA_Test
</UL>

<P><STRONG><a name="[105]"></a>NPT_BuildRealtimePacketCallback</STRONG> (Thumb, 60 bytes, Stack size 8 bytes, new port.o(.text.NPT_BuildRealtimePacketCallback))
<BR><BR>[Stack]<UL><LI>Max Depth = 168<LI>Call Chain = NPT_BuildRealtimePacketCallback &rArr; IB_BuildRealtimePacketCallback &rArr; IB2_GetNextSensor &rArr; __aeabi_memcpy
</UL>
<BR>[Calls]<UL><LI><a href="#[e7]">&gt;&gt;</a>&nbsp;&nbsp;&nbsp;IB_BuildRealtimePacketCallback
</UL>
<BR>[Called By]<UL><LI><a href="#[a]">&gt;&gt;</a>&nbsp;&nbsp;&nbsp;SES_BuildRealtimePacketCallback
</UL>

<P><STRONG><a name="[106]"></a>NPT_FailsafeChanged</STRONG> (Thumb, 36 bytes, Stack size 8 bytes, new port.o(.text.NPT_FailsafeChanged))
<BR><BR>[Stack]<UL><LI>Max Depth = 16<LI>Call Chain = NPT_FailsafeChanged &rArr; IB2_FailsafeChanged
</UL>
<BR>[Calls]<UL><LI><a href="#[d9]">&gt;&gt;</a>&nbsp;&nbsp;&nbsp;IB2_FailsafeChanged
</UL>
<BR>[Called By]<UL><LI><a href="#[5]">&gt;&gt;</a>&nbsp;&nbsp;&nbsp;SES_RealtimePacketReceivedCallback
<LI><a href="#[7]">&gt;&gt;</a>&nbsp;&nbsp;&nbsp;SES_CommandReceivedCallback
</UL>

<P><STRONG><a name="[107]"></a>NPT_Init</STRONG> (Thumb, 888 bytes, Stack size 40 bytes, new port.o(.text.NPT_Init))
<BR><BR>[Stack]<UL><LI>Max Depth = 128<LI>Call Chain = NPT_Init &rArr; IB2_HubInit &rArr; NPTTIM_EnableChannel &rArr; __NVIC_SetPriority
</UL>
<BR>[Calls]<UL><LI><a href="#[10b]">&gt;&gt;</a>&nbsp;&nbsp;&nbsp;WS_Init
<LI><a href="#[10a]">&gt;&gt;</a>&nbsp;&nbsp;&nbsp;SB_Init
<LI><a href="#[108]">&gt;&gt;</a>&nbsp;&nbsp;&nbsp;PWM_Init
<LI><a href="#[109]">&gt;&gt;</a>&nbsp;&nbsp;&nbsp;PPM_Init
<LI><a href="#[df]">&gt;&gt;</a>&nbsp;&nbsp;&nbsp;IB2_Init
<LI><a href="#[de]">&gt;&gt;</a>&nbsp;&nbsp;&nbsp;IB2_HubInit
<LI><a href="#[be]">&gt;&gt;</a>&nbsp;&nbsp;&nbsp;IB1_Init
</UL>
<BR>[Called By]<UL><LI><a href="#[163]">&gt;&gt;</a>&nbsp;&nbsp;&nbsp;APP_StartNewPort
<LI><a href="#[154]">&gt;&gt;</a>&nbsp;&nbsp;&nbsp;APP_Background
</UL>

<P><STRONG><a name="[10c]"></a>NPT_MsIRQHandler</STRONG> (Thumb, 20 bytes, Stack size 8 bytes, new port.o(.text.NPT_MsIRQHandler))
<BR><BR>[Stack]<UL><LI>Max Depth = 40<LI>Call Chain = NPT_MsIRQHandler &rArr; WS_MsIRQHandler &rArr; SYS_QueueLowPriorityIRQCallback &rArr; SYS_TriggerLowPriorityCallback
</UL>
<BR>[Calls]<UL><LI><a href="#[10d]">&gt;&gt;</a>&nbsp;&nbsp;&nbsp;WS_MsIRQHandler
</UL>
<BR>[Called By]<UL><LI><a href="#[28]">&gt;&gt;</a>&nbsp;&nbsp;&nbsp;TIM6_IRQHandler
</UL>

<P><STRONG><a name="[10e]"></a>NPT_SetChannels</STRONG> (Thumb, 180 bytes, Stack size 24 bytes, new port.o(.text.NPT_SetChannels))
<BR><BR>[Stack]<UL><LI>Max Depth = 160<LI>Call Chain = NPT_SetChannels &rArr; IB2_SetChannels &rArr; NPT_GetInternalSensor &rArr; __ARM_common_switch8
</UL>
<BR>[Calls]<UL><LI><a href="#[111]">&gt;&gt;</a>&nbsp;&nbsp;&nbsp;SB_SetChannels
<LI><a href="#[10f]">&gt;&gt;</a>&nbsp;&nbsp;&nbsp;PWM_SetChannels
<LI><a href="#[110]">&gt;&gt;</a>&nbsp;&nbsp;&nbsp;PPM_SetChannels
<LI><a href="#[e1]">&gt;&gt;</a>&nbsp;&nbsp;&nbsp;IB2_SetChannels
<LI><a href="#[c8]">&gt;&gt;</a>&nbsp;&nbsp;&nbsp;IB1_SetChannels
</UL>
<BR>[Called By]<UL><LI><a href="#[9]">&gt;&gt;</a>&nbsp;&nbsp;&nbsp;SES_SetChannelsCallback
<LI><a href="#[b5]">&gt;&gt;</a>&nbsp;&nbsp;&nbsp;IB1D_ServoOutCallback
<LI><a href="#[82]">&gt;&gt;</a>&nbsp;&nbsp;&nbsp;IB2D_SetChannelsCallback
</UL>

<P><STRONG><a name="[112]"></a>NPT_SetPWMFrequencies</STRONG> (Thumb, 20 bytes, Stack size 8 bytes, new port.o(.text.NPT_SetPWMFrequencies))
<BR><BR>[Stack]<UL><LI>Max Depth = 32<LI>Call Chain = NPT_SetPWMFrequencies &rArr; PWM_SetFrequencies
</UL>
<BR>[Calls]<UL><LI><a href="#[113]">&gt;&gt;</a>&nbsp;&nbsp;&nbsp;PWM_SetFrequencies
</UL>
<BR>[Called By]<UL><LI><a href="#[5]">&gt;&gt;</a>&nbsp;&nbsp;&nbsp;SES_RealtimePacketReceivedCallback
<LI><a href="#[7]">&gt;&gt;</a>&nbsp;&nbsp;&nbsp;SES_CommandReceivedCallback
<LI><a href="#[7b]">&gt;&gt;</a>&nbsp;&nbsp;&nbsp;PWMA_CallPWMSetFrequency
</UL>

<P><STRONG><a name="[114]"></a>NPT_SetWSUSARTConfig</STRONG> (Thumb, 8 bytes, Stack size 8 bytes, new port.o(.text.NPT_SetWSUSARTConfig))
<BR><BR>[Stack]<UL><LI>Max Depth = 80<LI>Call Chain = NPT_SetWSUSARTConfig &rArr; WS_SetUSARTConfig &rArr; WS_Init &rArr; USART_NPT_ReceiveSetup
</UL>
<BR>[Calls]<UL><LI><a href="#[115]">&gt;&gt;</a>&nbsp;&nbsp;&nbsp;WS_SetUSARTConfig
</UL>
<BR>[Called By]<UL><LI><a href="#[7]">&gt;&gt;</a>&nbsp;&nbsp;&nbsp;SES_CommandReceivedCallback
</UL>

<P><STRONG><a name="[116]"></a>NPT_StartDeinit</STRONG> (Thumb, 84 bytes, Stack size 8 bytes, new port.o(.text.NPT_StartDeinit))
<BR><BR>[Stack]<UL><LI>Max Depth = 32<LI>Call Chain = NPT_StartDeinit &rArr; WS_Deinit &rArr; USART_NPT_Deinit
</UL>
<BR>[Calls]<UL><LI><a href="#[117]">&gt;&gt;</a>&nbsp;&nbsp;&nbsp;WS_Deinit
<LI><a href="#[118]">&gt;&gt;</a>&nbsp;&nbsp;&nbsp;SB_StartDeinit
<LI><a href="#[11c]">&gt;&gt;</a>&nbsp;&nbsp;&nbsp;PWM_StartDeinit
<LI><a href="#[11b]">&gt;&gt;</a>&nbsp;&nbsp;&nbsp;PPM_StartDeinit
<LI><a href="#[119]">&gt;&gt;</a>&nbsp;&nbsp;&nbsp;IB2_StartDeinit
<LI><a href="#[11a]">&gt;&gt;</a>&nbsp;&nbsp;&nbsp;IB1_StartDeinit
</UL>
<BR>[Called By]<UL><LI><a href="#[5]">&gt;&gt;</a>&nbsp;&nbsp;&nbsp;SES_RealtimePacketReceivedCallback
<LI><a href="#[7]">&gt;&gt;</a>&nbsp;&nbsp;&nbsp;SES_CommandReceivedCallback
</UL>

<P><STRONG><a name="[11d]"></a>NPT_WSDataReceivedCallback</STRONG> (Thumb, 24 bytes, Stack size 8 bytes, new port.o(.text.NPT_WSDataReceivedCallback))
<BR><BR>[Stack]<UL><LI>Max Depth = 56<LI>Call Chain = NPT_WSDataReceivedCallback &rArr; WS_SendData &rArr; SYS_QueueLowPriorityIRQCallback &rArr; SYS_TriggerLowPriorityCallback
</UL>
<BR>[Calls]<UL><LI><a href="#[11e]">&gt;&gt;</a>&nbsp;&nbsp;&nbsp;WS_SendData
</UL>
<BR>[Called By]<UL><LI><a href="#[6]">&gt;&gt;</a>&nbsp;&nbsp;&nbsp;SES_WSDataReceivedCallback
</UL>

<P><STRONG><a name="[f6]"></a>PHY_GetInstantRSSI</STRONG> (Thumb, 60 bytes, Stack size 24 bytes, phy sx1280.o(.text.PHY_GetInstantRSSI))
<BR><BR>[Stack]<UL><LI>Max Depth = 36<LI>Call Chain = PHY_GetInstantRSSI &rArr; SPI_TransferWait
</UL>
<BR>[Calls]<UL><LI><a href="#[11f]">&gt;&gt;</a>&nbsp;&nbsp;&nbsp;SPI_TransferWait
</UL>
<BR>[Called By]<UL><LI><a href="#[52]">&gt;&gt;</a>&nbsp;&nbsp;&nbsp;LNK_FactoryMeasureRSSICallback
</UL>

<P><STRONG><a name="[101]"></a>PHY_GetLastRXConditions</STRONG> (Thumb, 28 bytes, Stack size 8 bytes, phy sx1280.o(.text.PHY_GetLastRXConditions))
<BR><BR>[Stack]<UL><LI>Max Depth = 8<LI>Call Chain = PHY_GetLastRXConditions
</UL>
<BR>[Calls]<UL><LI><a href="#[db]">&gt;&gt;</a>&nbsp;&nbsp;&nbsp;SYS_EnableIRQs
<LI><a href="#[da]">&gt;&gt;</a>&nbsp;&nbsp;&nbsp;SYS_DisableIRQs
</UL>
<BR>[Called By]<UL><LI><a href="#[5a]">&gt;&gt;</a>&nbsp;&nbsp;&nbsp;LNK_ProcessRXPacketRunCallback
</UL>

<P><STRONG><a name="[f9]"></a>PHY_Init</STRONG> (Thumb, 128 bytes, Stack size 24 bytes, phy sx1280.o(.text.PHY_Init))
<BR><BR>[Stack]<UL><LI>Max Depth = 36<LI>Call Chain = PHY_Init &rArr; SPI_TransferWait
</UL>
<BR>[Calls]<UL><LI><a href="#[120]">&gt;&gt;</a>&nbsp;&nbsp;&nbsp;PHY_SX1280_SetResetPin
<LI><a href="#[122]">&gt;&gt;</a>&nbsp;&nbsp;&nbsp;PHY_SX1280_IsBusy
<LI><a href="#[11f]">&gt;&gt;</a>&nbsp;&nbsp;&nbsp;SPI_TransferWait
<LI><a href="#[121]">&gt;&gt;</a>&nbsp;&nbsp;&nbsp;SYS_DelayUs
</UL>
<BR>[Called By]<UL><LI><a href="#[f8]">&gt;&gt;</a>&nbsp;&nbsp;&nbsp;LNK_Init
</UL>

<P><STRONG><a name="[ef]"></a>PHY_RX</STRONG> (Thumb, 348 bytes, Stack size 32 bytes, phy sx1280.o(.text.PHY_RX))
<BR><BR>[Stack]<UL><LI>Max Depth = 60<LI>Call Chain = PHY_RX &rArr; PHY_SX1280_ContinueResetAndInit &rArr; SPI_Transfer
</UL>
<BR>[Calls]<UL><LI><a href="#[120]">&gt;&gt;</a>&nbsp;&nbsp;&nbsp;PHY_SX1280_SetResetPin
<LI><a href="#[122]">&gt;&gt;</a>&nbsp;&nbsp;&nbsp;PHY_SX1280_IsBusy
<LI><a href="#[ec]">&gt;&gt;</a>&nbsp;&nbsp;&nbsp;LNKTIM_SetNextCompareIRQTime
<LI><a href="#[11f]">&gt;&gt;</a>&nbsp;&nbsp;&nbsp;SPI_TransferWait
<LI><a href="#[124]">&gt;&gt;</a>&nbsp;&nbsp;&nbsp;SPI_Transfer
<LI><a href="#[123]">&gt;&gt;</a>&nbsp;&nbsp;&nbsp;PHY_SX1280_ContinueResetAndInit
<LI><a href="#[a1]">&gt;&gt;</a>&nbsp;&nbsp;&nbsp;__aeabi_memcpy
</UL>
<BR>[Called By]<UL><LI><a href="#[58]">&gt;&gt;</a>&nbsp;&nbsp;&nbsp;LNKTIM_TimerCompareIRQHandler
</UL>

<P><STRONG><a name="[fd]"></a>PHY_ResumeRX</STRONG> (Thumb, 60 bytes, Stack size 8 bytes, phy sx1280.o(.text.PHY_ResumeRX))
<BR><BR>[Stack]<UL><LI>Max Depth = 20<LI>Call Chain = PHY_ResumeRX &rArr; SPI_Transfer
</UL>
<BR>[Calls]<UL><LI><a href="#[126]">&gt;&gt;</a>&nbsp;&nbsp;&nbsp;PHY_SetPAMode
<LI><a href="#[124]">&gt;&gt;</a>&nbsp;&nbsp;&nbsp;SPI_Transfer
</UL>
<BR>[Called By]<UL><LI><a href="#[50]">&gt;&gt;</a>&nbsp;&nbsp;&nbsp;LNK_PacketReceivedCallbackRun
<LI><a href="#[54]">&gt;&gt;</a>&nbsp;&nbsp;&nbsp;LNK_PacketReceivedCallbackBind
</UL>

<P><STRONG><a name="[127]"></a>PHY_SX1280_DIO1IRQHandler</STRONG> (Thumb, 72 bytes, Stack size 8 bytes, phy sx1280.o(.text.PHY_SX1280_DIO1IRQHandler))
<BR><BR>[Stack]<UL><LI>Max Depth = 20<LI>Call Chain = PHY_SX1280_DIO1IRQHandler &rArr; SPI_Transfer
</UL>
<BR>[Calls]<UL><LI><a href="#[126]">&gt;&gt;</a>&nbsp;&nbsp;&nbsp;PHY_SetPAMode
<LI><a href="#[128]">&gt;&gt;</a>&nbsp;&nbsp;&nbsp;LNKTIM_SetTimeMarker
<LI><a href="#[124]">&gt;&gt;</a>&nbsp;&nbsp;&nbsp;SPI_Transfer
</UL>
<BR>[Called By]<UL><LI><a href="#[20]">&gt;&gt;</a>&nbsp;&nbsp;&nbsp;EXTI4_15_IRQHandler
</UL>

<P><STRONG><a name="[f2]"></a>PHY_SetConfig</STRONG> (Thumb, 416 bytes, Stack size 32 bytes, phy sx1280.o(.text.PHY_SetConfig))
<BR><BR>[Stack]<UL><LI>Max Depth = 64<LI>Call Chain = PHY_SetConfig &rArr; PHY_SetConfigCalcTXRXTime
</UL>
<BR>[Calls]<UL><LI><a href="#[11f]">&gt;&gt;</a>&nbsp;&nbsp;&nbsp;SPI_TransferWait
<LI><a href="#[12a]">&gt;&gt;</a>&nbsp;&nbsp;&nbsp;PHY_SetConfigCalcTXRXTime
<LI><a href="#[f7]">&gt;&gt;</a>&nbsp;&nbsp;&nbsp;__aeabi_uidiv
</UL>
<BR>[Called By]<UL><LI><a href="#[104]">&gt;&gt;</a>&nbsp;&nbsp;&nbsp;LNK_Test
<LI><a href="#[102]">&gt;&gt;</a>&nbsp;&nbsp;&nbsp;LNK_Run
<LI><a href="#[f5]">&gt;&gt;</a>&nbsp;&nbsp;&nbsp;LNK_Factory
<LI><a href="#[f0]">&gt;&gt;</a>&nbsp;&nbsp;&nbsp;LNK_Bind
</UL>

<P><STRONG><a name="[ea]"></a>PHY_Stop</STRONG> (Thumb, 72 bytes, Stack size 16 bytes, phy sx1280.o(.text.PHY_Stop))
<BR><BR>[Stack]<UL><LI>Max Depth = 28<LI>Call Chain = PHY_Stop &rArr; SPI_Transfer
</UL>
<BR>[Calls]<UL><LI><a href="#[126]">&gt;&gt;</a>&nbsp;&nbsp;&nbsp;PHY_SetPAMode
<LI><a href="#[124]">&gt;&gt;</a>&nbsp;&nbsp;&nbsp;SPI_Transfer
<LI><a href="#[db]">&gt;&gt;</a>&nbsp;&nbsp;&nbsp;SYS_EnableIRQs
<LI><a href="#[da]">&gt;&gt;</a>&nbsp;&nbsp;&nbsp;SYS_DisableIRQs
</UL>
<BR>[Called By]<UL><LI><a href="#[104]">&gt;&gt;</a>&nbsp;&nbsp;&nbsp;LNK_Test
<LI><a href="#[103]">&gt;&gt;</a>&nbsp;&nbsp;&nbsp;LNK_Stop
<LI><a href="#[102]">&gt;&gt;</a>&nbsp;&nbsp;&nbsp;LNK_Run
<LI><a href="#[f4]">&gt;&gt;</a>&nbsp;&nbsp;&nbsp;LNK_Idle
<LI><a href="#[f5]">&gt;&gt;</a>&nbsp;&nbsp;&nbsp;LNK_Factory
<LI><a href="#[f0]">&gt;&gt;</a>&nbsp;&nbsp;&nbsp;LNK_Bind
<LI><a href="#[59]">&gt;&gt;</a>&nbsp;&nbsp;&nbsp;LNK_ProcessRXPacketBindCallback
<LI><a href="#[50]">&gt;&gt;</a>&nbsp;&nbsp;&nbsp;LNK_PacketReceivedCallbackRun
<LI><a href="#[4c]">&gt;&gt;</a>&nbsp;&nbsp;&nbsp;LNK_PacketReceivedCallbackFactory
<LI><a href="#[54]">&gt;&gt;</a>&nbsp;&nbsp;&nbsp;LNK_PacketReceivedCallbackBind
<LI><a href="#[51]">&gt;&gt;</a>&nbsp;&nbsp;&nbsp;LNK_CallSuccessfullyBound
<LI><a href="#[58]">&gt;&gt;</a>&nbsp;&nbsp;&nbsp;LNKTIM_TimerCompareIRQHandler
</UL>

<P><STRONG><a name="[ee]"></a>PHY_TX</STRONG> (Thumb, 532 bytes, Stack size 32 bytes, phy sx1280.o(.text.PHY_TX))
<BR><BR>[Stack]<UL><LI>Max Depth = 60<LI>Call Chain = PHY_TX &rArr; PHY_SX1280_ContinueResetAndInit &rArr; SPI_Transfer
</UL>
<BR>[Calls]<UL><LI><a href="#[129]">&gt;&gt;</a>&nbsp;&nbsp;&nbsp;SYS_CalcCRC32Table
<LI><a href="#[120]">&gt;&gt;</a>&nbsp;&nbsp;&nbsp;PHY_SX1280_SetResetPin
<LI><a href="#[122]">&gt;&gt;</a>&nbsp;&nbsp;&nbsp;PHY_SX1280_IsBusy
<LI><a href="#[ec]">&gt;&gt;</a>&nbsp;&nbsp;&nbsp;LNKTIM_SetNextCompareIRQTime
[...]
<LI><a href="#[a5]">&gt;&gt;</a>&nbsp;&nbsp;&nbsp;__aeabi_memclr
</UL>
<BR>[Address Reference Count : 1]<UL><LI> i-bus 2 device library.o(.text.IB2D_ReceiveCommandCallback)
</UL>
<P><STRONG><a name="[3e]"></a>IB2D_RestartChannelsReceptionCallback</STRONG> (Thumb, 44 bytes, Stack size 8 bytes, i-bus 2 device library.o(.text.IB2D_RestartChannelsReceptionCallback))
<BR><BR>[Stack]<UL><LI>Max Depth = 8<LI>Call Chain = IB2D_RestartChannelsReceptionCallback
</UL>
<BR>[Address Reference Count : 1]<UL><LI> i-bus 2 device library.o(.text.IB2DTIM_TimerIRQHandler)
</UL>
<P><STRONG><a name="[bb]"></a>IB1_BuildNextCommand</STRONG> (Thumb, 524 bytes, Stack size 24 bytes, npt i-bus 1.o(.text.IB1_BuildNextCommand))
<BR><BR>[Stack]<UL><LI>Max Depth = 36<LI>Call Chain = IB1_BuildNextCommand &rArr; SYS_CalcChecksum16
</UL>
<BR>[Calls]<UL><LI><a href="#[bc]">&gt;&gt;</a>&nbsp;&nbsp;&nbsp;SYS_CalcChecksum16
</UL>
<BR>[Called By]<UL><LI><a href="#[3d]">&gt;&gt;</a>&nbsp;&nbsp;&nbsp;IB1_TimerCompareCallback
</UL>

<P><STRONG><a name="[c0]"></a>IB1_ProcessLastResponse</STRONG> (Thumb, 740 bytes, Stack size 40 bytes, npt i-bus 1.o(.text.IB1_ProcessLastResponse))
<BR><BR>[Stack]<UL><LI>Max Depth = 184<LI>Call Chain = IB1_ProcessLastResponse &rArr; IB1_GetParamResponse &rArr; SES_SendResponse &rArr; TRA_SendWSData &rArr; SYS_QueueLowPriorityIRQCallback &rArr; SYS_TriggerLowPriorityCallback
</UL>
<BR>[Calls]<UL><LI><a href="#[c4]">&gt;&gt;</a>&nbsp;&nbsp;&nbsp;IB1_SetParamResponse
<LI><a href="#[c3]">&gt;&gt;</a>&nbsp;&nbsp;&nbsp;IB1_GetParamResponse
<LI><a href="#[c1]">&gt;&gt;</a>&nbsp;&nbsp;&nbsp;USART_NPT_GetNbReceivedBytes
<LI><a href="#[bc]">&gt;&gt;</a>&nbsp;&nbsp;&nbsp;SYS_CalcChecksum16
<LI><a href="#[c2]">&gt;&gt;</a>&nbsp;&nbsp;&nbsp;IB_ResetSensors
<LI><a href="#[a1]">&gt;&gt;</a>&nbsp;&nbsp;&nbsp;__aeabi_memcpy
</UL>
<BR>[Called By]<UL><LI><a href="#[3d]">&gt;&gt;</a>&nbsp;&nbsp;&nbsp;IB1_TimerCompareCallback
</UL>

<P><STRONG><a name="[38]"></a>IB1_ReceiveSensorCallback</STRONG> (Thumb, 44 bytes, Stack size 24 bytes, npt i-bus 1.o(.text.IB1_ReceiveSensorCallback))
<BR><BR>[Stack]<UL><LI>Max Depth = 64<LI>Call Chain = IB1_ReceiveSensorCallback &rArr; USART_NPT_ReceiveSetup
</UL>
<BR>[Calls]<UL><LI><a href="#[c6]">&gt;&gt;</a>&nbsp;&nbsp;&nbsp;USART_NPT_ReceiveStart
<LI><a href="#[c5]">&gt;&gt;</a>&nbsp;&nbsp;&nbsp;USART_NPT_ReceiveSetup
</UL>
<BR>[Address Reference Count : 1]<UL><LI> npt i-bus 1.o(.text.IB1_ReceiveSensorIRQHandler)
</UL>
<P><STRONG><a name="[3c]"></a>IB1_ReceiveSensorIRQHandler</STRONG> (Thumb, 16 bytes, Stack size 8 bytes, npt i-bus 1.o(.text.IB1_ReceiveSensorIRQHandler))
<BR><BR>[Stack]<UL><LI>Max Depth = 32<LI>Call Chain = IB1_ReceiveSensorIRQHandler &rArr; SYS_QueueMediumPriorityIRQCallback &rArr; SYS_TriggerMediumPriorityCallback
</UL>
<BR>[Calls]<UL><LI><a href="#[c7]">&gt;&gt;</a>&nbsp;&nbsp;&nbsp;SYS_QueueMediumPriorityIRQCallback
</UL>
<BR>[Address Reference Count : 1]<UL><LI> npt i-bus 1.o(.text.IB1_TimerCompareCallback)
</UL>
<P><STRONG><a name="[39]"></a>IB1_ReceiveServoCallback</STRONG> (Thumb, 44 bytes, Stack size 24 bytes, npt i-bus 1.o(.text.IB1_ReceiveServoCallback))
<BR><BR>[Stack]<UL><LI>Max Depth = 64<LI>Call Chain = IB1_ReceiveServoCallback &rArr; USART_NPT_ReceiveSetup
</UL>
<BR>[Calls]<UL><LI><a href="#[c6]">&gt;&gt;</a>&nbsp;&nbsp;&nbsp;USART_NPT_ReceiveStart
<LI><a href="#[c5]">&gt;&gt;</a>&nbsp;&nbsp;&nbsp;USART_NPT_ReceiveSetup
</UL>
<BR>[Address Reference Count : 1]<UL><LI> npt i-bus 1.o(.text.IB1_ReceiveServoIRQHandler)
</UL>
<P><STRONG><a name="[3b]"></a>IB1_ReceiveServoIRQHandler</STRONG> (Thumb, 16 bytes, Stack size 8 bytes, npt i-bus 1.o(.text.IB1_ReceiveServoIRQHandler))
<BR><BR>[Stack]<UL><LI>Max Depth = 32<LI>Call Chain = IB1_ReceiveServoIRQHandler &rArr; SYS_QueueMediumPriorityIRQCallback &rArr; SYS_TriggerMediumPriorityCallback
</UL>
<BR>[Calls]<UL><LI><a href="#[c7]">&gt;&gt;</a>&nbsp;&nbsp;&nbsp;SYS_QueueMediumPriorityIRQCallback
</UL>
<BR>[Address Reference Count : 1]<UL><LI> npt i-bus 1.o(.text.IB1_TimerCompareCallback)
</UL>
<P><STRONG><a name="[3d]"></a>IB1_TimerCompareCallback</STRONG> (Thumb, 336 bytes, Stack size 24 bytes, npt i-bus 1.o(.text.IB1_TimerCompareCallback))
<BR><BR>[Stack]<UL><LI>Max Depth = 208<LI>Call Chain = IB1_TimerCompareCallback &rArr; IB1_ProcessLastResponse &rArr; IB1_GetParamResponse &rArr; SES_SendResponse &rArr; TRA_SendWSData &rArr; SYS_QueueLowPriorityIRQCallback &rArr; SYS_TriggerLowPriorityCallback
</UL>
<BR>[Calls]<UL><LI><a href="#[d2]">&gt;&gt;</a>&nbsp;&nbsp;&nbsp;LNKTIM_GetCounter
<LI><a href="#[ce]">&gt;&gt;</a>&nbsp;&nbsp;&nbsp;USART_NPT_Deinit
<LI><a href="#[d1]">&gt;&gt;</a>&nbsp;&nbsp;&nbsp;USART_NPT_TransmitStart
<LI><a href="#[d0]">&gt;&gt;</a>&nbsp;&nbsp;&nbsp;USART_NPT_TransmitSetup
<LI><a href="#[cf]">&gt;&gt;</a>&nbsp;&nbsp;&nbsp;NPTTIM_SetNextCompareIRQTime
<LI><a href="#[cd]">&gt;&gt;</a>&nbsp;&nbsp;&nbsp;NPTTIM_DisableChannel
<LI><a href="#[c0]">&gt;&gt;</a>&nbsp;&nbsp;&nbsp;IB1_ProcessLastResponse
<LI><a href="#[bb]">&gt;&gt;</a>&nbsp;&nbsp;&nbsp;IB1_BuildNextCommand
</UL>
<BR>[Address Reference Count : 1]<UL><LI> npt i-bus 1.o(.text.IB1_TimerCompareIRQHandler)
</UL>
<P><STRONG><a name="[3a]"></a>IB1_TimerCompareIRQHandler</STRONG> (Thumb, 16 bytes, Stack size 8 bytes, npt i-bus 1.o(.text.IB1_TimerCompareIRQHandler))
<BR><BR>[Stack]<UL><LI>Max Depth = 32<LI>Call Chain = IB1_TimerCompareIRQHandler &rArr; SYS_QueueMediumPriorityIRQCallbackLast &rArr; SYS_TriggerMediumPriorityCallback
</UL>
<BR>[Calls]<UL><LI><a href="#[d3]">&gt;&gt;</a>&nbsp;&nbsp;&nbsp;SYS_QueueMediumPriorityIRQCallbackLast
</UL>
<BR>[Address Reference Count : 1]<UL><LI> npt i-bus 1.o(.text.IB1_SetChannels)
</UL>
<P><STRONG><a name="[46]"></a>IB2_CallGetParamResponseCallback</STRONG> (Thumb, 28 bytes, Stack size 8 bytes, npt i-bus 2.o(.text.IB2_CallGetParamResponseCallback))
<BR><BR>[Stack]<UL><LI>Max Depth = 136<LI>Call Chain = IB2_CallGetParamResponseCallback &rArr; IB2_GetParamResponse &rArr; SES_SendResponse &rArr; TRA_SendWSData &rArr; SYS_QueueLowPriorityIRQCallback &rArr; SYS_TriggerLowPriorityCallback
</UL>
<BR>[Calls]<UL><LI><a href="#[d7]">&gt;&gt;</a>&nbsp;&nbsp;&nbsp;IB2_GetParamResponse
</UL>
<BR>[Address Reference Count : 1]<UL><LI> npt i-bus 2.o(.text.IB2_ProcessLastResponseCallback)
</UL>
<P><STRONG><a name="[45]"></a>IB2_CallSetParamResponseCallback</STRONG> (Thumb, 24 bytes, Stack size 8 bytes, npt i-bus 2.o(.text.IB2_CallSetParamResponseCallback))
<BR><BR>[Stack]<UL><LI>Max Depth = 128<LI>Call Chain = IB2_CallSetParamResponseCallback &rArr; IB2_SetParamResponse &rArr; SES_SendResponse &rArr; TRA_SendWSData &rArr; SYS_QueueLowPriorityIRQCallback &rArr; SYS_TriggerLowPriorityCallback
</UL>
<BR>[Calls]<UL><LI><a href="#[d8]">&gt;&gt;</a>&nbsp;&nbsp;&nbsp;IB2_SetParamResponse
</UL>
<BR>[Address Reference Count : 1]<UL><LI> npt i-bus 2.o(.text.IB2_ProcessLastResponseCallback)
</UL>
<P><STRONG><a name="[4b]"></a>IB2_ProcessLastResponseCallback</STRONG> (Thumb, 820 bytes, Stack size 16 bytes, npt i-bus 2.o(.text.IB2_ProcessLastResponseCallback))
<BR><BR>[Stack]<UL><LI>Max Depth = 72<LI>Call Chain = IB2_ProcessLastResponseCallback &rArr; IB2_ReassignValueBuffer
</UL>
<BR>[Calls]<UL><LI><a href="#[d6]">&gt;&gt;</a>&nbsp;&nbsp;&nbsp;SYS_QueueLowPriorityIRQCallback
<LI><a href="#[d5]">&gt;&gt;</a>&nbsp;&nbsp;&nbsp;SYS_CalcCRC8Table
<LI><a href="#[c1]">&gt;&gt;</a>&nbsp;&nbsp;&nbsp;USART_NPT_GetNbReceivedBytes
<LI><a href="#[e0]">&gt;&gt;</a>&nbsp;&nbsp;&nbsp;IB2_ReassignValueBuffer
<LI><a href="#[c2]">&gt;&gt;</a>&nbsp;&nbsp;&nbsp;IB_ResetSensors
<LI><a href="#[a1]">&gt;&gt;</a>&nbsp;&nbsp;&nbsp;__aeabi_memcpy
</UL>
<BR>[Address Reference Count : 1]<UL><LI> npt i-bus 2.o(.text.IB2_TimerCompareIRQHandler)
</UL>
<P><STRONG><a name="[e0]"></a>IB2_ReassignValueBuffer</STRONG> (Thumb, 500 bytes, Stack size 56 bytes, npt i-bus 2.o(.text.IB2_ReassignValueBuffer))
<BR><BR>[Stack]<UL><LI>Max Depth = 56<LI>Call Chain = IB2_ReassignValueBuffer
</UL>
<BR>[Called By]<UL><LI><a href="#[4b]">&gt;&gt;</a>&nbsp;&nbsp;&nbsp;IB2_ProcessLastResponseCallback
</UL>

<P><STRONG><a name="[48]"></a>IB2_SendChannelsCallback</STRONG> (Thumb, 112 bytes, Stack size 24 bytes, npt i-bus 2.o(.text.IB2_SendChannelsCallback))
<BR><BR>[Stack]<UL><LI>Max Depth = 64<LI>Call Chain = IB2_SendChannelsCallback &rArr; USART_NPT_TransmitSetup
</UL>
<BR>[Calls]<UL><LI><a href="#[d0]">&gt;&gt;</a>&nbsp;&nbsp;&nbsp;USART_NPT_TransmitSetup
</UL>
<BR>[Address Reference Count : 1]<UL><LI> npt i-bus 2.o(.text.IB2_SendChannelsIRQHandler)
</UL>
<P><STRONG><a name="[4a]"></a>IB2_SendChannelsIRQHandler</STRONG> (Thumb, 56 bytes, Stack size 8 bytes, npt i-bus 2.o(.text.IB2_SendChannelsIRQHandler))
<BR><BR>[Stack]<UL><LI>Max Depth = 72<LI>Call Chain = IB2_SendChannelsIRQHandler &rArr; NPTTIM_SetNextCompareIRQTimeFromNow &rArr; NPTTIM_SetNextCompareIRQTimeInternal &rArr; __ARM_common_switch8
</UL>
<BR>[Calls]<UL><LI><a href="#[c7]">&gt;&gt;</a>&nbsp;&nbsp;&nbsp;SYS_QueueMediumPriorityIRQCallback
<LI><a href="#[ca]">&gt;&gt;</a>&nbsp;&nbsp;&nbsp;NPTTIM_SetNextCompareIRQTimeFromNow
</UL>
<BR>[Address Reference Count : 1]<UL><LI> npt i-bus 2.o(.text.IB2_SetChannels)
</UL>
<P><STRONG><a name="[49]"></a>IB2_SendCommandCallback</STRONG> (Thumb, 60 bytes, Stack size 16 bytes, npt i-bus 2.o(.text.IB2_SendCommandCallback))
<BR><BR>[Stack]<UL><LI>Max Depth = 56<LI>Call Chain = IB2_SendCommandCallback &rArr; USART_NPT_ReceiveSetup
</UL>
<BR>[Calls]<UL><LI><a href="#[c5]">&gt;&gt;</a>&nbsp;&nbsp;&nbsp;USART_NPT_ReceiveSetup
</UL>
<BR>[Address Reference Count : 1]<UL><LI> npt i-bus 2.o(.text.IB2_SendCommandIRQHandler)
</UL>
<P><STRONG><a name="[47]"></a>IB2_SendCommandIRQHandler</STRONG> (Thumb, 16 bytes, Stack size 8 bytes, npt i-bus 2.o(.text.IB2_SendCommandIRQHandler))
<BR><BR>[Stack]<UL><LI>Max Depth = 32<LI>Call Chain = IB2_SendCommandIRQHandler &rArr; SYS_QueueMediumPriorityIRQCallback &rArr; SYS_TriggerMediumPriorityCallback
</UL>
<BR>[Calls]<UL><LI><a href="#[c7]">&gt;&gt;</a>&nbsp;&nbsp;&nbsp;SYS_QueueMediumPriorityIRQCallback
</UL>
<BR>[Address Reference Count : 1]<UL><LI> npt i-bus 2.o(.text.IB2_SendChannelsCallback)
</UL>
<P><STRONG><a name="[44]"></a>IB2_TimerCompareIRQHandler</STRONG> (Thumb, 352 bytes, Stack size 16 bytes, npt i-bus 2.o(.text.IB2_TimerCompareIRQHandler))
<BR><BR>[Stack]<UL><LI>Max Depth = 56<LI>Call Chain = IB2_TimerCompareIRQHandler &rArr; NPTTIM_SetNextCompareIRQTime &rArr; NPTTIM_SetNextCompareIRQTimeInternal &rArr; __ARM_common_switch8
</UL>
<BR>[Calls]<UL><LI><a href="#[c7]">&gt;&gt;</a>&nbsp;&nbsp;&nbsp;SYS_QueueMediumPriorityIRQCallback
<LI><a href="#[d1]">&gt;&gt;</a>&nbsp;&nbsp;&nbsp;USART_NPT_TransmitStart
<LI><a href="#[e6]">&gt;&gt;</a>&nbsp;&nbsp;&nbsp;USART_NPT_ReceiveStop
<LI><a href="#[c6]">&gt;&gt;</a>&nbsp;&nbsp;&nbsp;USART_NPT_ReceiveStart
<LI><a href="#[cf]">&gt;&gt;</a>&nbsp;&nbsp;&nbsp;NPTTIM_SetNextCompareIRQTime
<LI><a href="#[e5]">&gt;&gt;</a>&nbsp;&nbsp;&nbsp;NPTTIM_FreezeCompareIRQ
</UL>
<BR>[Address Reference Count : 2]<UL><LI> npt i-bus 2.o(.text.IB2_HubInit)
<LI> npt i-bus 2.o(.text.IB2_Init)
</UL>
<P><STRONG><a name="[75]"></a>LNK_BindCallback</STRONG> (Thumb, 112 bytes, Stack size 8 bytes, tra afhds3.o(.text.LNK_BindCallback))
<BR><BR>[Stack]<UL><LI>Max Depth = 280<LI>Call Chain = LNK_BindCallback &rArr; TRA_Run2 &rArr; LNK_Run &rArr; PHY_SetConfig &rArr; PHY_SetConfigCalcTXRXTime
</UL>
<BR>[Calls]<UL><LI><a href="#[f4]">&gt;&gt;</a>&nbsp;&nbsp;&nbsp;LNK_Idle
<LI><a href="#[f3]">&gt;&gt;</a>&nbsp;&nbsp;&nbsp;TRA_Run2
</UL>
<BR>[Address Reference Count : 1]<UL><LI> tra afhds3.o(.text.TRA_Bind)
</UL>
<P><STRONG><a name="[12]"></a>LNK_BuildTXPacketCallback</STRONG> (Thumb, 940 bytes, Stack size 56 bytes, tra afhds3.o(.text.LNK_BuildTXPacketCallback))
<BR><BR>[Stack]<UL><LI>Max Depth = 80<LI>Call Chain = LNK_BuildTXPacketCallback &rArr; __aeabi_memcpy
</UL>
<BR>[Calls]<UL><LI><a href="#[a1]">&gt;&gt;</a>&nbsp;&nbsp;&nbsp;__aeabi_memcpy
</UL>
<BR>[Address Reference Count : 1]<UL><LI> tra afhds3.o(.data.TRA_LinkRunUp)
</UL>
<P><STRONG><a name="[13]"></a>LNK_HeartbeatCallback</STRONG> (Thumb, 64 bytes, Stack size 8 bytes, tra afhds3.o(.text.LNK_HeartbeatCallback))
<BR><BR>[Stack]<UL><LI>Max Depth = 52<LI>Call Chain = LNK_HeartbeatCallback &rArr; LNK_Idle &rArr; PHY_Stop &rArr; SPI_Transfer
</UL>
<BR>[Calls]<UL><LI><a href="#[f4]">&gt;&gt;</a>&nbsp;&nbsp;&nbsp;LNK_Idle
</UL>
<BR>[Address Reference Count : 1]<UL><LI> tra afhds3.o(.data.TRA_LinkRunUp)
</UL>
<P><STRONG><a name="[11]"></a>LNK_PacketReceivedCallback</STRONG> (Thumb, 644 bytes, Stack size 40 bytes, tra afhds3.o(.text.LNK_PacketReceivedCallback))
<BR><BR>[Stack]<UL><LI>Max Depth = 84<LI>Call Chain = LNK_PacketReceivedCallback &rArr; LNK_Idle &rArr; PHY_Stop &rArr; SPI_Transfer
</UL>
<BR>[Calls]<UL><LI><a href="#[f4]">&gt;&gt;</a>&nbsp;&nbsp;&nbsp;LNK_Idle
<LI><a href="#[a1]">&gt;&gt;</a>&nbsp;&nbsp;&nbsp;__aeabi_memcpy
<LI><a href="#[fb]">&gt;&gt;</a>&nbsp;&nbsp;&nbsp;LNK_PacketReceivedCallbackStoreWSStatus
</UL>
<BR>[Address Reference Count : 1]<UL><LI> tra afhds3.o(.data.TRA_LinkRunUp)
</UL>
<P><STRONG><a name="[fb]"></a>LNK_PacketReceivedCallbackStoreWSStatus</STRONG> (Thumb, 288 bytes, Stack size 28 bytes, tra afhds3.o(.text.LNK_PacketReceivedCallbackStoreWSStatus))
<BR><BR>[Stack]<UL><LI>Max Depth = 28<LI>Call Chain = LNK_PacketReceivedCallbackStoreWSStatus
</UL>
<BR>[Called By]<UL><LI><a href="#[11]">&gt;&gt;</a>&nbsp;&nbsp;&nbsp;LNK_PacketReceivedCallback
</UL>

<P><STRONG><a name="[f3]"></a>TRA_Run2</STRONG> (Thumb, 232 bytes, Stack size 24 bytes, tra afhds3.o(.text.TRA_Run2))
<BR><BR>[Stack]<UL><LI>Max Depth = 272<LI>Call Chain = TRA_Run2 &rArr; LNK_Run &rArr; PHY_SetConfig &rArr; PHY_SetConfigCalcTXRXTime
</UL>
<BR>[Calls]<UL><LI><a href="#[103]">&gt;&gt;</a>&nbsp;&nbsp;&nbsp;LNK_Stop
<LI><a href="#[102]">&gt;&gt;</a>&nbsp;&nbsp;&nbsp;LNK_Run
<LI><a href="#[f7]">&gt;&gt;</a>&nbsp;&nbsp;&nbsp;__aeabi_uidiv
</UL>
<BR>[Called By]<UL><LI><a href="#[146]">&gt;&gt;</a>&nbsp;&nbsp;&nbsp;TRA_Run
<LI><a href="#[75]">&gt;&gt;</a>&nbsp;&nbsp;&nbsp;LNK_BindCallback
</UL>

<P><STRONG><a name="[76]"></a>TRA_SendWSDataCallback</STRONG> (Thumb, 56 bytes, Stack size 8 bytes, tra afhds3.o(.text.TRA_SendWSDataCallback))
<BR><BR>[Stack]<UL><LI>Max Depth = 64<LI>Call Chain = TRA_SendWSDataCallback &rArr; TRA_SendWSData &rArr; SYS_QueueLowPriorityIRQCallback &rArr; SYS_TriggerLowPriorityCallback
</UL>
<BR>[Calls]<UL><LI><a href="#[148]">&gt;&gt;</a>&nbsp;&nbsp;&nbsp;TRA_SendWSData
</UL>
<BR>[Address Reference Count : 1]<UL><LI> tra afhds3.o(.text.TRA_SendWSData)
</UL>
<P><STRONG><a name="[72]"></a>SB_TimerCompareCallback</STRONG> (Thumb, 260 bytes, Stack size 24 bytes, npt s-bus.o(.text.SB_TimerCompareCallback))
<BR><BR>[Stack]<UL><LI>Max Depth = 64<LI>Call Chain = SB_TimerCompareCallback &rArr; USART_NPT_TransmitSetup
</UL>
<BR>[Calls]<UL><LI><a href="#[ce]">&gt;&gt;</a>&nbsp;&nbsp;&nbsp;USART_NPT_Deinit
<LI><a href="#[d1]">&gt;&gt;</a>&nbsp;&nbsp;&nbsp;USART_NPT_TransmitStart
<LI><a href="#[d0]">&gt;&gt;</a>&nbsp;&nbsp;&nbsp;USART_NPT_TransmitSetup
<LI><a href="#[cf]">&gt;&gt;</a>&nbsp;&nbsp;&nbsp;NPTTIM_SetNextCompareIRQTime
<LI><a href="#[cd]">&gt;&gt;</a>&nbsp;&nbsp;&nbsp;NPTTIM_DisableChannel
<LI><a href="#[a5]">&gt;&gt;</a>&nbsp;&nbsp;&nbsp;__aeabi_memclr
</UL>
<BR>[Address Reference Count : 1]<UL><LI> npt s-bus.o(.text.SB_TimerCompareIRQHandler)
</UL>
<P><STRONG><a name="[71]"></a>SB_TimerCompareIRQHandler</STRONG> (Thumb, 16 bytes, Stack size 8 bytes, npt s-bus.o(.text.SB_TimerCompareIRQHandler))
<BR><BR>[Stack]<UL><LI>Max Depth = 32<LI>Call Chain = SB_TimerCompareIRQHandler &rArr; SYS_QueueMediumPriorityIRQCallbackLast &rArr; SYS_TriggerMediumPriorityCallback
</UL>
<BR>[Calls]<UL><LI><a href="#[d3]">&gt;&gt;</a>&nbsp;&nbsp;&nbsp;SYS_QueueMediumPriorityIRQCallbackLast
</UL>
<BR>[Address Reference Count : 1]<UL><LI> npt s-bus.o(.text.SB_SetChannels)
</UL>
<P><STRONG><a name="[77]"></a>WS_DataReceivedCallback</STRONG> (Thumb, 88 bytes, Stack size 16 bytes, npt ws.o(.text.WS_DataReceivedCallback))
<BR><BR>[Stack]<UL><LI>Max Depth = 144<LI>Call Chain = WS_DataReceivedCallback &rArr; SES_SendWSData &rArr; TRA_SendWSData &rArr; SYS_QueueLowPriorityIRQCallback &rArr; SYS_TriggerLowPriorityCallback
</UL>
<BR>[Calls]<UL><LI><a href="#[c1]">&gt;&gt;</a>&nbsp;&nbsp;&nbsp;USART_NPT_GetNbReceivedBytes
<LI><a href="#[14a]">&gt;&gt;</a>&nbsp;&nbsp;&nbsp;SES_SendWSData
</UL>
<BR>[Address Reference Count : 1]<UL><LI> npt ws.o(.text.WS_MsIRQHandler)
</UL>
<P><STRONG><a name="[78]"></a>WS_TransmitCallback</STRONG> (Thumb, 76 bytes, Stack size 8 bytes, npt ws.o(.text.WS_TransmitCallback))
<BR><BR>[Stack]<UL><LI>Max Depth = 48<LI>Call Chain = WS_TransmitCallback &rArr; USART_NPT_TransmitSetup
</UL>
<BR>[Calls]<UL><LI><a href="#[d1]">&gt;&gt;</a>&nbsp;&nbsp;&nbsp;USART_NPT_TransmitStart
<LI><a href="#[d0]">&gt;&gt;</a>&nbsp;&nbsp;&nbsp;USART_NPT_TransmitSetup
</UL>
<BR>[Address Reference Count : 2]<UL><LI> npt ws.o(.text.WS_SendData)
<LI> npt ws.o(.text.WS_TransmitIRQHandler)
</UL>
<P><STRONG><a name="[79]"></a>WS_TransmitIRQHandler</STRONG> (Thumb, 16 bytes, Stack size 8 bytes, npt ws.o(.text.WS_TransmitIRQHandler))
<BR><BR>[Stack]<UL><LI>Max Depth = 32<LI>Call Chain = WS_TransmitIRQHandler &rArr; SYS_QueueLowPriorityIRQCallback &rArr; SYS_TriggerLowPriorityCallback
</UL>
<BR>[Calls]<UL><LI><a href="#[d6]">&gt;&gt;</a>&nbsp;&nbsp;&nbsp;SYS_QueueLowPriorityIRQCallback
</UL>
<BR>[Address Reference Count : 1]<UL><LI> npt ws.o(.text.WS_TransmitCallback)
</UL>
<P><STRONG><a name="[6e]"></a>PPM_TimerCompareCallback</STRONG> (Thumb, 208 bytes, Stack size 16 bytes, npt ppm.o(.text.PPM_TimerCompareCallback))
<BR><BR>[Stack]<UL><LI>Max Depth = 56<LI>Call Chain = PPM_TimerCompareCallback &rArr; NPTTIM_SetNextCompareIRQTime &rArr; NPTTIM_SetNextCompareIRQTimeInternal &rArr; __ARM_common_switch8
</UL>
<BR>[Calls]<UL><LI><a href="#[cf]">&gt;&gt;</a>&nbsp;&nbsp;&nbsp;NPTTIM_SetNextCompareIRQTime
<LI><a href="#[e5]">&gt;&gt;</a>&nbsp;&nbsp;&nbsp;NPTTIM_FreezeCompareIRQ
</UL>
<BR>[Address Reference Count : 1]<UL><LI> npt ppm.o(.text.PPM_TimerCompareIRQHandler)
</UL>
<P><STRONG><a name="[6d]"></a>PPM_TimerCompareIRQHandler</STRONG> (Thumb, 16 bytes, Stack size 8 bytes, npt ppm.o(.text.PPM_TimerCompareIRQHandler))
<BR><BR>[Stack]<UL><LI>Max Depth = 32<LI>Call Chain = PPM_TimerCompareIRQHandler &rArr; SYS_QueueMediumPriorityIRQCallbackLast &rArr; SYS_TriggerMediumPriorityCallback
</UL>
<BR>[Calls]<UL><LI><a href="#[d3]">&gt;&gt;</a>&nbsp;&nbsp;&nbsp;SYS_QueueMediumPriorityIRQCallbackLast
</UL>
<BR>[Address Reference Count : 1]<UL><LI> npt ppm.o(.text.PPM_Init)
</UL>
<P><STRONG><a name="[70]"></a>PWM_TimerCompareCallback</STRONG> (Thumb, 272 bytes, Stack size 24 bytes, npt pwm.o(.text.PWM_TimerCompareCallback))
<BR><BR>[Stack]<UL><LI>Max Depth = 64<LI>Call Chain = PWM_TimerCompareCallback &rArr; NPTTIM_SetNextCompareIRQTime &rArr; NPTTIM_SetNextCompareIRQTimeInternal &rArr; __ARM_common_switch8
</UL>
<BR>[Calls]<UL><LI><a href="#[cf]">&gt;&gt;</a>&nbsp;&nbsp;&nbsp;NPTTIM_SetNextCompareIRQTime
<LI><a href="#[e5]">&gt;&gt;</a>&nbsp;&nbsp;&nbsp;NPTTIM_FreezeCompareIRQ
</UL>
<BR>[Address Reference Count : 1]<UL><LI> npt pwm.o(.text.PWM_TimerCompareIRQHandler)
</UL>
<P><STRONG><a name="[6f]"></a>PWM_TimerCompareIRQHandler</STRONG> (Thumb, 16 bytes, Stack size 8 bytes, npt pwm.o(.text.PWM_TimerCompareIRQHandler))
<BR><BR>[Stack]<UL><LI>Max Depth = 32<LI>Call Chain = PWM_TimerCompareIRQHandler &rArr; SYS_QueueMediumPriorityIRQCallbackLast &rArr; SYS_TriggerMediumPriorityCallback
</UL>
<BR>[Calls]<UL><LI><a href="#[d3]">&gt;&gt;</a>&nbsp;&nbsp;&nbsp;SYS_QueueMediumPriorityIRQCallbackLast
</UL>
<BR>[Address Reference Count : 1]<UL><LI> npt pwm.o(.text.PWM_Init)
</UL><P>
<H3>
Undefined Global Symbols
</H3>
<P><STRONG><a name="[a9]"></a>_call_atexit_fns</STRONG> (ARM, 0 bytes, Stack size 0 bytes, UNDEFINED)
<BR><BR>[Called By]<UL><LI><a href="#[9c]">&gt;&gt;</a>&nbsp;&nbsp;&nbsp;exit
</UL>
<HR></body></html>
